running egg_info
creating ../../build/go2_control/go2_control.egg-info
writing ../../build/go2_control/go2_control.egg-info/PKG-INFO
writing dependency_links to ../../build/go2_control/go2_control.egg-info/dependency_links.txt
writing entry points to ../../build/go2_control/go2_control.egg-info/entry_points.txt
writing requirements to ../../build/go2_control/go2_control.egg-info/requires.txt
writing top-level names to ../../build/go2_control/go2_control.egg-info/top_level.txt
writing manifest file '../../build/go2_control/go2_control.egg-info/SOURCES.txt'
reading manifest file '../../build/go2_control/go2_control.egg-info/SOURCES.txt'
writing manifest file '../../build/go2_control/go2_control.egg-info/SOURCES.txt'
running build
running build_py
creating /home/irman/3dlidar_ros2_legged_robot_inspection/build/go2_control/build/lib/go2_control
copying go2_control/wasd_controller.py -> /home/irman/3dlidar_ros2_legged_robot_inspection/build/go2_control/build/lib/go2_control
copying go2_control/__init__.py -> /home/irman/3dlidar_ros2_legged_robot_inspection/build/go2_control/build/lib/go2_control
running install
running install_lib
creating /home/irman/3dlidar_ros2_legged_robot_inspection/install/go2_control/lib/python3.11/site-packages/go2_control
copying /home/irman/3dlidar_ros2_legged_robot_inspection/build/go2_control/build/lib/go2_control/wasd_controller.py -> /home/irman/3dlidar_ros2_legged_robot_inspection/install/go2_control/lib/python3.11/site-packages/go2_control
copying /home/irman/3dlidar_ros2_legged_robot_inspection/build/go2_control/build/lib/go2_control/__init__.py -> /home/irman/3dlidar_ros2_legged_robot_inspection/install/go2_control/lib/python3.11/site-packages/go2_control
byte-compiling /home/irman/3dlidar_ros2_legged_robot_inspection/install/go2_control/lib/python3.11/site-packages/go2_control/wasd_controller.py to wasd_controller.cpython-311.pyc
byte-compiling /home/irman/3dlidar_ros2_legged_robot_inspection/install/go2_control/lib/python3.11/site-packages/go2_control/__init__.py to __init__.cpython-311.pyc
running install_data
creating /home/irman/3dlidar_ros2_legged_robot_inspection/install/go2_control/share/ament_index/resource_index/packages
copying resource/go2_control -> /home/irman/3dlidar_ros2_legged_robot_inspection/install/go2_control/share/ament_index/resource_index/packages
copying package.xml -> /home/irman/3dlidar_ros2_legged_robot_inspection/install/go2_control/share/go2_control
creating /home/irman/3dlidar_ros2_legged_robot_inspection/install/go2_control/share/go2_control/launch
copying launch/wasd_control.launch.py -> /home/irman/3dlidar_ros2_legged_robot_inspection/install/go2_control/share/go2_control/launch
running install_egg_info
Copying ../../build/go2_control/go2_control.egg-info to /home/irman/3dlidar_ros2_legged_robot_inspection/install/go2_control/lib/python3.11/site-packages/go2_control-1.0.0-py3.11.egg-info
running install_scripts
Installing wasd_controller script to /home/irman/3dlidar_ros2_legged_robot_inspection/install/go2_control/lib/go2_control
writing list of installed files to '/home/irman/3dlidar_ros2_legged_robot_inspection/build/go2_control/install.log'
