[0.208s] Invoking command in '/home/irman/3dlidar_ros2_legged_robot_inspection/build/champ_teleop': CONDA_PROMPT_MODIFIER=(ros2_env) DEBUGINFOD_URLS=https://debuginfod.ubuntu.com /home/irman/micromamba/envs/ros2_env/bin/cmake --build /home/irman/3dlidar_ros2_legged_robot_inspection/build/champ_teleop -- -j16 -l16
[0.277s] Invoked command in '/home/irman/3dlidar_ros2_legged_robot_inspection/build/champ_teleop' returned '0': CONDA_PROMPT_MODIFIER=(ros2_env) DEBUGINFOD_URLS=https://debuginfod.ubuntu.com /home/irman/micromamba/envs/ros2_env/bin/cmake --build /home/irman/3dlidar_ros2_legged_robot_inspection/build/champ_teleop -- -j16 -l16
[0.278s] Invoking command in '/home/irman/3dlidar_ros2_legged_robot_inspection/build/champ_teleop': CONDA_PROMPT_MODIFIER=(ros2_env) DEBUGINFOD_URLS=https://debuginfod.ubuntu.com /home/irman/micromamba/envs/ros2_env/bin/cmake --install /home/irman/3dlidar_ros2_legged_robot_inspection/build/champ_teleop
[0.316s] -- Install configuration: ""
[0.316s] -- Installing: /home/irman/3dlidar_ros2_legged_robot_inspection/install/champ_teleop/share/champ_teleop/launch
[0.316s] -- Installing: /home/irman/3dlidar_ros2_legged_robot_inspection/install/champ_teleop/share/champ_teleop/launch/teleop.launch.py
[0.316s] -- Installing: /home/irman/3dlidar_ros2_legged_robot_inspection/install/champ_teleop/lib/champ_teleop/champ_teleop.py
[0.317s] -- Installing: /home/irman/3dlidar_ros2_legged_robot_inspection/install/champ_teleop/share/ament_index/resource_index/package_run_dependencies/champ_teleop
[0.317s] -- Installing: /home/irman/3dlidar_ros2_legged_robot_inspection/install/champ_teleop/share/ament_index/resource_index/parent_prefix_path/champ_teleop
[0.317s] -- Installing: /home/irman/3dlidar_ros2_legged_robot_inspection/install/champ_teleop/share/champ_teleop/environment/ament_prefix_path.sh
[0.317s] -- Installing: /home/irman/3dlidar_ros2_legged_robot_inspection/install/champ_teleop/share/champ_teleop/environment/ament_prefix_path.dsv
[0.317s] -- Installing: /home/irman/3dlidar_ros2_legged_robot_inspection/install/champ_teleop/share/champ_teleop/environment/path.sh
[0.318s] -- Installing: /home/irman/3dlidar_ros2_legged_robot_inspection/install/champ_teleop/share/champ_teleop/environment/path.dsv
[0.318s] -- Installing: /home/irman/3dlidar_ros2_legged_robot_inspection/install/champ_teleop/share/champ_teleop/local_setup.bash
[0.318s] -- Installing: /home/irman/3dlidar_ros2_legged_robot_inspection/install/champ_teleop/share/champ_teleop/local_setup.sh
[0.318s] -- Installing: /home/irman/3dlidar_ros2_legged_robot_inspection/install/champ_teleop/share/champ_teleop/local_setup.zsh
[0.318s] -- Installing: /home/irman/3dlidar_ros2_legged_robot_inspection/install/champ_teleop/share/champ_teleop/local_setup.dsv
[0.318s] -- Installing: /home/irman/3dlidar_ros2_legged_robot_inspection/install/champ_teleop/share/champ_teleop/package.dsv
[0.318s] -- Installing: /home/irman/3dlidar_ros2_legged_robot_inspection/install/champ_teleop/share/ament_index/resource_index/packages/champ_teleop
[0.318s] -- Installing: /home/irman/3dlidar_ros2_legged_robot_inspection/install/champ_teleop/share/champ_teleop/cmake/champ_teleopConfig.cmake
[0.318s] -- Installing: /home/irman/3dlidar_ros2_legged_robot_inspection/install/champ_teleop/share/champ_teleop/cmake/champ_teleopConfig-version.cmake
[0.318s] -- Installing: /home/irman/3dlidar_ros2_legged_robot_inspection/install/champ_teleop/share/champ_teleop/package.xml
[0.319s] Invoked command in '/home/irman/3dlidar_ros2_legged_robot_inspection/build/champ_teleop' returned '0': CONDA_PROMPT_MODIFIER=(ros2_env) DEBUGINFOD_URLS=https://debuginfod.ubuntu.com /home/irman/micromamba/envs/ros2_env/bin/cmake --install /home/irman/3dlidar_ros2_legged_robot_inspection/build/champ_teleop
