[0.206s] Invoking command in '/home/irman/3dlidar_ros2_legged_robot_inspection/build/go2_description': CONDA_PROMPT_MODIFIER=(ros2_env) DEBUGINFOD_URLS=https://debuginfod.ubuntu.com /home/irman/micromamba/envs/ros2_env/bin/cmake --build /home/irman/3dlidar_ros2_legged_robot_inspection/build/go2_description -- -j16 -l16
[0.241s] Invoked command in '/home/irman/3dlidar_ros2_legged_robot_inspection/build/go2_description' returned '0': CONDA_PROMPT_MODIFIER=(ros2_env) DEBUGINFOD_URLS=https://debuginfod.ubuntu.com /home/irman/micromamba/envs/ros2_env/bin/cmake --build /home/irman/3dlidar_ros2_legged_robot_inspection/build/go2_description -- -j16 -l16
[0.248s] Invoking command in '/home/irman/3dlidar_ros2_legged_robot_inspection/build/go2_description': CONDA_PROMPT_MODIFIER=(ros2_env) DEBUGINFOD_URLS=https://debuginfod.ubuntu.com /home/irman/micromamba/envs/ros2_env/bin/cmake --install /home/irman/3dlidar_ros2_legged_robot_inspection/build/go2_description
[0.252s] -- Install configuration: ""
[0.252s] -- Installing: /home/irman/3dlidar_ros2_legged_robot_inspection/install/go2_description/share/go2_description/config
[0.252s] -- Installing: /home/irman/3dlidar_ros2_legged_robot_inspection/install/go2_description/share/go2_description/config/_robot_control.yaml
[0.254s] -- Installing: /home/irman/3dlidar_ros2_legged_robot_inspection/install/go2_description/share/go2_description/config/ros_control
[0.254s] -- Installing: /home/irman/3dlidar_ros2_legged_robot_inspection/install/go2_description/share/go2_description/config/ros_control/ros_control.yaml
[0.254s] -- Installing: /home/irman/3dlidar_ros2_legged_robot_inspection/install/go2_description/share/go2_description/config/_joint_names_go2_description.yaml
[0.254s] -- Installing: /home/irman/3dlidar_ros2_legged_robot_inspection/install/go2_description/share/go2_description/dae
[0.254s] -- Installing: /home/irman/3dlidar_ros2_legged_robot_inspection/install/go2_description/share/go2_description/dae/foot.dae
[0.255s] -- Installing: /home/irman/3dlidar_ros2_legged_robot_inspection/install/go2_description/share/go2_description/dae/base.dae
[0.266s] -- Installing: /home/irman/3dlidar_ros2_legged_robot_inspection/install/go2_description/share/go2_description/dae/calf_mirror.dae
[0.268s] -- Installing: /home/irman/3dlidar_ros2_legged_robot_inspection/install/go2_description/share/go2_description/dae/hip.dae
[0.275s] -- Installing: /home/irman/3dlidar_ros2_legged_robot_inspection/install/go2_description/share/go2_description/dae/calf.dae
[0.276s] -- Installing: /home/irman/3dlidar_ros2_legged_robot_inspection/install/go2_description/share/go2_description/dae/thigh_mirror.dae
[0.283s] -- Installing: /home/irman/3dlidar_ros2_legged_robot_inspection/install/go2_description/share/go2_description/dae/thigh.dae
[0.288s] -- Installing: /home/irman/3dlidar_ros2_legged_robot_inspection/install/go2_description/share/go2_description/launch
[0.288s] -- Installing: /home/irman/3dlidar_ros2_legged_robot_inspection/install/go2_description/share/go2_description/launch/description.launch.py
[0.288s] -- Installing: /home/irman/3dlidar_ros2_legged_robot_inspection/install/go2_description/share/go2_description/meshes
[0.288s] -- Installing: /home/irman/3dlidar_ros2_legged_robot_inspection/install/go2_description/share/go2_description/meshes/foot.dae
[0.289s] -- Installing: /home/irman/3dlidar_ros2_legged_robot_inspection/install/go2_description/share/go2_description/meshes/hokuyo.dae
[0.289s] -- Installing: /home/irman/3dlidar_ros2_legged_robot_inspection/install/go2_description/share/go2_description/meshes/trunk.dae
[0.304s] -- Installing: /home/irman/3dlidar_ros2_legged_robot_inspection/install/go2_description/share/go2_description/meshes/calf_mirror.dae
[0.306s] -- Installing: /home/irman/3dlidar_ros2_legged_robot_inspection/install/go2_description/share/go2_description/meshes/hip.dae
[0.314s] -- Installing: /home/irman/3dlidar_ros2_legged_robot_inspection/install/go2_description/share/go2_description/meshes/calf.dae
[0.315s] -- Installing: /home/irman/3dlidar_ros2_legged_robot_inspection/install/go2_description/share/go2_description/meshes/thigh_mirror.dae
[0.321s] -- Installing: /home/irman/3dlidar_ros2_legged_robot_inspection/install/go2_description/share/go2_description/meshes/thigh.dae
[0.329s] -- Installing: /home/irman/3dlidar_ros2_legged_robot_inspection/install/go2_description/share/go2_description/urdf
[0.329s] -- Installing: /home/irman/3dlidar_ros2_legged_robot_inspection/install/go2_description/share/go2_description/urdf/Normal_collision_model.png
[0.330s] -- Installing: /home/irman/3dlidar_ros2_legged_robot_inspection/install/go2_description/share/go2_description/urdf/go2_description.urdf
[0.330s] -- Installing: /home/irman/3dlidar_ros2_legged_robot_inspection/install/go2_description/share/go2_description/urdf/.history
[0.330s] -- Installing: /home/irman/3dlidar_ros2_legged_robot_inspection/install/go2_description/share/go2_description/urdf/.history/go2_description_20230905112047.urdf
[0.330s] -- Installing: /home/irman/3dlidar_ros2_legged_robot_inspection/install/go2_description/share/go2_description/urdf/.history/go2_description_20230904182446.urdf
[0.330s] -- Installing: /home/irman/3dlidar_ros2_legged_robot_inspection/install/go2_description/share/go2_description/urdf/.history/go2_description_20230905113754.urdf
[0.330s] -- Installing: /home/irman/3dlidar_ros2_legged_robot_inspection/install/go2_description/share/go2_description/urdf/.history/go2_description_20230904193628.urdf
[0.330s] -- Installing: /home/irman/3dlidar_ros2_legged_robot_inspection/install/go2_description/share/go2_description/urdf/.history/go2_description_20230905115300.urdf
[0.331s] -- Installing: /home/irman/3dlidar_ros2_legged_robot_inspection/install/go2_description/share/go2_description/urdf/.history/go2_description_20230905113633.urdf
[0.332s] -- Installing: /home/irman/3dlidar_ros2_legged_robot_inspection/install/go2_description/share/go2_description/urdf/.history/go2_description_20230904193710.urdf
[0.333s] -- Installing: /home/irman/3dlidar_ros2_legged_robot_inspection/install/go2_description/share/go2_description/urdf/.history/go2_description_20230904193653.urdf
[0.333s] -- Installing: /home/irman/3dlidar_ros2_legged_robot_inspection/install/go2_description/share/go2_description/urdf/.history/go2_description_20230905113840.urdf
[0.333s] -- Installing: /home/irman/3dlidar_ros2_legged_robot_inspection/install/go2_description/share/go2_description/urdf/.history/go2_description_20230904193705.urdf
[0.333s] -- Installing: /home/irman/3dlidar_ros2_legged_robot_inspection/install/go2_description/share/go2_description/urdf/.history/go2_description_20230905115313.urdf
[0.333s] -- Installing: /home/irman/3dlidar_ros2_legged_robot_inspection/install/go2_description/share/go2_description/urdf/.history/go2_description_20230905114759.urdf
[0.334s] -- Installing: /home/irman/3dlidar_ros2_legged_robot_inspection/install/go2_description/share/go2_description/urdf/.history/go2_description_20230905112735.urdf
[0.334s] -- Installing: /home/irman/3dlidar_ros2_legged_robot_inspection/install/go2_description/share/go2_description/urdf/.history/go2_description_20230904193711.urdf
[0.334s] -- Installing: /home/irman/3dlidar_ros2_legged_robot_inspection/install/go2_description/share/go2_description/urdf/.history/go2_description_20230905113000.urdf
[0.335s] -- Installing: /home/irman/3dlidar_ros2_legged_robot_inspection/install/go2_description/share/go2_description/urdf/.history/go2_description_20230905112217.urdf
[0.335s] -- Installing: /home/irman/3dlidar_ros2_legged_robot_inspection/install/go2_description/share/go2_description/urdf/.history/go2_description_20230905112944.urdf
[0.336s] -- Installing: /home/irman/3dlidar_ros2_legged_robot_inspection/install/go2_description/share/go2_description/urdf/.history/go2_description_20230905112143.urdf
[0.336s] -- Installing: /home/irman/3dlidar_ros2_legged_robot_inspection/install/go2_description/share/go2_description/urdf/.history/go2_description_20230905112752.urdf
[0.336s] -- Installing: /home/irman/3dlidar_ros2_legged_robot_inspection/install/go2_description/share/go2_description/urdf/.history/go2_description_20230904144240.urdf
[0.336s] -- Installing: /home/irman/3dlidar_ros2_legged_robot_inspection/install/go2_description/share/go2_description/urdf/.history/go2_description_20230905115021.urdf
[0.337s] -- Installing: /home/irman/3dlidar_ros2_legged_robot_inspection/install/go2_description/share/go2_description/urdf/.history/go2_description_20230904193644.urdf
[0.337s] -- Installing: /home/irman/3dlidar_ros2_legged_robot_inspection/install/go2_description/share/go2_description/urdf/.history/go2_description_20230905113839.urdf
[0.337s] -- Installing: /home/irman/3dlidar_ros2_legged_robot_inspection/install/go2_description/share/go2_description/urdf/.history/go2_description_20230905114819.urdf
[0.338s] -- Installing: /home/irman/3dlidar_ros2_legged_robot_inspection/install/go2_description/share/go2_description/urdf/.history/go2_description_20230905113755.urdf
[0.338s] -- Installing: /home/irman/3dlidar_ros2_legged_robot_inspection/install/go2_description/share/go2_description/urdf/.history/go2_description_20230905115215.urdf
[0.338s] -- Installing: /home/irman/3dlidar_ros2_legged_robot_inspection/install/go2_description/share/go2_description/urdf/.history/go2_description_20230905115226.urdf
[0.339s] -- Installing: /home/irman/3dlidar_ros2_legged_robot_inspection/install/go2_description/share/go2_description/urdf/.history/go2_description_20230905113059.urdf
[0.340s] -- Installing: /home/irman/3dlidar_ros2_legged_robot_inspection/install/go2_description/share/go2_description/urdf/.history/go2_description_20230905115022.urdf
[0.340s] -- Installing: /home/irman/3dlidar_ros2_legged_robot_inspection/install/go2_description/share/go2_description/urdf/.history/go2_description_20230905115040.urdf
[0.340s] -- Installing: /home/irman/3dlidar_ros2_legged_robot_inspection/install/go2_description/share/go2_description/urdf/.history/go2_description_20230905112749.urdf
[0.341s] -- Installing: /home/irman/3dlidar_ros2_legged_robot_inspection/install/go2_description/share/go2_description/urdf/Amended_collision_model.png
[0.342s] -- Installing: /home/irman/3dlidar_ros2_legged_robot_inspection/install/go2_description/share/go2_description/xacro
[0.342s] -- Installing: /home/irman/3dlidar_ros2_legged_robot_inspection/install/go2_description/share/go2_description/xacro/leg.xacro
[0.342s] -- Installing: /home/irman/3dlidar_ros2_legged_robot_inspection/install/go2_description/share/go2_description/xacro/materials.xacro
[0.342s] -- Installing: /home/irman/3dlidar_ros2_legged_robot_inspection/install/go2_description/share/go2_description/xacro/transmission.xacro
[0.342s] -- Installing: /home/irman/3dlidar_ros2_legged_robot_inspection/install/go2_description/share/go2_description/xacro/depth_camera.xacro
[0.342s] -- Installing: /home/irman/3dlidar_ros2_legged_robot_inspection/install/go2_description/share/go2_description/xacro/gazebo.xacro
[0.343s] -- Installing: /home/irman/3dlidar_ros2_legged_robot_inspection/install/go2_description/share/go2_description/xacro/laser.xacro
[0.343s] -- Installing: /home/irman/3dlidar_ros2_legged_robot_inspection/install/go2_description/share/go2_description/xacro/const.xacro
[0.343s] -- Installing: /home/irman/3dlidar_ros2_legged_robot_inspection/install/go2_description/share/go2_description/xacro/velodyne.xacro
[0.343s] -- Installing: /home/irman/3dlidar_ros2_legged_robot_inspection/install/go2_description/share/go2_description/xacro/robot_VLP.xacro
[0.343s] -- Installing: /home/irman/3dlidar_ros2_legged_robot_inspection/install/go2_description/share/go2_description/xacro/robot.xacro
[0.344s] -- Installing: /home/irman/3dlidar_ros2_legged_robot_inspection/install/go2_description/share/ament_index/resource_index/package_run_dependencies/go2_description
[0.344s] -- Installing: /home/irman/3dlidar_ros2_legged_robot_inspection/install/go2_description/share/ament_index/resource_index/parent_prefix_path/go2_description
[0.344s] -- Installing: /home/irman/3dlidar_ros2_legged_robot_inspection/install/go2_description/share/go2_description/environment/ament_prefix_path.sh
[0.344s] -- Installing: /home/irman/3dlidar_ros2_legged_robot_inspection/install/go2_description/share/go2_description/environment/ament_prefix_path.dsv
[0.344s] -- Installing: /home/irman/3dlidar_ros2_legged_robot_inspection/install/go2_description/share/go2_description/environment/path.sh
[0.344s] -- Installing: /home/irman/3dlidar_ros2_legged_robot_inspection/install/go2_description/share/go2_description/environment/path.dsv
[0.344s] -- Installing: /home/irman/3dlidar_ros2_legged_robot_inspection/install/go2_description/share/go2_description/local_setup.bash
[0.344s] -- Installing: /home/irman/3dlidar_ros2_legged_robot_inspection/install/go2_description/share/go2_description/local_setup.sh
[0.344s] -- Installing: /home/irman/3dlidar_ros2_legged_robot_inspection/install/go2_description/share/go2_description/local_setup.zsh
[0.345s] -- Installing: /home/irman/3dlidar_ros2_legged_robot_inspection/install/go2_description/share/go2_description/local_setup.dsv
[0.345s] -- Installing: /home/irman/3dlidar_ros2_legged_robot_inspection/install/go2_description/share/go2_description/package.dsv
[0.345s] -- Installing: /home/irman/3dlidar_ros2_legged_robot_inspection/install/go2_description/share/ament_index/resource_index/packages/go2_description
[0.345s] -- Installing: /home/irman/3dlidar_ros2_legged_robot_inspection/install/go2_description/share/go2_description/cmake/go2_descriptionConfig.cmake
[0.345s] -- Installing: /home/irman/3dlidar_ros2_legged_robot_inspection/install/go2_description/share/go2_description/cmake/go2_descriptionConfig-version.cmake
[0.345s] -- Installing: /home/irman/3dlidar_ros2_legged_robot_inspection/install/go2_description/share/go2_description/package.xml
[0.348s] Invoked command in '/home/irman/3dlidar_ros2_legged_robot_inspection/build/go2_description' returned '0': CONDA_PROMPT_MODIFIER=(ros2_env) DEBUGINFOD_URLS=https://debuginfod.ubuntu.com /home/irman/micromamba/envs/ros2_env/bin/cmake --install /home/irman/3dlidar_ros2_legged_robot_inspection/build/go2_description
