[0.062s] Invoking command in '/home/irman/3dlidar_ros2_legged_robot_inspection/build/champ_description': CONDA_PROMPT_MODIFIER=(ros2_env) DEBUGINFOD_URLS=https://debuginfod.ubuntu.com /home/irman/micromamba/envs/ros2_env/bin/cmake /home/irman/3dlidar_ros2_legged_robot_inspection/src/unitree-go2-ros2/champ/champ_description -DCMAKE_INSTALL_PREFIX=/home/irman/3dlidar_ros2_legged_robot_inspection/install/champ_description
[0.529s] -- The C compiler identification is GNU 14.3.0
[0.529s] -- The CXX compiler identification is GNU 14.3.0
[0.529s] -- Detecting C compiler ABI info
[0.529s] [0mCMake Deprecation Warning at CMakeLists.txt:1 (cmake_minimum_required):
[0.529s]   Compatibility with CMake < 3.10 will be removed from a future version of
[0.529s]   CMake.
[0.530s] 
[0.530s]   Update the VERSION argument <min> value.  Or, use the <min>...<max> syntax
[0.530s]   to tell CMake that the project requires at least <min> but has been updated
[0.530s]   to work with policies introduced by <max> or earlier.
[0.530s] 
[0.530s] [0m
[0.562s] -- Detecting C compiler ABI info - done
[0.606s] -- Check for working C compiler: /home/irman/micromamba/envs/ros2_env/bin/x86_64-conda-linux-gnu-cc - skipped
[0.606s] -- Detecting C compile features
[0.607s] -- Detecting C compile features - done
[0.628s] -- Detecting CXX compiler ABI info
[0.797s] -- Detecting CXX compiler ABI info - done
[0.843s] -- Check for working CXX compiler: /home/irman/micromamba/envs/ros2_env/bin/x86_64-conda-linux-gnu-c++ - skipped
[0.843s] -- Detecting CXX compile features
[0.844s] -- Detecting CXX compile features - done
[0.872s] -- Found ament_cmake: 1.3.12 (/home/irman/micromamba/envs/ros2_env/share/ament_cmake/cmake)
[1.265s] -- Found Python3: /home/irman/micromamba/envs/ros2_env/bin/python3 (found version "3.11.14") found components: Interpreter
[1.553s] -- Found ament_lint_auto: 0.12.12 (/home/irman/micromamba/envs/ros2_env/share/ament_lint_auto/cmake)
[1.695s] -- Configuring done (1.6s)
[1.701s] -- Generating done (0.0s)
[1.703s] -- Build files have been written to: /home/irman/3dlidar_ros2_legged_robot_inspection/build/champ_description
