[0.504s] Invoking command in '/home/irman/3dlidar_ros2_legged_robot_inspection/build/champ_teleop': CONDA_PROMPT_MODIFIER=(ros2_env) DEBUGINFOD_URLS=https://debuginfod.ubuntu.com /home/irman/micromamba/envs/ros2_env/bin/cmake /home/irman/3dlidar_ros2_legged_robot_inspection/src/unitree-go2-ros2/champ_teleop -DCMAKE_INSTALL_PREFIX=/home/irman/3dlidar_ros2_legged_robot_inspection/install/champ_teleop
[0.507s] [0mCMake Deprecation Warning at CMakeLists.txt:1 (cmake_minimum_required):
[0.508s]   Compatibility with CMake < 3.10 will be removed from a future version of
[0.508s]   CMake.
[0.508s] 
[0.508s]   Update the VERSION argument <min> value.  Or, use the <min>...<max> syntax
[0.508s]   to tell CMake that the project requires at least <min> but has been updated
[0.508s]   to work with policies introduced by <max> or earlier.
[0.509s] 
[0.509s] [0m
[0.617s] -- The C compiler identification is GNU 14.3.0
[0.848s] -- The CXX compiler identification is GNU 14.3.0
[0.870s] -- Detecting C compiler ABI info
[1.026s] -- Detecting C compiler ABI info - done
[1.060s] -- Check for working C compiler: /home/irman/micromamba/envs/ros2_env/bin/x86_64-conda-linux-gnu-cc - skipped
[1.060s] -- Detecting C compile features
[1.061s] -- Detecting C compile features - done
[1.084s] -- Detecting CXX compiler ABI info
[1.246s] -- Detecting CXX compiler ABI info - done
[1.284s] -- Check for working CXX compiler: /home/irman/micromamba/envs/ros2_env/bin/x86_64-conda-linux-gnu-c++ - skipped
[1.285s] -- Detecting CXX compile features
[1.286s] -- Detecting CXX compile features - done
[1.308s] -- Found ament_cmake: 1.3.12 (/home/irman/micromamba/envs/ros2_env/share/ament_cmake/cmake)
[1.633s] -- Found Python3: /home/irman/micromamba/envs/ros2_env/bin/python3 (found version "3.11.14") found components: Interpreter
[2.039s] -- Configuring done (1.5s)
[2.044s] -- Generating done (0.0s)
[2.045s] -- Build files have been written to: /home/irman/3dlidar_ros2_legged_robot_inspection/build/champ_teleop
