[0.072s] Invoking command in '/home/irman/3dlidar_ros2_legged_robot_inspection/build/champ': CONDA_PROMPT_MODIFIER=(ros2_env) DEBUGINFOD_URLS=https://debuginfod.ubuntu.com /home/irman/micromamba/envs/ros2_env/bin/cmake /home/irman/3dlidar_ros2_legged_robot_inspection/src/unitree-go2-ros2/champ/champ -DCMAKE_INSTALL_PREFIX=/home/irman/3dlidar_ros2_legged_robot_inspection/install/champ
[0.536s] -- The C compiler identification is GNU 14.3.0
[0.537s] -- The CXX compiler identification is GNU 14.3.0
[0.537s] -- Detecting C compiler ABI info
[0.538s] [0mCMake Deprecation Warning at CMakeLists.txt:2 (cmake_minimum_required):
[0.539s]   Compatibility with CMake < 3.10 will be removed from a future version of
[0.539s]   CMake.
[0.540s] 
[0.541s]   Update the VERSION argument <min> value.  Or, use the <min>...<max> syntax
[0.542s]   to tell CMake that the project requires at least <min> but has been updated
[0.542s]   to work with policies introduced by <max> or earlier.
[0.542s] 
[0.542s] [0m
[0.579s] -- Detecting C compiler ABI info - done
[0.616s] -- Check for working C compiler: /home/irman/micromamba/envs/ros2_env/bin/x86_64-conda-linux-gnu-cc - skipped
[0.617s] -- Detecting C compile features
[0.618s] -- Detecting C compile features - done
[0.643s] -- Detecting CXX compiler ABI info
[0.813s] -- Detecting CXX compiler ABI info - done
[0.851s] -- Check for working CXX compiler: /home/irman/micromamba/envs/ros2_env/bin/x86_64-conda-linux-gnu-c++ - skipped
[0.852s] -- Detecting CXX compile features
[0.853s] -- Detecting CXX compile features - done
[0.875s] -- Found ament_cmake: 1.3.12 (/home/irman/micromamba/envs/ros2_env/share/ament_cmake/cmake)
[1.264s] -- Found Python3: /home/irman/micromamba/envs/ros2_env/bin/python3 (found version "3.11.14") found components: Interpreter
[1.546s] -- Found rclcpp: 16.0.13 (/home/irman/micromamba/envs/ros2_env/share/rclcpp/cmake)
[1.711s] -- Found rosidl_generator_c: 3.1.6 (/home/irman/micromamba/envs/ros2_env/share/rosidl_generator_c/cmake)
[1.736s] -- Found rosidl_adapter: 3.1.6 (/home/irman/micromamba/envs/ros2_env/share/rosidl_adapter/cmake)
[1.770s] -- Found rosidl_generator_cpp: 3.1.6 (/home/irman/micromamba/envs/ros2_env/share/rosidl_generator_cpp/cmake)
[1.811s] -- Using all available rosidl_typesupport_c: rosidl_typesupport_fastrtps_c;rosidl_typesupport_introspection_c
[1.872s] -- Using all available rosidl_typesupport_cpp: rosidl_typesupport_fastrtps_cpp;rosidl_typesupport_introspection_cpp
[2.078s] -- Checking for module 'yaml-0.1'
[2.203s] --   Found yaml-0.1, version 0.2.5
[2.532s] -- Found rmw_implementation_cmake: 6.1.2 (/home/irman/micromamba/envs/ros2_env/share/rmw_implementation_cmake/cmake)
[2.539s] -- Found rmw_fastrtps_cpp: 6.2.7 (/home/irman/micromamba/envs/ros2_env/share/rmw_fastrtps_cpp/cmake)
[3.038s] -- Found OpenSSL: /home/irman/micromamba/envs/ros2_env/lib/libcrypto.so (found version "3.5.4")
[3.080s] -- Found FastRTPS: /home/irman/micromamba/envs/ros2_env/include
[3.145s] -- Using RMW implementation 'rmw_fastrtps_cpp' as default
[3.160s] -- Performing Test CMAKE_HAVE_LIBC_PTHREAD
[3.242s] -- Performing Test CMAKE_HAVE_LIBC_PTHREAD - Success
[3.244s] -- Found Threads: TRUE
[3.312s] -- Found ament_lint_auto: 0.12.12 (/home/irman/micromamba/envs/ros2_env/share/ament_lint_auto/cmake)
[3.376s] -- Configuring done (3.3s)
[3.382s] -- Generating done (0.0s)
[3.383s] -- Build files have been written to: /home/irman/3dlidar_ros2_legged_robot_inspection/build/champ
