-- The C compiler identification is GNU 14.3.0
-- The CXX compiler identification is GNU 14.3.0
-- Detecting C compiler ABI info
-- Detecting C compiler ABI info - done
-- Check for working C compiler: /home/irman/micromamba/envs/ros2_env/bin/x86_64-conda-linux-gnu-cc - skipped
-- Detecting C compile features
-- Detecting C compile features - done
-- Detecting CXX compiler ABI info
-- Detecting CXX compiler ABI info - done
-- Check for working CXX compiler: /home/irman/micromamba/envs/ros2_env/bin/x86_64-conda-linux-gnu-c++ - skipped
-- Detecting CXX compile features
-- Detecting CXX compile features - done
-- Found ament_cmake: 1.3.12 (/home/irman/micromamba/envs/ros2_env/share/ament_cmake/cmake)
-- Found Python3: /home/irman/micromamba/envs/ros2_env/bin/python3 (found version "3.11.14") found components: Interpreter
-- Found rosidl_default_generators: 1.2.0 (/home/irman/micromamba/envs/ros2_env/share/rosidl_default_generators/cmake)
-- Using all available rosidl_typesupport_c: rosidl_typesupport_fastrtps_c;rosidl_typesupport_introspection_c
-- Found rosidl_adapter: 3.1.6 (/home/irman/micromamba/envs/ros2_env/share/rosidl_adapter/cmake)
-- Using all available rosidl_typesupport_cpp: rosidl_typesupport_fastrtps_cpp;rosidl_typesupport_introspection_cpp
-- Found std_msgs: 4.9.0 (/home/irman/micromamba/envs/ros2_env/share/std_msgs/cmake)
-- Found geometry_msgs: 4.9.0 (/home/irman/micromamba/envs/ros2_env/share/geometry_msgs/cmake)
-- Found ament_cmake_ros: 0.10.0 (/home/irman/micromamba/envs/ros2_env/share/ament_cmake_ros/cmake)
-- Using all available rosidl_typesupport_c: rosidl_typesupport_fastrtps_c;rosidl_typesupport_introspection_c
-- Using all available rosidl_typesupport_cpp: rosidl_typesupport_fastrtps_cpp;rosidl_typesupport_introspection_cpp
-- Found python_cmake_module: 0.10.0 (/home/irman/micromamba/envs/ros2_env/share/python_cmake_module/cmake)
-- Found PythonInterp: /home/irman/micromamba/envs/ros2_env/bin/python3 (found suitable version "3.11.14", minimum required is "3.6")
-- Found PythonLibs: /home/irman/micromamba/envs/ros2_env/lib/libpython3.11.so (found suitable version "3.11.14", minimum required is "3.5")
-- Using PYTHON_EXECUTABLE: /home/irman/micromamba/envs/ros2_env/bin/python3
-- Using PYTHON_INCLUDE_DIRS: /home/irman/micromamba/envs/ros2_env/include/python3.11
-- Using PYTHON_LIBRARIES: /home/irman/micromamba/envs/ros2_env/lib/libpython3.11.so
-- Found PythonExtra: .so
-- Configuring incomplete, errors occurred!
