[0.065s] Invoking command in '/home/irman/3dlidar_ros2_legged_robot_inspection/build/champ_msgs': CONDA_PROMPT_MODIFIER=(ros2_env) DEBUGINFOD_URLS=https://debuginfod.ubuntu.com /home/irman/micromamba/envs/ros2_env/bin/cmake /home/irman/3dlidar_ros2_legged_robot_inspection/src/unitree-go2-ros2/champ/champ_msgs -DCMAKE_INSTALL_PREFIX=/home/irman/3dlidar_ros2_legged_robot_inspection/install/champ_msgs
[0.532s] -- The C compiler identification is GNU 14.3.0
[0.533s] -- The CXX compiler identification is GNU 14.3.0
[0.533s] -- Detecting C compiler ABI info
[0.533s] [0mCMake Deprecation Warning at CMakeLists.txt:1 (cmake_minimum_required):
[0.534s]   Compatibility with CMake < 3.10 will be removed from a future version of
[0.534s]   CMake.
[0.534s] 
[0.534s]   Update the VERSION argument <min> value.  Or, use the <min>...<max> syntax
[0.534s]   to tell CMake that the project requires at least <min> but has been updated
[0.534s]   to work with policies introduced by <max> or earlier.
[0.534s] 
[0.535s] [0m
[0.572s] -- Detecting C compiler ABI info - done
[0.613s] -- Check for working C compiler: /home/irman/micromamba/envs/ros2_env/bin/x86_64-conda-linux-gnu-cc - skipped
[0.613s] -- Detecting C compile features
[0.614s] -- Detecting C compile features - done
[0.636s] -- Detecting CXX compiler ABI info
[0.799s] -- Detecting CXX compiler ABI info - done
[0.835s] -- Check for working CXX compiler: /home/irman/micromamba/envs/ros2_env/bin/x86_64-conda-linux-gnu-c++ - skipped
[0.835s] -- Detecting CXX compile features
[0.836s] -- Detecting CXX compile features - done
[0.863s] -- Found ament_cmake: 1.3.12 (/home/irman/micromamba/envs/ros2_env/share/ament_cmake/cmake)
[1.249s] -- Found Python3: /home/irman/micromamba/envs/ros2_env/bin/python3 (found version "3.11.14") found components: Interpreter
[1.550s] -- Found rosidl_default_generators: 1.2.0 (/home/irman/micromamba/envs/ros2_env/share/rosidl_default_generators/cmake)
[1.563s] -- Using all available rosidl_typesupport_c: rosidl_typesupport_fastrtps_c;rosidl_typesupport_introspection_c
[1.597s] -- Found rosidl_adapter: 3.1.6 (/home/irman/micromamba/envs/ros2_env/share/rosidl_adapter/cmake)
[1.750s] -- Using all available rosidl_typesupport_cpp: rosidl_typesupport_fastrtps_cpp;rosidl_typesupport_introspection_cpp
[1.892s] -- Found std_msgs: 4.9.0 (/home/irman/micromamba/envs/ros2_env/share/std_msgs/cmake)
[1.987s] -- Found geometry_msgs: 4.9.0 (/home/irman/micromamba/envs/ros2_env/share/geometry_msgs/cmake)
[2.568s] -- Found ament_cmake_ros: 0.10.0 (/home/irman/micromamba/envs/ros2_env/share/ament_cmake_ros/cmake)
[3.134s] -- Using all available rosidl_typesupport_c: rosidl_typesupport_fastrtps_c;rosidl_typesupport_introspection_c
[3.878s] -- Using all available rosidl_typesupport_cpp: rosidl_typesupport_fastrtps_cpp;rosidl_typesupport_introspection_cpp
[3.897s] -- Found python_cmake_module: 0.10.0 (/home/irman/micromamba/envs/ros2_env/share/python_cmake_module/cmake)
[3.921s] -- Found PythonInterp: /home/irman/micromamba/envs/ros2_env/bin/python3 (found suitable version "3.11.14", minimum required is "3.6")
[3.926s] -- Found PythonLibs: /home/irman/micromamba/envs/ros2_env/lib/libpython3.11.so (found suitable version "3.11.14", minimum required is "3.5")
[3.927s] -- Using PYTHON_EXECUTABLE: /home/irman/micromamba/envs/ros2_env/bin/python3
[3.927s] -- Using PYTHON_INCLUDE_DIRS: /home/irman/micromamba/envs/ros2_env/include/python3.11
[3.927s] -- Using PYTHON_LIBRARIES: /home/irman/micromamba/envs/ros2_env/lib/libpython3.11.so
[3.951s] -- Found PythonExtra: .so
[6.295s] [31mCMake Error at /home/irman/micromamba/envs/ros2_env/share/cmake-4.1/Modules/FindPackageHandleStandardArgs.cmake:227 (message):
[6.295s]   Could NOT find Python (missing: Python_EXECUTABLE Python_INCLUDE_DIRS
[6.295s]   Python_LIBRARIES Python_NumPy_INCLUDE_DIRS Interpreter Development NumPy
[6.295s]   Development.Module Development.Embed)
[6.295s] Call Stack (most recent call first):
[6.295s]   /home/irman/micromamba/envs/ros2_env/share/cmake-4.1/Modules/FindPackageHandleStandardArgs.cmake:591 (_FPHSA_FAILURE_MESSAGE)
[6.295s]   /home/irman/micromamba/envs/ros2_env/share/cmake-4.1/Modules/FindPython.cmake:727 (find_package_handle_standard_args)
[6.295s]   /home/irman/micromamba/envs/ros2_env/share/rosidl_generator_py/cmake/rosidl_generator_py_generate_interfaces.cmake:34 (find_package)
[6.295s]   /home/irman/micromamba/envs/ros2_env/share/ament_cmake_core/cmake/core/ament_execute_extensions.cmake:48 (include)
[6.295s]   /home/irman/micromamba/envs/ros2_env/share/rosidl_cmake/cmake/rosidl_generate_interfaces.cmake:286 (ament_execute_extensions)
[6.295s]   CMakeLists.txt:14 (rosidl_generate_interfaces)
[6.295s] 
[6.295s] [0m
[6.295s] -- Configuring incomplete, errors occurred!
