[0.040s] Invoking command in '/home/irman/3dlidar_ros2_legged_robot_inspection/build/champ_msgs': CONDA_PROMPT_MODIFIER=(ros2_env) DEBUGINFOD_URLS=https://debuginfod.ubuntu.com /home/irman/micromamba/envs/ros2_env/bin/cmake /home/irman/3dlidar_ros2_legged_robot_inspection/src/unitree-go2-ros2/champ/champ_msgs -DPython_EXECUTABLE=/home/irman/micromamba/envs/ros2_env/bin/python3 -DCMAKE_INSTALL_PREFIX=/home/irman/3dlidar_ros2_legged_robot_inspection/install/champ_msgs
[0.275s] -- Found ament_cmake: 1.3.12 (/home/irman/micromamba/envs/ros2_env/share/ament_cmake/cmake)
[0.276s] [0mCMake Deprecation Warning at CMakeLists.txt:1 (cmake_minimum_required):
[0.277s]   Compatibility with CMake < 3.10 will be removed from a future version of
[0.278s]   CMake.
[0.278s] 
[0.279s]   Update the VERSION argument <min> value.  Or, use the <min>...<max> syntax
[0.279s]   to tell CMake that the project requires at least <min> but has been updated
[0.279s]   to work with policies introduced by <max> or earlier.
[0.279s] 
[0.279s] [0m
[0.337s] -- Found rosidl_default_generators: 1.2.0 (/home/irman/micromamba/envs/ros2_env/share/rosidl_default_generators/cmake)
[0.339s] -- Using all available rosidl_typesupport_c: rosidl_typesupport_fastrtps_c;rosidl_typesupport_introspection_c
[0.343s] -- Found rosidl_adapter: 3.1.6 (/home/irman/micromamba/envs/ros2_env/share/rosidl_adapter/cmake)
[0.380s] -- Using all available rosidl_typesupport_cpp: rosidl_typesupport_fastrtps_cpp;rosidl_typesupport_introspection_cpp
[0.414s] -- Found std_msgs: 4.9.0 (/home/irman/micromamba/envs/ros2_env/share/std_msgs/cmake)
[0.454s] -- Found geometry_msgs: 4.9.0 (/home/irman/micromamba/envs/ros2_env/share/geometry_msgs/cmake)
[1.053s] -- Found ament_cmake_ros: 0.10.0 (/home/irman/micromamba/envs/ros2_env/share/ament_cmake_ros/cmake)
[1.591s] -- Using all available rosidl_typesupport_c: rosidl_typesupport_fastrtps_c;rosidl_typesupport_introspection_c
[2.261s] -- Using all available rosidl_typesupport_cpp: rosidl_typesupport_fastrtps_cpp;rosidl_typesupport_introspection_cpp
[2.262s] -- Found python_cmake_module: 0.10.0 (/home/irman/micromamba/envs/ros2_env/share/python_cmake_module/cmake)
[2.286s] -- Using PYTHON_EXECUTABLE: /home/irman/micromamba/envs/ros2_env/bin/python3
[2.286s] -- Using PYTHON_INCLUDE_DIRS: /home/irman/micromamba/envs/ros2_env/include/python3.11
[2.286s] -- Using PYTHON_LIBRARIES: /home/irman/micromamba/envs/ros2_env/lib/libpython3.11.so
[2.691s] -- Found Python: /home/irman/micromamba/envs/ros2_env/bin/python3 (found version "3.11.14") found components: Interpreter Development NumPy Development.Module Development.Embed
[2.765s] -- Found ament_lint_auto: 0.12.12 (/home/irman/micromamba/envs/ros2_env/share/ament_lint_auto/cmake)
[2.773s] -- Configuring done (2.7s)
[2.820s] -- Generating done (0.0s)
[2.827s] -- Build files have been written to: /home/irman/3dlidar_ros2_legged_robot_inspection/build/champ_msgs
