[0.046s] Invoking command in '/home/irman/3dlidar_ros2_legged_robot_inspection/build/champ': CONDA_PROMPT_MODIFIER=(ros2_env) DEBUGINFOD_URLS=https://debuginfod.ubuntu.com /home/irman/micromamba/envs/ros2_env/bin/cmake /home/irman/3dlidar_ros2_legged_robot_inspection/src/unitree-go2-ros2/champ/champ -DPython_EXECUTABLE=/home/irman/micromamba/envs/ros2_env/bin/python3 -DCMAKE_INSTALL_PREFIX=/home/irman/3dlidar_ros2_legged_robot_inspection/install/champ
[0.281s] [0mCMake Deprecation Warning at CMakeLists.txt:2 (cmake_minimum_required):
[0.282s]   Compatibility with CMake < 3.10 will be removed from a future version of
[0.282s]   CMake.
[0.282s] 
[0.282s]   Update the VERSION argument <min> value.  Or, use the <min>...<max> syntax
[0.282s]   to tell CMake that the project requires at least <min> but has been updated
[0.282s]   to work with policies introduced by <max> or earlier.
[0.282s] 
[0.282s] [0m
[0.283s] -- Found ament_cmake: 1.3.12 (/home/irman/micromamba/envs/ros2_env/share/ament_cmake/cmake)
[0.343s] -- Found rclcpp: 16.0.13 (/home/irman/micromamba/envs/ros2_env/share/rclcpp/cmake)
[0.381s] -- Found rosidl_generator_c: 3.1.6 (/home/irman/micromamba/envs/ros2_env/share/rosidl_generator_c/cmake)
[0.384s] -- Found rosidl_adapter: 3.1.6 (/home/irman/micromamba/envs/ros2_env/share/rosidl_adapter/cmake)
[0.391s] -- Found rosidl_generator_cpp: 3.1.6 (/home/irman/micromamba/envs/ros2_env/share/rosidl_generator_cpp/cmake)
[0.404s] -- Using all available rosidl_typesupport_c: rosidl_typesupport_fastrtps_c;rosidl_typesupport_introspection_c
[0.423s] -- Using all available rosidl_typesupport_cpp: rosidl_typesupport_fastrtps_cpp;rosidl_typesupport_introspection_cpp
[0.521s] -- Found rmw_implementation_cmake: 6.1.2 (/home/irman/micromamba/envs/ros2_env/share/rmw_implementation_cmake/cmake)
[0.523s] -- Found rmw_fastrtps_cpp: 6.2.7 (/home/irman/micromamba/envs/ros2_env/share/rmw_fastrtps_cpp/cmake)
[0.726s] -- Using RMW implementation 'rmw_fastrtps_cpp' as default
[0.784s] -- Found ament_lint_auto: 0.12.12 (/home/irman/micromamba/envs/ros2_env/share/ament_lint_auto/cmake)
[0.860s] -- Configuring done (0.8s)
[0.866s] -- Generating done (0.0s)
[0.866s] [33mCMake Warning:
[0.866s]   Manually-specified variables were not used by the project:
[0.866s] 
[0.866s]     Python_EXECUTABLE
[0.866s] 
[0.866s] [0m
[0.867s] -- Build files have been written to: /home/irman/3dlidar_ros2_legged_robot_inspection/build/champ
