[0.243s] Invoking command in '/home/irman/3dlidar_ros2_legged_robot_inspection/build/champ_config': CONDA_PROMPT_MODIFIER=(ros2_env) DEBUGINFOD_URLS=https://debuginfod.ubuntu.com /home/irman/micromamba/envs/ros2_env/bin/cmake /home/irman/3dlidar_ros2_legged_robot_inspection/src/unitree-go2-ros2/champ/champ_config -DPython_EXECUTABLE=/home/irman/micromamba/envs/ros2_env/bin/python3 -DCMAKE_INSTALL_PREFIX=/home/irman/3dlidar_ros2_legged_robot_inspection/install/champ_config
[0.261s] [0mCMake Deprecation Warning at CMakeLists.txt:1 (cmake_minimum_required):
[0.261s]   Compatibility with CMake < 3.10 will be removed from a future version of
[0.262s]   CMake.
[0.262s] 
[0.262s]   Update the VERSION argument <min> value.  Or, use the <min>...<max> syntax
[0.262s]   to tell CMake that the project requires at least <min> but has been updated
[0.262s]   to work with policies introduced by <max> or earlier.
[0.262s] 
[0.262s] [0m
[0.264s] -- Found ament_cmake: 1.3.12 (/home/irman/micromamba/envs/ros2_env/share/ament_cmake/cmake)
[0.678s] -- Configuring done (0.4s)
[0.681s] -- Generating done (0.0s)
[0.681s] [33mCMake Warning:
[0.681s]   Manually-specified variables were not used by the project:
[0.681s] 
[0.681s]     Python_EXECUTABLE
[0.682s] 
[0.682s] [0m
[0.682s] -- Build files have been written to: /home/irman/3dlidar_ros2_legged_robot_inspection/build/champ_config
