-- The C compiler identification is GNU 14.3.0
-- The CXX compiler identification is GNU 14.3.0
-- Detecting C compiler ABI info
-- Detecting C compiler ABI info - done
-- Check for working C compiler: /home/irman/micromamba/envs/ros2_env/bin/x86_64-conda-linux-gnu-cc - skipped
-- Detecting C compile features
-- Detecting C compile features - done
-- Detecting CXX compiler ABI info
-- Detecting CXX compiler ABI info - done
-- Check for working CXX compiler: /home/irman/micromamba/envs/ros2_env/bin/x86_64-conda-linux-gnu-c++ - skipped
-- Detecting CXX compile features
-- Detecting CXX compile features - done
-- Found ament_cmake: 1.3.12 (/home/irman/micromamba/envs/ros2_env/share/ament_cmake/cmake)
-- Found Python3: /home/irman/micromamba/envs/ros2_env/bin/python3 (found version "3.11.14") found components: Interpreter
-- Found rclcpp: 16.0.13 (/home/irman/micromamba/envs/ros2_env/share/rclcpp/cmake)
-- Found rosidl_generator_c: 3.1.6 (/home/irman/micromamba/envs/ros2_env/share/rosidl_generator_c/cmake)
-- Found rosidl_adapter: 3.1.6 (/home/irman/micromamba/envs/ros2_env/share/rosidl_adapter/cmake)
-- Found rosidl_generator_cpp: 3.1.6 (/home/irman/micromamba/envs/ros2_env/share/rosidl_generator_cpp/cmake)
-- Using all available rosidl_typesupport_c: rosidl_typesupport_fastrtps_c;rosidl_typesupport_introspection_c
-- Using all available rosidl_typesupport_cpp: rosidl_typesupport_fastrtps_cpp;rosidl_typesupport_introspection_cpp
-- Checking for module 'yaml-0.1'
--   Found yaml-0.1, version 0.2.5
-- Found rmw_implementation_cmake: 6.1.2 (/home/irman/micromamba/envs/ros2_env/share/rmw_implementation_cmake/cmake)
-- Found rmw_fastrtps_cpp: 6.2.7 (/home/irman/micromamba/envs/ros2_env/share/rmw_fastrtps_cpp/cmake)
-- Found OpenSSL: /home/irman/micromamba/envs/ros2_env/lib/libcrypto.so (found version "3.5.4")
-- Found FastRTPS: /home/irman/micromamba/envs/ros2_env/include
-- Using RMW implementation 'rmw_fastrtps_cpp' as default
-- Performing Test CMAKE_HAVE_LIBC_PTHREAD
-- Performing Test CMAKE_HAVE_LIBC_PTHREAD - Success
-- Found Threads: TRUE
-- Found rclpy: 3.3.16 (/home/irman/micromamba/envs/ros2_env/share/rclpy/cmake)
-- Found champ_msgs: 0.1.0 (/home/irman/3dlidar_ros2_legged_robot_inspection/install/champ_msgs/share/champ_msgs/cmake)
-- Found visualization_msgs: 4.9.0 (/home/irman/micromamba/envs/ros2_env/share/visualization_msgs/cmake)
-- Found trajectory_msgs: 4.9.0 (/home/irman/micromamba/envs/ros2_env/share/trajectory_msgs/cmake)
-- Found nav_msgs: 4.9.0 (/home/irman/micromamba/envs/ros2_env/share/nav_msgs/cmake)
-- Found tf2_ros: 0.25.14 (/home/irman/micromamba/envs/ros2_env/share/tf2_ros/cmake)
-- Found urdf: 2.6.1 (/home/irman/micromamba/envs/ros2_env/share/urdf/cmake)
-- Found champ: 0.1.0 (/home/irman/3dlidar_ros2_legged_robot_inspection/install/champ/share/champ/cmake)
-- Configuring done (2.6s)
-- Generating done (0.1s)
-- Build files have been written to: /home/irman/3dlidar_ros2_legged_robot_inspection/build/champ_base
[ 16%] [32mBuilding CXX object CMakeFiles/quadruped_controller.dir/src/quadruped_controller.cpp.o[0m
[ 16%] [32mBuilding CXX object CMakeFiles/message_relay.dir/src/message_relay.cpp.o[0m
[ 25%] [32mBuilding CXX object CMakeFiles/state_estimation.dir/src/state_estimation.cpp.o[0m
[ 33%] [1m[32mLinking CXX shared library libquadruped_controller.so[0m
[ 33%] Built target quadruped_controller
[ 41%] [32mBuilding CXX object CMakeFiles/quadruped_controller_node.dir/src/quadruped_controller_node.cpp.o[0m
[ 50%] [1m[32mLinking CXX executable quadruped_controller_node[0m
[ 50%] Built target quadruped_controller_node
[ 58%] [1m[32mLinking CXX shared library libmessage_relay.so[0m
[ 58%] Built target message_relay
[ 66%] [32mBuilding CXX object CMakeFiles/message_relay_node.dir/src/message_relay_node.cpp.o[0m
[ 75%] [1m[32mLinking CXX executable message_relay_node[0m
[ 75%] Built target message_relay_node
[ 83%] [1m[32mLinking CXX shared library libstate_estimation.so[0m
[ 83%] Built target state_estimation
[ 91%] [32mBuilding CXX object CMakeFiles/state_estimation_node.dir/src/state_estimation_node.cpp.o[0m
[100%] [1m[32mLinking CXX executable state_estimation_node[0m
[100%] Built target state_estimation_node
-- Install configuration: ""
-- Installing: /home/irman/3dlidar_ros2_legged_robot_inspection/install/champ_base/share/champ_base/config
-- Installing: /home/irman/3dlidar_ros2_legged_robot_inspection/install/champ_base/share/champ_base/config/velocity_smoother
-- Installing: /home/irman/3dlidar_ros2_legged_robot_inspection/install/champ_base/share/champ_base/config/velocity_smoother/velocity_smoother.yaml
-- Installing: /home/irman/3dlidar_ros2_legged_robot_inspection/install/champ_base/share/champ_base/config/ekf
-- Installing: /home/irman/3dlidar_ros2_legged_robot_inspection/install/champ_base/share/champ_base/config/ekf/footprint_to_odom.yaml
-- Installing: /home/irman/3dlidar_ros2_legged_robot_inspection/install/champ_base/share/champ_base/config/ekf/base_to_footprint.yaml
-- Installing: /home/irman/3dlidar_ros2_legged_robot_inspection/install/champ_base/lib/libquadruped_controller.so
-- Set non-toolchain portion of runtime path of "/home/irman/3dlidar_ros2_legged_robot_inspection/install/champ_base/lib/libquadruped_controller.so" to ""
-- Installing: /home/irman/3dlidar_ros2_legged_robot_inspection/install/champ_base/bin/quadruped_controller_node
-- Set non-toolchain portion of runtime path of "/home/irman/3dlidar_ros2_legged_robot_inspection/install/champ_base/bin/quadruped_controller_node" to ""
-- Installing: /home/irman/3dlidar_ros2_legged_robot_inspection/install/champ_base/lib/libmessage_relay.so
-- Set non-toolchain portion of runtime path of "/home/irman/3dlidar_ros2_legged_robot_inspection/install/champ_base/lib/libmessage_relay.so" to ""
-- Installing: /home/irman/3dlidar_ros2_legged_robot_inspection/install/champ_base/bin/message_relay_node
-- Set non-toolchain portion of runtime path of "/home/irman/3dlidar_ros2_legged_robot_inspection/install/champ_base/bin/message_relay_node" to ""
-- Installing: /home/irman/3dlidar_ros2_legged_robot_inspection/install/champ_base/lib/libstate_estimation.so
-- Set non-toolchain portion of runtime path of "/home/irman/3dlidar_ros2_legged_robot_inspection/install/champ_base/lib/libstate_estimation.so" to ""
-- Installing: /home/irman/3dlidar_ros2_legged_robot_inspection/install/champ_base/bin/state_estimation_node
-- Set non-toolchain portion of runtime path of "/home/irman/3dlidar_ros2_legged_robot_inspection/install/champ_base/bin/state_estimation_node" to ""
-- Installing: /home/irman/3dlidar_ros2_legged_robot_inspection/install/champ_base/lib/champ_base/quadruped_controller_node
-- Set non-toolchain portion of runtime path of "/home/irman/3dlidar_ros2_legged_robot_inspection/install/champ_base/lib/champ_base/quadruped_controller_node" to ""
-- Installing: /home/irman/3dlidar_ros2_legged_robot_inspection/install/champ_base/lib/champ_base/message_relay_node
-- Set non-toolchain portion of runtime path of "/home/irman/3dlidar_ros2_legged_robot_inspection/install/champ_base/lib/champ_base/message_relay_node" to ""
-- Installing: /home/irman/3dlidar_ros2_legged_robot_inspection/install/champ_base/lib/champ_base/state_estimation_node
-- Set non-toolchain portion of runtime path of "/home/irman/3dlidar_ros2_legged_robot_inspection/install/champ_base/lib/champ_base/state_estimation_node" to ""
-- Installing: /home/irman/3dlidar_ros2_legged_robot_inspection/install/champ_base/share/ament_index/resource_index/package_run_dependencies/champ_base
-- Installing: /home/irman/3dlidar_ros2_legged_robot_inspection/install/champ_base/share/ament_index/resource_index/parent_prefix_path/champ_base
-- Installing: /home/irman/3dlidar_ros2_legged_robot_inspection/install/champ_base/share/champ_base/environment/ament_prefix_path.sh
-- Installing: /home/irman/3dlidar_ros2_legged_robot_inspection/install/champ_base/share/champ_base/environment/ament_prefix_path.dsv
-- Installing: /home/irman/3dlidar_ros2_legged_robot_inspection/install/champ_base/share/champ_base/environment/path.sh
-- Installing: /home/irman/3dlidar_ros2_legged_robot_inspection/install/champ_base/share/champ_base/environment/path.dsv
-- Installing: /home/irman/3dlidar_ros2_legged_robot_inspection/install/champ_base/share/champ_base/local_setup.bash
-- Installing: /home/irman/3dlidar_ros2_legged_robot_inspection/install/champ_base/share/champ_base/local_setup.sh
-- Installing: /home/irman/3dlidar_ros2_legged_robot_inspection/install/champ_base/share/champ_base/local_setup.zsh
-- Installing: /home/irman/3dlidar_ros2_legged_robot_inspection/install/champ_base/share/champ_base/local_setup.dsv
-- Installing: /home/irman/3dlidar_ros2_legged_robot_inspection/install/champ_base/share/champ_base/package.dsv
-- Installing: /home/irman/3dlidar_ros2_legged_robot_inspection/install/champ_base/share/ament_index/resource_index/packages/champ_base
-- Installing: /home/irman/3dlidar_ros2_legged_robot_inspection/install/champ_base/share/champ_base/cmake/ament_cmake_export_include_directories-extras.cmake
-- Installing: /home/irman/3dlidar_ros2_legged_robot_inspection/install/champ_base/share/champ_base/cmake/ament_cmake_export_dependencies-extras.cmake
-- Installing: /home/irman/3dlidar_ros2_legged_robot_inspection/install/champ_base/share/champ_base/cmake/champ_baseConfig.cmake
-- Installing: /home/irman/3dlidar_ros2_legged_robot_inspection/install/champ_base/share/champ_base/cmake/champ_baseConfig-version.cmake
-- Installing: /home/irman/3dlidar_ros2_legged_robot_inspection/install/champ_base/share/champ_base/package.xml
