[  1%] [1m[34mGenerating C code for ROS interfaces[0m
[  2%] [1m[34mGenerating C++ code for ROS interfaces[0m
[  2%] Built target ament_cmake_python_copy_champ_msgs
running egg_info
creating champ_msgs.egg-info
writing champ_msgs.egg-info/PKG-INFO
writing dependency_links to champ_msgs.egg-info/dependency_links.txt
writing top-level names to champ_msgs.egg-info/top_level.txt
writing manifest file 'champ_msgs.egg-info/SOURCES.txt'
reading manifest file 'champ_msgs.egg-info/SOURCES.txt'
writing manifest file 'champ_msgs.egg-info/SOURCES.txt'
[  2%] Built target ament_cmake_python_build_champ_msgs_egg
[  2%] Built target champ_msgs__cpp
[  4%] [1m[34mGenerating C++ type support dispatch for ROS interfaces[0m
[  4%] [1m[34mGenerating C++ type support for eProsima Fast-RTPS[0m
[  5%] [1m[34mGenerating C++ introspection for ROS interfaces[0m
[  8%] [32mBuilding C object CMakeFiles/champ_msgs__rosidl_generator_c.dir/rosidl_generator_c/champ_msgs/msg/detail/pid__functions.c.o[0m
[  8%] [32mBuilding C object CMakeFiles/champ_msgs__rosidl_generator_c.dir/rosidl_generator_c/champ_msgs/msg/detail/velocities__functions.c.o[0m
[  8%] [32mBuilding C object CMakeFiles/champ_msgs__rosidl_generator_c.dir/rosidl_generator_c/champ_msgs/msg/detail/imu__functions.c.o[0m
[  9%] [32mBuilding C object CMakeFiles/champ_msgs__rosidl_generator_c.dir/rosidl_generator_c/champ_msgs/msg/detail/point_array__functions.c.o[0m
[ 10%] [32mBuilding C object CMakeFiles/champ_msgs__rosidl_generator_c.dir/rosidl_generator_c/champ_msgs/msg/detail/point__functions.c.o[0m
[ 12%] [32mBuilding C object CMakeFiles/champ_msgs__rosidl_generator_c.dir/rosidl_generator_c/champ_msgs/msg/detail/joints__functions.c.o[0m
[ 12%] [32mBuilding C object CMakeFiles/champ_msgs__rosidl_generator_c.dir/rosidl_generator_c/champ_msgs/msg/detail/contacts__functions.c.o[0m
[ 13%] [32mBuilding C object CMakeFiles/champ_msgs__rosidl_generator_c.dir/rosidl_generator_c/champ_msgs/msg/detail/contacts_stamped__functions.c.o[0m
[ 14%] [32mBuilding C object CMakeFiles/champ_msgs__rosidl_generator_c.dir/rosidl_generator_c/champ_msgs/msg/detail/pose__functions.c.o[0m
[ 15%] [1m[32mLinking C shared library libchamp_msgs__rosidl_generator_c.so[0m
[ 15%] Built target champ_msgs__rosidl_generator_c
[ 18%] [1m[34mGenerating C type support dispatch for ROS interfaces[0m
[ 18%] [1m[34mGenerating C introspection for ROS interfaces[0m
[ 18%] [1m[34mGenerating C type support for eProsima Fast-RTPS[0m
[ 21%] [32mBuilding CXX object CMakeFiles/champ_msgs__rosidl_typesupport_cpp.dir/rosidl_typesupport_cpp/champ_msgs/msg/imu__type_support.cpp.o[0m
[ 23%] [32mBuilding CXX object CMakeFiles/champ_msgs__rosidl_typesupport_cpp.dir/rosidl_typesupport_cpp/champ_msgs/msg/pid__type_support.cpp.o[0m
[ 23%] [32mBuilding CXX object CMakeFiles/champ_msgs__rosidl_typesupport_cpp.dir/rosidl_typesupport_cpp/champ_msgs/msg/velocities__type_support.cpp.o[0m
[ 23%] [32mBuilding CXX object CMakeFiles/champ_msgs__rosidl_typesupport_cpp.dir/rosidl_typesupport_cpp/champ_msgs/msg/point_array__type_support.cpp.o[0m
[ 24%] [32mBuilding CXX object CMakeFiles/champ_msgs__rosidl_typesupport_cpp.dir/rosidl_typesupport_cpp/champ_msgs/msg/point__type_support.cpp.o[0m
[ 26%] [32mBuilding CXX object CMakeFiles/champ_msgs__rosidl_typesupport_cpp.dir/rosidl_typesupport_cpp/champ_msgs/msg/contacts_stamped__type_support.cpp.o[0m
[ 26%] [32mBuilding CXX object CMakeFiles/champ_msgs__rosidl_typesupport_cpp.dir/rosidl_typesupport_cpp/champ_msgs/msg/contacts__type_support.cpp.o[0m
[ 27%] [32mBuilding CXX object CMakeFiles/champ_msgs__rosidl_typesupport_cpp.dir/rosidl_typesupport_cpp/champ_msgs/msg/joints__type_support.cpp.o[0m
[ 28%] [32mBuilding CXX object CMakeFiles/champ_msgs__rosidl_typesupport_cpp.dir/rosidl_typesupport_cpp/champ_msgs/msg/pose__type_support.cpp.o[0m
[ 29%] [32mBuilding CXX object CMakeFiles/champ_msgs__rosidl_typesupport_introspection_cpp.dir/rosidl_typesupport_introspection_cpp/champ_msgs/msg/detail/velocities__type_support.cpp.o[0m
[ 30%] [32mBuilding CXX object CMakeFiles/champ_msgs__rosidl_typesupport_introspection_cpp.dir/rosidl_typesupport_introspection_cpp/champ_msgs/msg/detail/pid__type_support.cpp.o[0m
[ 31%] [32mBuilding CXX object CMakeFiles/champ_msgs__rosidl_typesupport_introspection_cpp.dir/rosidl_typesupport_introspection_cpp/champ_msgs/msg/detail/imu__type_support.cpp.o[0m
[ 32%] [32mBuilding CXX object CMakeFiles/champ_msgs__rosidl_typesupport_fastrtps_cpp.dir/rosidl_typesupport_fastrtps_cpp/champ_msgs/msg/detail/dds_fastrtps/velocities__type_support.cpp.o[0m
[ 33%] [32mBuilding CXX object CMakeFiles/champ_msgs__rosidl_typesupport_c.dir/rosidl_typesupport_c/champ_msgs/msg/velocities__type_support.cpp.o[0m
[ 34%] [32mBuilding CXX object CMakeFiles/champ_msgs__rosidl_typesupport_c.dir/rosidl_typesupport_c/champ_msgs/msg/pid__type_support.cpp.o[0m
[ 35%] [32mBuilding CXX object CMakeFiles/champ_msgs__rosidl_typesupport_c.dir/rosidl_typesupport_c/champ_msgs/msg/imu__type_support.cpp.o[0m
[ 36%] [32mBuilding CXX object CMakeFiles/champ_msgs__rosidl_typesupport_fastrtps_cpp.dir/rosidl_typesupport_fastrtps_cpp/champ_msgs/msg/detail/dds_fastrtps/imu__type_support.cpp.o[0m
[ 37%] [32mBuilding CXX object CMakeFiles/champ_msgs__rosidl_typesupport_c.dir/rosidl_typesupport_c/champ_msgs/msg/point__type_support.cpp.o[0m
[ 38%] [32mBuilding CXX object CMakeFiles/champ_msgs__rosidl_typesupport_fastrtps_cpp.dir/rosidl_typesupport_fastrtps_cpp/champ_msgs/msg/detail/dds_fastrtps/pid__type_support.cpp.o[0m
[ 40%] [32mBuilding CXX object CMakeFiles/champ_msgs__rosidl_typesupport_introspection_cpp.dir/rosidl_typesupport_introspection_cpp/champ_msgs/msg/detail/point_array__type_support.cpp.o[0m
[ 41%] [32mBuilding CXX object CMakeFiles/champ_msgs__rosidl_typesupport_introspection_cpp.dir/rosidl_typesupport_introspection_cpp/champ_msgs/msg/detail/point__type_support.cpp.o[0m
[ 42%] [32mBuilding CXX object CMakeFiles/champ_msgs__rosidl_typesupport_fastrtps_cpp.dir/rosidl_typesupport_fastrtps_cpp/champ_msgs/msg/detail/dds_fastrtps/point__type_support.cpp.o[0m
[ 43%] [32mBuilding CXX object CMakeFiles/champ_msgs__rosidl_typesupport_fastrtps_cpp.dir/rosidl_typesupport_fastrtps_cpp/champ_msgs/msg/detail/dds_fastrtps/point_array__type_support.cpp.o[0m
[ 44%] [32mBuilding CXX object CMakeFiles/champ_msgs__rosidl_typesupport_introspection_cpp.dir/rosidl_typesupport_introspection_cpp/champ_msgs/msg/detail/joints__type_support.cpp.o[0m
[ 45%] [32mBuilding CXX object CMakeFiles/champ_msgs__rosidl_typesupport_introspection_cpp.dir/rosidl_typesupport_introspection_cpp/champ_msgs/msg/detail/contacts__type_support.cpp.o[0m
[ 46%] [1m[32mLinking CXX shared library libchamp_msgs__rosidl_typesupport_cpp.so[0m
[ 47%] [32mBuilding C object CMakeFiles/champ_msgs__rosidl_typesupport_introspection_c.dir/rosidl_typesupport_introspection_c/champ_msgs/msg/detail/velocities__type_support.c.o[0m
[ 48%] [32mBuilding CXX object CMakeFiles/champ_msgs__rosidl_typesupport_c.dir/rosidl_typesupport_c/champ_msgs/msg/point_array__type_support.cpp.o[0m
[ 49%] [32mBuilding CXX object CMakeFiles/champ_msgs__rosidl_typesupport_fastrtps_c.dir/rosidl_typesupport_fastrtps_c/champ_msgs/msg/detail/velocities__type_support_c.cpp.o[0m
[ 49%] Built target champ_msgs__rosidl_typesupport_cpp
[ 50%] [32mBuilding CXX object CMakeFiles/champ_msgs__rosidl_typesupport_c.dir/rosidl_typesupport_c/champ_msgs/msg/joints__type_support.cpp.o[0m
[ 51%] [32mBuilding C object CMakeFiles/champ_msgs__rosidl_typesupport_introspection_c.dir/rosidl_typesupport_introspection_c/champ_msgs/msg/detail/pid__type_support.c.o[0m
[ 52%] [32mBuilding CXX object CMakeFiles/champ_msgs__rosidl_typesupport_fastrtps_c.dir/rosidl_typesupport_fastrtps_c/champ_msgs/msg/detail/pid__type_support_c.cpp.o[0m
[ 53%] [32mBuilding CXX object CMakeFiles/champ_msgs__rosidl_typesupport_c.dir/rosidl_typesupport_c/champ_msgs/msg/contacts__type_support.cpp.o[0m
[ 54%] [32mBuilding C object CMakeFiles/champ_msgs__rosidl_typesupport_introspection_c.dir/rosidl_typesupport_introspection_c/champ_msgs/msg/detail/imu__type_support.c.o[0m
[ 55%] [32mBuilding CXX object CMakeFiles/champ_msgs__rosidl_typesupport_fastrtps_c.dir/rosidl_typesupport_fastrtps_c/champ_msgs/msg/detail/imu__type_support_c.cpp.o[0m
[ 56%] [32mBuilding CXX object CMakeFiles/champ_msgs__rosidl_typesupport_fastrtps_c.dir/rosidl_typesupport_fastrtps_c/champ_msgs/msg/detail/point__type_support_c.cpp.o[0m
[ 57%] [32mBuilding CXX object CMakeFiles/champ_msgs__rosidl_typesupport_c.dir/rosidl_typesupport_c/champ_msgs/msg/contacts_stamped__type_support.cpp.o[0m
[ 58%] [32mBuilding CXX object CMakeFiles/champ_msgs__rosidl_typesupport_fastrtps_c.dir/rosidl_typesupport_fastrtps_c/champ_msgs/msg/detail/point_array__type_support_c.cpp.o[0m
[ 60%] [32mBuilding C object CMakeFiles/champ_msgs__rosidl_typesupport_introspection_c.dir/rosidl_typesupport_introspection_c/champ_msgs/msg/detail/point__type_support.c.o[0m
[ 61%] [32mBuilding CXX object CMakeFiles/champ_msgs__rosidl_typesupport_c.dir/rosidl_typesupport_c/champ_msgs/msg/pose__type_support.cpp.o[0m
[ 62%] [32mBuilding C object CMakeFiles/champ_msgs__rosidl_typesupport_introspection_c.dir/rosidl_typesupport_introspection_c/champ_msgs/msg/detail/point_array__type_support.c.o[0m
[ 63%] [1m[32mLinking CXX shared library libchamp_msgs__rosidl_typesupport_c.so[0m
[ 64%] [32mBuilding C object CMakeFiles/champ_msgs__rosidl_typesupport_introspection_c.dir/rosidl_typesupport_introspection_c/champ_msgs/msg/detail/joints__type_support.c.o[0m
[ 64%] Built target champ_msgs__rosidl_typesupport_c
[ 65%] [32mBuilding CXX object CMakeFiles/champ_msgs__rosidl_typesupport_fastrtps_cpp.dir/rosidl_typesupport_fastrtps_cpp/champ_msgs/msg/detail/dds_fastrtps/joints__type_support.cpp.o[0m
[ 66%] [32mBuilding CXX object CMakeFiles/champ_msgs__rosidl_typesupport_introspection_cpp.dir/rosidl_typesupport_introspection_cpp/champ_msgs/msg/detail/contacts_stamped__type_support.cpp.o[0m
[ 67%] [32mBuilding C object CMakeFiles/champ_msgs__rosidl_typesupport_introspection_c.dir/rosidl_typesupport_introspection_c/champ_msgs/msg/detail/contacts__type_support.c.o[0m
[ 68%] [32mBuilding C object CMakeFiles/champ_msgs__rosidl_typesupport_introspection_c.dir/rosidl_typesupport_introspection_c/champ_msgs/msg/detail/contacts_stamped__type_support.c.o[0m
[ 69%] [32mBuilding CXX object CMakeFiles/champ_msgs__rosidl_typesupport_introspection_cpp.dir/rosidl_typesupport_introspection_cpp/champ_msgs/msg/detail/pose__type_support.cpp.o[0m
[ 70%] [32mBuilding CXX object CMakeFiles/champ_msgs__rosidl_typesupport_fastrtps_c.dir/rosidl_typesupport_fastrtps_c/champ_msgs/msg/detail/joints__type_support_c.cpp.o[0m
[ 71%] [32mBuilding C object CMakeFiles/champ_msgs__rosidl_typesupport_introspection_c.dir/rosidl_typesupport_introspection_c/champ_msgs/msg/detail/pose__type_support.c.o[0m
[ 72%] [32mBuilding CXX object CMakeFiles/champ_msgs__rosidl_typesupport_fastrtps_cpp.dir/rosidl_typesupport_fastrtps_cpp/champ_msgs/msg/detail/dds_fastrtps/contacts__type_support.cpp.o[0m
[ 73%] [1m[32mLinking C shared library libchamp_msgs__rosidl_typesupport_introspection_c.so[0m
[ 74%] [32mBuilding CXX object CMakeFiles/champ_msgs__rosidl_typesupport_fastrtps_cpp.dir/rosidl_typesupport_fastrtps_cpp/champ_msgs/msg/detail/dds_fastrtps/contacts_stamped__type_support.cpp.o[0m
[ 75%] [32mBuilding CXX object CMakeFiles/champ_msgs__rosidl_typesupport_fastrtps_cpp.dir/rosidl_typesupport_fastrtps_cpp/champ_msgs/msg/detail/dds_fastrtps/pose__type_support.cpp.o[0m
[ 76%] [32mBuilding CXX object CMakeFiles/champ_msgs__rosidl_typesupport_fastrtps_c.dir/rosidl_typesupport_fastrtps_c/champ_msgs/msg/detail/contacts__type_support_c.cpp.o[0m
[ 77%] [32mBuilding CXX object CMakeFiles/champ_msgs__rosidl_typesupport_fastrtps_c.dir/rosidl_typesupport_fastrtps_c/champ_msgs/msg/detail/contacts_stamped__type_support_c.cpp.o[0m
[ 77%] Built target champ_msgs__rosidl_typesupport_introspection_c
[ 78%] [32mBuilding CXX object CMakeFiles/champ_msgs__rosidl_typesupport_fastrtps_c.dir/rosidl_typesupport_fastrtps_c/champ_msgs/msg/detail/pose__type_support_c.cpp.o[0m
[ 80%] [1m[32mLinking CXX shared library libchamp_msgs__rosidl_typesupport_introspection_cpp.so[0m
[ 81%] [1m[32mLinking CXX shared library libchamp_msgs__rosidl_typesupport_fastrtps_cpp.so[0m
[ 82%] [1m[32mLinking CXX shared library libchamp_msgs__rosidl_typesupport_fastrtps_c.so[0m
[ 82%] Built target champ_msgs__rosidl_typesupport_introspection_cpp
[ 82%] Built target champ_msgs__rosidl_typesupport_fastrtps_cpp
[ 82%] Built target champ_msgs__rosidl_typesupport_fastrtps_c
[ 82%] Built target champ_msgs
[ 83%] [1m[34mGenerating Python code for ROS interfaces[0m
[ 83%] Built target champ_msgs__py
[ 87%] [32mBuilding C object CMakeFiles/champ_msgs__rosidl_generator_py.dir/rosidl_generator_py/champ_msgs/msg/_imu_s.c.o[0m
[ 87%] [32mBuilding C object CMakeFiles/champ_msgs__rosidl_generator_py.dir/rosidl_generator_py/champ_msgs/msg/_velocities_s.c.o[0m
[ 87%] [32mBuilding C object CMakeFiles/champ_msgs__rosidl_generator_py.dir/rosidl_generator_py/champ_msgs/msg/_point_s.c.o[0m
[ 87%] [32mBuilding C object CMakeFiles/champ_msgs__rosidl_generator_py.dir/rosidl_generator_py/champ_msgs/msg/_pid_s.c.o[0m
[ 89%] [32mBuilding C object CMakeFiles/champ_msgs__rosidl_generator_py.dir/rosidl_generator_py/champ_msgs/msg/_point_array_s.c.o[0m
[ 89%] [32mBuilding C object CMakeFiles/champ_msgs__rosidl_generator_py.dir/rosidl_generator_py/champ_msgs/msg/_contacts_s.c.o[0m
[ 90%] [32mBuilding C object CMakeFiles/champ_msgs__rosidl_generator_py.dir/rosidl_generator_py/champ_msgs/msg/_contacts_stamped_s.c.o[0m
[ 91%] [32mBuilding C object CMakeFiles/champ_msgs__rosidl_generator_py.dir/rosidl_generator_py/champ_msgs/msg/_joints_s.c.o[0m
[ 92%] [32mBuilding C object CMakeFiles/champ_msgs__rosidl_generator_py.dir/rosidl_generator_py/champ_msgs/msg/_pose_s.c.o[0m
[ 93%] [1m[32mLinking C shared library rosidl_generator_py/champ_msgs/libchamp_msgs__rosidl_generator_py.so[0m
[ 93%] Built target champ_msgs__rosidl_generator_py
[ 95%] [32mBuilding C object CMakeFiles/champ_msgs__rosidl_typesupport_fastrtps_c__pyext.dir/rosidl_generator_py/champ_msgs/_champ_msgs_s.ep.rosidl_typesupport_fastrtps_c.c.o[0m
[ 95%] [32mBuilding C object CMakeFiles/champ_msgs__rosidl_typesupport_c__pyext.dir/rosidl_generator_py/champ_msgs/_champ_msgs_s.ep.rosidl_typesupport_c.c.o[0m
[ 96%] [32mBuilding C object CMakeFiles/champ_msgs__rosidl_typesupport_introspection_c__pyext.dir/rosidl_generator_py/champ_msgs/_champ_msgs_s.ep.rosidl_typesupport_introspection_c.c.o[0m
[ 98%] [1m[32mLinking C shared library rosidl_generator_py/champ_msgs/champ_msgs_s__rosidl_typesupport_fastrtps_c.cpython-311-x86_64-linux-gnu.so[0m
[ 98%] [1m[32mLinking C shared library rosidl_generator_py/champ_msgs/champ_msgs_s__rosidl_typesupport_c.cpython-311-x86_64-linux-gnu.so[0m
[100%] [1m[32mLinking C shared library rosidl_generator_py/champ_msgs/champ_msgs_s__rosidl_typesupport_introspection_c.cpython-311-x86_64-linux-gnu.so[0m
[100%] Built target champ_msgs__rosidl_typesupport_c__pyext
[100%] Built target champ_msgs__rosidl_typesupport_fastrtps_c__pyext
[100%] Built target champ_msgs__rosidl_typesupport_introspection_c__pyext
-- Install configuration: ""
-- Installing: /home/irman/3dlidar_ros2_legged_robot_inspection/install/champ_msgs/share/ament_index/resource_index/rosidl_interfaces/champ_msgs
-- Installing: /home/irman/3dlidar_ros2_legged_robot_inspection/install/champ_msgs/include/champ_msgs/champ_msgs
-- Installing: /home/irman/3dlidar_ros2_legged_robot_inspection/install/champ_msgs/include/champ_msgs/champ_msgs/msg
-- Installing: /home/irman/3dlidar_ros2_legged_robot_inspection/install/champ_msgs/include/champ_msgs/champ_msgs/msg/joints.h
-- Installing: /home/irman/3dlidar_ros2_legged_robot_inspection/install/champ_msgs/include/champ_msgs/champ_msgs/msg/point_array.h
-- Installing: /home/irman/3dlidar_ros2_legged_robot_inspection/install/champ_msgs/include/champ_msgs/champ_msgs/msg/imu.h
-- Installing: /home/irman/3dlidar_ros2_legged_robot_inspection/install/champ_msgs/include/champ_msgs/champ_msgs/msg/contacts_stamped.h
-- Installing: /home/irman/3dlidar_ros2_legged_robot_inspection/install/champ_msgs/include/champ_msgs/champ_msgs/msg/detail
-- Installing: /home/irman/3dlidar_ros2_legged_robot_inspection/install/champ_msgs/include/champ_msgs/champ_msgs/msg/detail/point__functions.c
-- Installing: /home/irman/3dlidar_ros2_legged_robot_inspection/install/champ_msgs/include/champ_msgs/champ_msgs/msg/detail/point_array__functions.h
-- Installing: /home/irman/3dlidar_ros2_legged_robot_inspection/install/champ_msgs/include/champ_msgs/champ_msgs/msg/detail/contacts_stamped__functions.h
-- Installing: /home/irman/3dlidar_ros2_legged_robot_inspection/install/champ_msgs/include/champ_msgs/champ_msgs/msg/detail/joints__functions.c
-- Installing: /home/irman/3dlidar_ros2_legged_robot_inspection/install/champ_msgs/include/champ_msgs/champ_msgs/msg/detail/pose__functions.c
-- Installing: /home/irman/3dlidar_ros2_legged_robot_inspection/install/champ_msgs/include/champ_msgs/champ_msgs/msg/detail/imu__functions.h
-- Installing: /home/irman/3dlidar_ros2_legged_robot_inspection/install/champ_msgs/include/champ_msgs/champ_msgs/msg/detail/point_array__type_support.h
-- Installing: /home/irman/3dlidar_ros2_legged_robot_inspection/install/champ_msgs/include/champ_msgs/champ_msgs/msg/detail/joints__type_support.h
-- Installing: /home/irman/3dlidar_ros2_legged_robot_inspection/install/champ_msgs/include/champ_msgs/champ_msgs/msg/detail/contacts_stamped__functions.c
-- Installing: /home/irman/3dlidar_ros2_legged_robot_inspection/install/champ_msgs/include/champ_msgs/champ_msgs/msg/detail/point_array__functions.c
-- Installing: /home/irman/3dlidar_ros2_legged_robot_inspection/install/champ_msgs/include/champ_msgs/champ_msgs/msg/detail/pid__type_support.h
-- Installing: /home/irman/3dlidar_ros2_legged_robot_inspection/install/champ_msgs/include/champ_msgs/champ_msgs/msg/detail/contacts__struct.h
-- Installing: /home/irman/3dlidar_ros2_legged_robot_inspection/install/champ_msgs/include/champ_msgs/champ_msgs/msg/detail/pose__functions.h
-- Installing: /home/irman/3dlidar_ros2_legged_robot_inspection/install/champ_msgs/include/champ_msgs/champ_msgs/msg/detail/joints__struct.h
-- Installing: /home/irman/3dlidar_ros2_legged_robot_inspection/install/champ_msgs/include/champ_msgs/champ_msgs/msg/detail/point__type_support.h
-- Installing: /home/irman/3dlidar_ros2_legged_robot_inspection/install/champ_msgs/include/champ_msgs/champ_msgs/msg/detail/velocities__struct.h
-- Installing: /home/irman/3dlidar_ros2_legged_robot_inspection/install/champ_msgs/include/champ_msgs/champ_msgs/msg/detail/velocities__functions.h
-- Installing: /home/irman/3dlidar_ros2_legged_robot_inspection/install/champ_msgs/include/champ_msgs/champ_msgs/msg/detail/joints__functions.h
-- Installing: /home/irman/3dlidar_ros2_legged_robot_inspection/install/champ_msgs/include/champ_msgs/champ_msgs/msg/detail/pose__struct.h
-- Installing: /home/irman/3dlidar_ros2_legged_robot_inspection/install/champ_msgs/include/champ_msgs/champ_msgs/msg/detail/pid__functions.h
-- Installing: /home/irman/3dlidar_ros2_legged_robot_inspection/install/champ_msgs/include/champ_msgs/champ_msgs/msg/detail/contacts__functions.c
-- Installing: /home/irman/3dlidar_ros2_legged_robot_inspection/install/champ_msgs/include/champ_msgs/champ_msgs/msg/detail/contacts_stamped__type_support.h
-- Installing: /home/irman/3dlidar_ros2_legged_robot_inspection/install/champ_msgs/include/champ_msgs/champ_msgs/msg/detail/pid__functions.c
-- Installing: /home/irman/3dlidar_ros2_legged_robot_inspection/install/champ_msgs/include/champ_msgs/champ_msgs/msg/detail/contacts__type_support.h
-- Installing: /home/irman/3dlidar_ros2_legged_robot_inspection/install/champ_msgs/include/champ_msgs/champ_msgs/msg/detail/pose__type_support.h
-- Installing: /home/irman/3dlidar_ros2_legged_robot_inspection/install/champ_msgs/include/champ_msgs/champ_msgs/msg/detail/contacts__functions.h
-- Installing: /home/irman/3dlidar_ros2_legged_robot_inspection/install/champ_msgs/include/champ_msgs/champ_msgs/msg/detail/imu__functions.c
-- Installing: /home/irman/3dlidar_ros2_legged_robot_inspection/install/champ_msgs/include/champ_msgs/champ_msgs/msg/detail/point_array__struct.h
-- Installing: /home/irman/3dlidar_ros2_legged_robot_inspection/install/champ_msgs/include/champ_msgs/champ_msgs/msg/detail/pid__struct.h
-- Installing: /home/irman/3dlidar_ros2_legged_robot_inspection/install/champ_msgs/include/champ_msgs/champ_msgs/msg/detail/contacts_stamped__struct.h
-- Installing: /home/irman/3dlidar_ros2_legged_robot_inspection/install/champ_msgs/include/champ_msgs/champ_msgs/msg/detail/point__functions.h
-- Installing: /home/irman/3dlidar_ros2_legged_robot_inspection/install/champ_msgs/include/champ_msgs/champ_msgs/msg/detail/point__struct.h
-- Installing: /home/irman/3dlidar_ros2_legged_robot_inspection/install/champ_msgs/include/champ_msgs/champ_msgs/msg/detail/imu__type_support.h
-- Installing: /home/irman/3dlidar_ros2_legged_robot_inspection/install/champ_msgs/include/champ_msgs/champ_msgs/msg/detail/velocities__functions.c
-- Installing: /home/irman/3dlidar_ros2_legged_robot_inspection/install/champ_msgs/include/champ_msgs/champ_msgs/msg/detail/imu__struct.h
-- Installing: /home/irman/3dlidar_ros2_legged_robot_inspection/install/champ_msgs/include/champ_msgs/champ_msgs/msg/detail/velocities__type_support.h
-- Installing: /home/irman/3dlidar_ros2_legged_robot_inspection/install/champ_msgs/include/champ_msgs/champ_msgs/msg/point.h
-- Installing: /home/irman/3dlidar_ros2_legged_robot_inspection/install/champ_msgs/include/champ_msgs/champ_msgs/msg/pose.h
-- Installing: /home/irman/3dlidar_ros2_legged_robot_inspection/install/champ_msgs/include/champ_msgs/champ_msgs/msg/rosidl_generator_c__visibility_control.h
-- Installing: /home/irman/3dlidar_ros2_legged_robot_inspection/install/champ_msgs/include/champ_msgs/champ_msgs/msg/pid.h
-- Installing: /home/irman/3dlidar_ros2_legged_robot_inspection/install/champ_msgs/include/champ_msgs/champ_msgs/msg/velocities.h
-- Installing: /home/irman/3dlidar_ros2_legged_robot_inspection/install/champ_msgs/include/champ_msgs/champ_msgs/msg/contacts.h
-- Installing: /home/irman/3dlidar_ros2_legged_robot_inspection/install/champ_msgs/lib/libchamp_msgs__rosidl_generator_c.so
-- Up-to-date: /home/irman/3dlidar_ros2_legged_robot_inspection/install/champ_msgs/include/champ_msgs/champ_msgs
-- Up-to-date: /home/irman/3dlidar_ros2_legged_robot_inspection/install/champ_msgs/include/champ_msgs/champ_msgs/msg
-- Up-to-date: /home/irman/3dlidar_ros2_legged_robot_inspection/install/champ_msgs/include/champ_msgs/champ_msgs/msg/detail
-- Installing: /home/irman/3dlidar_ros2_legged_robot_inspection/install/champ_msgs/include/champ_msgs/champ_msgs/msg/detail/contacts_stamped__rosidl_typesupport_fastrtps_c.h
-- Installing: /home/irman/3dlidar_ros2_legged_robot_inspection/install/champ_msgs/include/champ_msgs/champ_msgs/msg/detail/point__rosidl_typesupport_fastrtps_c.h
-- Installing: /home/irman/3dlidar_ros2_legged_robot_inspection/install/champ_msgs/include/champ_msgs/champ_msgs/msg/detail/joints__rosidl_typesupport_fastrtps_c.h
-- Installing: /home/irman/3dlidar_ros2_legged_robot_inspection/install/champ_msgs/include/champ_msgs/champ_msgs/msg/detail/contacts__rosidl_typesupport_fastrtps_c.h
-- Installing: /home/irman/3dlidar_ros2_legged_robot_inspection/install/champ_msgs/include/champ_msgs/champ_msgs/msg/detail/pose__rosidl_typesupport_fastrtps_c.h
-- Installing: /home/irman/3dlidar_ros2_legged_robot_inspection/install/champ_msgs/include/champ_msgs/champ_msgs/msg/detail/imu__rosidl_typesupport_fastrtps_c.h
-- Installing: /home/irman/3dlidar_ros2_legged_robot_inspection/install/champ_msgs/include/champ_msgs/champ_msgs/msg/detail/point_array__rosidl_typesupport_fastrtps_c.h
-- Installing: /home/irman/3dlidar_ros2_legged_robot_inspection/install/champ_msgs/include/champ_msgs/champ_msgs/msg/detail/pid__rosidl_typesupport_fastrtps_c.h
-- Installing: /home/irman/3dlidar_ros2_legged_robot_inspection/install/champ_msgs/include/champ_msgs/champ_msgs/msg/detail/velocities__rosidl_typesupport_fastrtps_c.h
-- Installing: /home/irman/3dlidar_ros2_legged_robot_inspection/install/champ_msgs/include/champ_msgs/champ_msgs/msg/rosidl_typesupport_fastrtps_c__visibility_control.h
-- Installing: /home/irman/3dlidar_ros2_legged_robot_inspection/install/champ_msgs/lib/libchamp_msgs__rosidl_typesupport_fastrtps_c.so
-- Set non-toolchain portion of runtime path of "/home/irman/3dlidar_ros2_legged_robot_inspection/install/champ_msgs/lib/libchamp_msgs__rosidl_typesupport_fastrtps_c.so" to ""
-- Up-to-date: /home/irman/3dlidar_ros2_legged_robot_inspection/install/champ_msgs/include/champ_msgs/champ_msgs
-- Up-to-date: /home/irman/3dlidar_ros2_legged_robot_inspection/install/champ_msgs/include/champ_msgs/champ_msgs/msg
-- Installing: /home/irman/3dlidar_ros2_legged_robot_inspection/install/champ_msgs/include/champ_msgs/champ_msgs/msg/rosidl_typesupport_introspection_c__visibility_control.h
-- Up-to-date: /home/irman/3dlidar_ros2_legged_robot_inspection/install/champ_msgs/include/champ_msgs/champ_msgs/msg/detail
-- Installing: /home/irman/3dlidar_ros2_legged_robot_inspection/install/champ_msgs/include/champ_msgs/champ_msgs/msg/detail/joints__type_support.c
-- Installing: /home/irman/3dlidar_ros2_legged_robot_inspection/install/champ_msgs/include/champ_msgs/champ_msgs/msg/detail/pid__rosidl_typesupport_introspection_c.h
-- Installing: /home/irman/3dlidar_ros2_legged_robot_inspection/install/champ_msgs/include/champ_msgs/champ_msgs/msg/detail/joints__rosidl_typesupport_introspection_c.h
-- Installing: /home/irman/3dlidar_ros2_legged_robot_inspection/install/champ_msgs/include/champ_msgs/champ_msgs/msg/detail/contacts__rosidl_typesupport_introspection_c.h
-- Installing: /home/irman/3dlidar_ros2_legged_robot_inspection/install/champ_msgs/include/champ_msgs/champ_msgs/msg/detail/contacts_stamped__type_support.c
-- Installing: /home/irman/3dlidar_ros2_legged_robot_inspection/install/champ_msgs/include/champ_msgs/champ_msgs/msg/detail/velocities__type_support.c
-- Installing: /home/irman/3dlidar_ros2_legged_robot_inspection/install/champ_msgs/include/champ_msgs/champ_msgs/msg/detail/contacts_stamped__rosidl_typesupport_introspection_c.h
-- Installing: /home/irman/3dlidar_ros2_legged_robot_inspection/install/champ_msgs/include/champ_msgs/champ_msgs/msg/detail/imu__rosidl_typesupport_introspection_c.h
-- Installing: /home/irman/3dlidar_ros2_legged_robot_inspection/install/champ_msgs/include/champ_msgs/champ_msgs/msg/detail/contacts__type_support.c
-- Installing: /home/irman/3dlidar_ros2_legged_robot_inspection/install/champ_msgs/include/champ_msgs/champ_msgs/msg/detail/pose__rosidl_typesupport_introspection_c.h
-- Installing: /home/irman/3dlidar_ros2_legged_robot_inspection/install/champ_msgs/include/champ_msgs/champ_msgs/msg/detail/pid__type_support.c
-- Installing: /home/irman/3dlidar_ros2_legged_robot_inspection/install/champ_msgs/include/champ_msgs/champ_msgs/msg/detail/point__rosidl_typesupport_introspection_c.h
-- Installing: /home/irman/3dlidar_ros2_legged_robot_inspection/install/champ_msgs/include/champ_msgs/champ_msgs/msg/detail/point_array__type_support.c
-- Installing: /home/irman/3dlidar_ros2_legged_robot_inspection/install/champ_msgs/include/champ_msgs/champ_msgs/msg/detail/velocities__rosidl_typesupport_introspection_c.h
-- Installing: /home/irman/3dlidar_ros2_legged_robot_inspection/install/champ_msgs/include/champ_msgs/champ_msgs/msg/detail/point_array__rosidl_typesupport_introspection_c.h
-- Installing: /home/irman/3dlidar_ros2_legged_robot_inspection/install/champ_msgs/include/champ_msgs/champ_msgs/msg/detail/pose__type_support.c
-- Installing: /home/irman/3dlidar_ros2_legged_robot_inspection/install/champ_msgs/include/champ_msgs/champ_msgs/msg/detail/point__type_support.c
-- Installing: /home/irman/3dlidar_ros2_legged_robot_inspection/install/champ_msgs/include/champ_msgs/champ_msgs/msg/detail/imu__type_support.c
-- Installing: /home/irman/3dlidar_ros2_legged_robot_inspection/install/champ_msgs/lib/libchamp_msgs__rosidl_typesupport_introspection_c.so
-- Set non-toolchain portion of runtime path of "/home/irman/3dlidar_ros2_legged_robot_inspection/install/champ_msgs/lib/libchamp_msgs__rosidl_typesupport_introspection_c.so" to ""
-- Installing: /home/irman/3dlidar_ros2_legged_robot_inspection/install/champ_msgs/lib/libchamp_msgs__rosidl_typesupport_c.so
-- Set non-toolchain portion of runtime path of "/home/irman/3dlidar_ros2_legged_robot_inspection/install/champ_msgs/lib/libchamp_msgs__rosidl_typesupport_c.so" to ""
-- Up-to-date: /home/irman/3dlidar_ros2_legged_robot_inspection/install/champ_msgs/include/champ_msgs/champ_msgs
-- Up-to-date: /home/irman/3dlidar_ros2_legged_robot_inspection/install/champ_msgs/include/champ_msgs/champ_msgs/msg
-- Installing: /home/irman/3dlidar_ros2_legged_robot_inspection/install/champ_msgs/include/champ_msgs/champ_msgs/msg/joints.hpp
-- Installing: /home/irman/3dlidar_ros2_legged_robot_inspection/install/champ_msgs/include/champ_msgs/champ_msgs/msg/rosidl_generator_cpp__visibility_control.hpp
-- Installing: /home/irman/3dlidar_ros2_legged_robot_inspection/install/champ_msgs/include/champ_msgs/champ_msgs/msg/contacts_stamped.hpp
-- Installing: /home/irman/3dlidar_ros2_legged_robot_inspection/install/champ_msgs/include/champ_msgs/champ_msgs/msg/velocities.hpp
-- Up-to-date: /home/irman/3dlidar_ros2_legged_robot_inspection/install/champ_msgs/include/champ_msgs/champ_msgs/msg/detail
-- Installing: /home/irman/3dlidar_ros2_legged_robot_inspection/install/champ_msgs/include/champ_msgs/champ_msgs/msg/detail/contacts_stamped__traits.hpp
-- Installing: /home/irman/3dlidar_ros2_legged_robot_inspection/install/champ_msgs/include/champ_msgs/champ_msgs/msg/detail/point_array__builder.hpp
-- Installing: /home/irman/3dlidar_ros2_legged_robot_inspection/install/champ_msgs/include/champ_msgs/champ_msgs/msg/detail/joints__type_support.hpp
-- Installing: /home/irman/3dlidar_ros2_legged_robot_inspection/install/champ_msgs/include/champ_msgs/champ_msgs/msg/detail/contacts__type_support.hpp
-- Installing: /home/irman/3dlidar_ros2_legged_robot_inspection/install/champ_msgs/include/champ_msgs/champ_msgs/msg/detail/contacts_stamped__struct.hpp
-- Installing: /home/irman/3dlidar_ros2_legged_robot_inspection/install/champ_msgs/include/champ_msgs/champ_msgs/msg/detail/point_array__struct.hpp
-- Installing: /home/irman/3dlidar_ros2_legged_robot_inspection/install/champ_msgs/include/champ_msgs/champ_msgs/msg/detail/pid__traits.hpp
-- Installing: /home/irman/3dlidar_ros2_legged_robot_inspection/install/champ_msgs/include/champ_msgs/champ_msgs/msg/detail/imu__traits.hpp
-- Installing: /home/irman/3dlidar_ros2_legged_robot_inspection/install/champ_msgs/include/champ_msgs/champ_msgs/msg/detail/point__builder.hpp
-- Installing: /home/irman/3dlidar_ros2_legged_robot_inspection/install/champ_msgs/include/champ_msgs/champ_msgs/msg/detail/pid__type_support.hpp
-- Installing: /home/irman/3dlidar_ros2_legged_robot_inspection/install/champ_msgs/include/champ_msgs/champ_msgs/msg/detail/velocities__traits.hpp
-- Installing: /home/irman/3dlidar_ros2_legged_robot_inspection/install/champ_msgs/include/champ_msgs/champ_msgs/msg/detail/point__struct.hpp
-- Installing: /home/irman/3dlidar_ros2_legged_robot_inspection/install/champ_msgs/include/champ_msgs/champ_msgs/msg/detail/pose__traits.hpp
-- Installing: /home/irman/3dlidar_ros2_legged_robot_inspection/install/champ_msgs/include/champ_msgs/champ_msgs/msg/detail/velocities__type_support.hpp
-- Installing: /home/irman/3dlidar_ros2_legged_robot_inspection/install/champ_msgs/include/champ_msgs/champ_msgs/msg/detail/contacts_stamped__type_support.hpp
-- Installing: /home/irman/3dlidar_ros2_legged_robot_inspection/install/champ_msgs/include/champ_msgs/champ_msgs/msg/detail/pid__builder.hpp
-- Installing: /home/irman/3dlidar_ros2_legged_robot_inspection/install/champ_msgs/include/champ_msgs/champ_msgs/msg/detail/contacts__traits.hpp
-- Installing: /home/irman/3dlidar_ros2_legged_robot_inspection/install/champ_msgs/include/champ_msgs/champ_msgs/msg/detail/velocities__struct.hpp
-- Installing: /home/irman/3dlidar_ros2_legged_robot_inspection/install/champ_msgs/include/champ_msgs/champ_msgs/msg/detail/joints__builder.hpp
-- Installing: /home/irman/3dlidar_ros2_legged_robot_inspection/install/champ_msgs/include/champ_msgs/champ_msgs/msg/detail/contacts__builder.hpp
-- Installing: /home/irman/3dlidar_ros2_legged_robot_inspection/install/champ_msgs/include/champ_msgs/champ_msgs/msg/detail/pid__struct.hpp
-- Installing: /home/irman/3dlidar_ros2_legged_robot_inspection/install/champ_msgs/include/champ_msgs/champ_msgs/msg/detail/imu__type_support.hpp
-- Installing: /home/irman/3dlidar_ros2_legged_robot_inspection/install/champ_msgs/include/champ_msgs/champ_msgs/msg/detail/point_array__type_support.hpp
-- Installing: /home/irman/3dlidar_ros2_legged_robot_inspection/install/champ_msgs/include/champ_msgs/champ_msgs/msg/detail/imu__builder.hpp
-- Installing: /home/irman/3dlidar_ros2_legged_robot_inspection/install/champ_msgs/include/champ_msgs/champ_msgs/msg/detail/pose__struct.hpp
-- Installing: /home/irman/3dlidar_ros2_legged_robot_inspection/install/champ_msgs/include/champ_msgs/champ_msgs/msg/detail/pose__type_support.hpp
-- Installing: /home/irman/3dlidar_ros2_legged_robot_inspection/install/champ_msgs/include/champ_msgs/champ_msgs/msg/detail/imu__struct.hpp
-- Installing: /home/irman/3dlidar_ros2_legged_robot_inspection/install/champ_msgs/include/champ_msgs/champ_msgs/msg/detail/contacts_stamped__builder.hpp
-- Installing: /home/irman/3dlidar_ros2_legged_robot_inspection/install/champ_msgs/include/champ_msgs/champ_msgs/msg/detail/velocities__builder.hpp
-- Installing: /home/irman/3dlidar_ros2_legged_robot_inspection/install/champ_msgs/include/champ_msgs/champ_msgs/msg/detail/point__traits.hpp
-- Installing: /home/irman/3dlidar_ros2_legged_robot_inspection/install/champ_msgs/include/champ_msgs/champ_msgs/msg/detail/point__type_support.hpp
-- Installing: /home/irman/3dlidar_ros2_legged_robot_inspection/install/champ_msgs/include/champ_msgs/champ_msgs/msg/detail/contacts__struct.hpp
-- Installing: /home/irman/3dlidar_ros2_legged_robot_inspection/install/champ_msgs/include/champ_msgs/champ_msgs/msg/detail/point_array__traits.hpp
-- Installing: /home/irman/3dlidar_ros2_legged_robot_inspection/install/champ_msgs/include/champ_msgs/champ_msgs/msg/detail/joints__traits.hpp
-- Installing: /home/irman/3dlidar_ros2_legged_robot_inspection/install/champ_msgs/include/champ_msgs/champ_msgs/msg/detail/pose__builder.hpp
-- Installing: /home/irman/3dlidar_ros2_legged_robot_inspection/install/champ_msgs/include/champ_msgs/champ_msgs/msg/detail/joints__struct.hpp
-- Installing: /home/irman/3dlidar_ros2_legged_robot_inspection/install/champ_msgs/include/champ_msgs/champ_msgs/msg/point.hpp
-- Installing: /home/irman/3dlidar_ros2_legged_robot_inspection/install/champ_msgs/include/champ_msgs/champ_msgs/msg/contacts.hpp
-- Installing: /home/irman/3dlidar_ros2_legged_robot_inspection/install/champ_msgs/include/champ_msgs/champ_msgs/msg/pid.hpp
-- Installing: /home/irman/3dlidar_ros2_legged_robot_inspection/install/champ_msgs/include/champ_msgs/champ_msgs/msg/pose.hpp
-- Installing: /home/irman/3dlidar_ros2_legged_robot_inspection/install/champ_msgs/include/champ_msgs/champ_msgs/msg/point_array.hpp
-- Installing: /home/irman/3dlidar_ros2_legged_robot_inspection/install/champ_msgs/include/champ_msgs/champ_msgs/msg/imu.hpp
-- Up-to-date: /home/irman/3dlidar_ros2_legged_robot_inspection/install/champ_msgs/include/champ_msgs/champ_msgs
-- Up-to-date: /home/irman/3dlidar_ros2_legged_robot_inspection/install/champ_msgs/include/champ_msgs/champ_msgs/msg
-- Up-to-date: /home/irman/3dlidar_ros2_legged_robot_inspection/install/champ_msgs/include/champ_msgs/champ_msgs/msg/detail
-- Installing: /home/irman/3dlidar_ros2_legged_robot_inspection/install/champ_msgs/include/champ_msgs/champ_msgs/msg/detail/contacts__rosidl_typesupport_fastrtps_cpp.hpp
-- Installing: /home/irman/3dlidar_ros2_legged_robot_inspection/install/champ_msgs/include/champ_msgs/champ_msgs/msg/detail/pose__rosidl_typesupport_fastrtps_cpp.hpp
-- Installing: /home/irman/3dlidar_ros2_legged_robot_inspection/install/champ_msgs/include/champ_msgs/champ_msgs/msg/detail/contacts_stamped__rosidl_typesupport_fastrtps_cpp.hpp
-- Installing: /home/irman/3dlidar_ros2_legged_robot_inspection/install/champ_msgs/include/champ_msgs/champ_msgs/msg/detail/point_array__rosidl_typesupport_fastrtps_cpp.hpp
-- Installing: /home/irman/3dlidar_ros2_legged_robot_inspection/install/champ_msgs/include/champ_msgs/champ_msgs/msg/detail/pid__rosidl_typesupport_fastrtps_cpp.hpp
-- Installing: /home/irman/3dlidar_ros2_legged_robot_inspection/install/champ_msgs/include/champ_msgs/champ_msgs/msg/detail/imu__rosidl_typesupport_fastrtps_cpp.hpp
-- Installing: /home/irman/3dlidar_ros2_legged_robot_inspection/install/champ_msgs/include/champ_msgs/champ_msgs/msg/detail/velocities__rosidl_typesupport_fastrtps_cpp.hpp
-- Installing: /home/irman/3dlidar_ros2_legged_robot_inspection/install/champ_msgs/include/champ_msgs/champ_msgs/msg/detail/joints__rosidl_typesupport_fastrtps_cpp.hpp
-- Installing: /home/irman/3dlidar_ros2_legged_robot_inspection/install/champ_msgs/include/champ_msgs/champ_msgs/msg/detail/point__rosidl_typesupport_fastrtps_cpp.hpp
-- Installing: /home/irman/3dlidar_ros2_legged_robot_inspection/install/champ_msgs/include/champ_msgs/champ_msgs/msg/detail/dds_fastrtps
-- Installing: /home/irman/3dlidar_ros2_legged_robot_inspection/install/champ_msgs/include/champ_msgs/champ_msgs/msg/rosidl_typesupport_fastrtps_cpp__visibility_control.h
-- Installing: /home/irman/3dlidar_ros2_legged_robot_inspection/install/champ_msgs/lib/libchamp_msgs__rosidl_typesupport_fastrtps_cpp.so
-- Up-to-date: /home/irman/3dlidar_ros2_legged_robot_inspection/install/champ_msgs/include/champ_msgs/champ_msgs
-- Up-to-date: /home/irman/3dlidar_ros2_legged_robot_inspection/install/champ_msgs/include/champ_msgs/champ_msgs/msg
-- Up-to-date: /home/irman/3dlidar_ros2_legged_robot_inspection/install/champ_msgs/include/champ_msgs/champ_msgs/msg/detail
-- Installing: /home/irman/3dlidar_ros2_legged_robot_inspection/install/champ_msgs/include/champ_msgs/champ_msgs/msg/detail/pid__type_support.cpp
-- Installing: /home/irman/3dlidar_ros2_legged_robot_inspection/install/champ_msgs/include/champ_msgs/champ_msgs/msg/detail/pid__rosidl_typesupport_introspection_cpp.hpp
-- Installing: /home/irman/3dlidar_ros2_legged_robot_inspection/install/champ_msgs/include/champ_msgs/champ_msgs/msg/detail/velocities__type_support.cpp
-- Installing: /home/irman/3dlidar_ros2_legged_robot_inspection/install/champ_msgs/include/champ_msgs/champ_msgs/msg/detail/point_array__rosidl_typesupport_introspection_cpp.hpp
-- Installing: /home/irman/3dlidar_ros2_legged_robot_inspection/install/champ_msgs/include/champ_msgs/champ_msgs/msg/detail/pose__type_support.cpp
-- Installing: /home/irman/3dlidar_ros2_legged_robot_inspection/install/champ_msgs/include/champ_msgs/champ_msgs/msg/detail/joints__rosidl_typesupport_introspection_cpp.hpp
-- Installing: /home/irman/3dlidar_ros2_legged_robot_inspection/install/champ_msgs/include/champ_msgs/champ_msgs/msg/detail/point__rosidl_typesupport_introspection_cpp.hpp
-- Installing: /home/irman/3dlidar_ros2_legged_robot_inspection/install/champ_msgs/include/champ_msgs/champ_msgs/msg/detail/imu__type_support.cpp
-- Installing: /home/irman/3dlidar_ros2_legged_robot_inspection/install/champ_msgs/include/champ_msgs/champ_msgs/msg/detail/contacts_stamped__type_support.cpp
-- Installing: /home/irman/3dlidar_ros2_legged_robot_inspection/install/champ_msgs/include/champ_msgs/champ_msgs/msg/detail/joints__type_support.cpp
-- Installing: /home/irman/3dlidar_ros2_legged_robot_inspection/install/champ_msgs/include/champ_msgs/champ_msgs/msg/detail/contacts__type_support.cpp
-- Installing: /home/irman/3dlidar_ros2_legged_robot_inspection/install/champ_msgs/include/champ_msgs/champ_msgs/msg/detail/point__type_support.cpp
-- Installing: /home/irman/3dlidar_ros2_legged_robot_inspection/install/champ_msgs/include/champ_msgs/champ_msgs/msg/detail/pose__rosidl_typesupport_introspection_cpp.hpp
-- Installing: /home/irman/3dlidar_ros2_legged_robot_inspection/install/champ_msgs/include/champ_msgs/champ_msgs/msg/detail/contacts_stamped__rosidl_typesupport_introspection_cpp.hpp
-- Installing: /home/irman/3dlidar_ros2_legged_robot_inspection/install/champ_msgs/include/champ_msgs/champ_msgs/msg/detail/velocities__rosidl_typesupport_introspection_cpp.hpp
-- Installing: /home/irman/3dlidar_ros2_legged_robot_inspection/install/champ_msgs/include/champ_msgs/champ_msgs/msg/detail/contacts__rosidl_typesupport_introspection_cpp.hpp
-- Installing: /home/irman/3dlidar_ros2_legged_robot_inspection/install/champ_msgs/include/champ_msgs/champ_msgs/msg/detail/point_array__type_support.cpp
-- Installing: /home/irman/3dlidar_ros2_legged_robot_inspection/install/champ_msgs/include/champ_msgs/champ_msgs/msg/detail/imu__rosidl_typesupport_introspection_cpp.hpp
-- Installing: /home/irman/3dlidar_ros2_legged_robot_inspection/install/champ_msgs/lib/libchamp_msgs__rosidl_typesupport_introspection_cpp.so
-- Installing: /home/irman/3dlidar_ros2_legged_robot_inspection/install/champ_msgs/lib/libchamp_msgs__rosidl_typesupport_cpp.so
-- Installing: /home/irman/3dlidar_ros2_legged_robot_inspection/install/champ_msgs/share/champ_msgs/environment/pythonpath.sh
-- Installing: /home/irman/3dlidar_ros2_legged_robot_inspection/install/champ_msgs/share/champ_msgs/environment/pythonpath.dsv
-- Installing: /home/irman/3dlidar_ros2_legged_robot_inspection/install/champ_msgs/lib/python3.11/site-packages/champ_msgs-0.1.0-py3.11.egg-info
-- Installing: /home/irman/3dlidar_ros2_legged_robot_inspection/install/champ_msgs/lib/python3.11/site-packages/champ_msgs-0.1.0-py3.11.egg-info/dependency_links.txt
-- Installing: /home/irman/3dlidar_ros2_legged_robot_inspection/install/champ_msgs/lib/python3.11/site-packages/champ_msgs-0.1.0-py3.11.egg-info/SOURCES.txt
-- Installing: /home/irman/3dlidar_ros2_legged_robot_inspection/install/champ_msgs/lib/python3.11/site-packages/champ_msgs-0.1.0-py3.11.egg-info/top_level.txt
-- Installing: /home/irman/3dlidar_ros2_legged_robot_inspection/install/champ_msgs/lib/python3.11/site-packages/champ_msgs-0.1.0-py3.11.egg-info/PKG-INFO
-- Installing: /home/irman/3dlidar_ros2_legged_robot_inspection/install/champ_msgs/lib/python3.11/site-packages/champ_msgs
-- Installing: /home/irman/3dlidar_ros2_legged_robot_inspection/install/champ_msgs/lib/python3.11/site-packages/champ_msgs/msg
-- Installing: /home/irman/3dlidar_ros2_legged_robot_inspection/install/champ_msgs/lib/python3.11/site-packages/champ_msgs/msg/_pose.py
-- Installing: /home/irman/3dlidar_ros2_legged_robot_inspection/install/champ_msgs/lib/python3.11/site-packages/champ_msgs/msg/_joints_s.c
-- Installing: /home/irman/3dlidar_ros2_legged_robot_inspection/install/champ_msgs/lib/python3.11/site-packages/champ_msgs/msg/_point_array.py
-- Installing: /home/irman/3dlidar_ros2_legged_robot_inspection/install/champ_msgs/lib/python3.11/site-packages/champ_msgs/msg/_imu.py
-- Installing: /home/irman/3dlidar_ros2_legged_robot_inspection/install/champ_msgs/lib/python3.11/site-packages/champ_msgs/msg/_pid.py
-- Installing: /home/irman/3dlidar_ros2_legged_robot_inspection/install/champ_msgs/lib/python3.11/site-packages/champ_msgs/msg/_contacts_stamped_s.c
-- Installing: /home/irman/3dlidar_ros2_legged_robot_inspection/install/champ_msgs/lib/python3.11/site-packages/champ_msgs/msg/_contacts_stamped.py
-- Installing: /home/irman/3dlidar_ros2_legged_robot_inspection/install/champ_msgs/lib/python3.11/site-packages/champ_msgs/msg/_pid_s.c
-- Installing: /home/irman/3dlidar_ros2_legged_robot_inspection/install/champ_msgs/lib/python3.11/site-packages/champ_msgs/msg/_point_s.c
-- Installing: /home/irman/3dlidar_ros2_legged_robot_inspection/install/champ_msgs/lib/python3.11/site-packages/champ_msgs/msg/_imu_s.c
-- Installing: /home/irman/3dlidar_ros2_legged_robot_inspection/install/champ_msgs/lib/python3.11/site-packages/champ_msgs/msg/_point.py
-- Installing: /home/irman/3dlidar_ros2_legged_robot_inspection/install/champ_msgs/lib/python3.11/site-packages/champ_msgs/msg/_contacts_s.c
-- Installing: /home/irman/3dlidar_ros2_legged_robot_inspection/install/champ_msgs/lib/python3.11/site-packages/champ_msgs/msg/_joints.py
-- Installing: /home/irman/3dlidar_ros2_legged_robot_inspection/install/champ_msgs/lib/python3.11/site-packages/champ_msgs/msg/_velocities.py
-- Installing: /home/irman/3dlidar_ros2_legged_robot_inspection/install/champ_msgs/lib/python3.11/site-packages/champ_msgs/msg/__init__.py
-- Installing: /home/irman/3dlidar_ros2_legged_robot_inspection/install/champ_msgs/lib/python3.11/site-packages/champ_msgs/msg/_contacts.py
-- Installing: /home/irman/3dlidar_ros2_legged_robot_inspection/install/champ_msgs/lib/python3.11/site-packages/champ_msgs/msg/_point_array_s.c
-- Installing: /home/irman/3dlidar_ros2_legged_robot_inspection/install/champ_msgs/lib/python3.11/site-packages/champ_msgs/msg/_velocities_s.c
-- Installing: /home/irman/3dlidar_ros2_legged_robot_inspection/install/champ_msgs/lib/python3.11/site-packages/champ_msgs/msg/_pose_s.c
-- Installing: /home/irman/3dlidar_ros2_legged_robot_inspection/install/champ_msgs/lib/python3.11/site-packages/champ_msgs/_champ_msgs_s.ep.rosidl_typesupport_c.c
-- Installing: /home/irman/3dlidar_ros2_legged_robot_inspection/install/champ_msgs/lib/python3.11/site-packages/champ_msgs/libchamp_msgs__rosidl_generator_py.so
-- Installing: /home/irman/3dlidar_ros2_legged_robot_inspection/install/champ_msgs/lib/python3.11/site-packages/champ_msgs/_champ_msgs_s.ep.rosidl_typesupport_fastrtps_c.c
-- Installing: /home/irman/3dlidar_ros2_legged_robot_inspection/install/champ_msgs/lib/python3.11/site-packages/champ_msgs/_champ_msgs_s.ep.rosidl_typesupport_introspection_c.c
-- Installing: /home/irman/3dlidar_ros2_legged_robot_inspection/install/champ_msgs/lib/python3.11/site-packages/champ_msgs/champ_msgs_s__rosidl_typesupport_introspection_c.cpython-311-x86_64-linux-gnu.so
-- Installing: /home/irman/3dlidar_ros2_legged_robot_inspection/install/champ_msgs/lib/python3.11/site-packages/champ_msgs/__init__.py
-- Installing: /home/irman/3dlidar_ros2_legged_robot_inspection/install/champ_msgs/lib/python3.11/site-packages/champ_msgs/champ_msgs_s__rosidl_typesupport_c.cpython-311-x86_64-linux-gnu.so
-- Installing: /home/irman/3dlidar_ros2_legged_robot_inspection/install/champ_msgs/lib/python3.11/site-packages/champ_msgs/champ_msgs_s__rosidl_typesupport_fastrtps_c.cpython-311-x86_64-linux-gnu.so
Listing 'lib/python3.11/site-packages/champ_msgs'...
Can't list 'lib/python3.11/site-packages/champ_msgs'
-- Installing: /home/irman/3dlidar_ros2_legged_robot_inspection/install/champ_msgs/lib/python3.11/site-packages/champ_msgs/champ_msgs_s__rosidl_typesupport_fastrtps_c.cpython-311-x86_64-linux-gnu.so
-- Set non-toolchain portion of runtime path of "/home/irman/3dlidar_ros2_legged_robot_inspection/install/champ_msgs/lib/python3.11/site-packages/champ_msgs/champ_msgs_s__rosidl_typesupport_fastrtps_c.cpython-311-x86_64-linux-gnu.so" to ""
-- Installing: /home/irman/3dlidar_ros2_legged_robot_inspection/install/champ_msgs/lib/python3.11/site-packages/champ_msgs/champ_msgs_s__rosidl_typesupport_introspection_c.cpython-311-x86_64-linux-gnu.so
-- Set non-toolchain portion of runtime path of "/home/irman/3dlidar_ros2_legged_robot_inspection/install/champ_msgs/lib/python3.11/site-packages/champ_msgs/champ_msgs_s__rosidl_typesupport_introspection_c.cpython-311-x86_64-linux-gnu.so" to ""
-- Installing: /home/irman/3dlidar_ros2_legged_robot_inspection/install/champ_msgs/lib/python3.11/site-packages/champ_msgs/champ_msgs_s__rosidl_typesupport_c.cpython-311-x86_64-linux-gnu.so
-- Set non-toolchain portion of runtime path of "/home/irman/3dlidar_ros2_legged_robot_inspection/install/champ_msgs/lib/python3.11/site-packages/champ_msgs/champ_msgs_s__rosidl_typesupport_c.cpython-311-x86_64-linux-gnu.so" to ""
-- Installing: /home/irman/3dlidar_ros2_legged_robot_inspection/install/champ_msgs/lib/libchamp_msgs__rosidl_generator_py.so
-- Set non-toolchain portion of runtime path of "/home/irman/3dlidar_ros2_legged_robot_inspection/install/champ_msgs/lib/libchamp_msgs__rosidl_generator_py.so" to ""
-- Installing: /home/irman/3dlidar_ros2_legged_robot_inspection/install/champ_msgs/share/champ_msgs/msg/Velocities.idl
-- Installing: /home/irman/3dlidar_ros2_legged_robot_inspection/install/champ_msgs/share/champ_msgs/msg/PID.idl
-- Installing: /home/irman/3dlidar_ros2_legged_robot_inspection/install/champ_msgs/share/champ_msgs/msg/Imu.idl
-- Installing: /home/irman/3dlidar_ros2_legged_robot_inspection/install/champ_msgs/share/champ_msgs/msg/Point.idl
-- Installing: /home/irman/3dlidar_ros2_legged_robot_inspection/install/champ_msgs/share/champ_msgs/msg/PointArray.idl
-- Installing: /home/irman/3dlidar_ros2_legged_robot_inspection/install/champ_msgs/share/champ_msgs/msg/Joints.idl
-- Installing: /home/irman/3dlidar_ros2_legged_robot_inspection/install/champ_msgs/share/champ_msgs/msg/Contacts.idl
-- Installing: /home/irman/3dlidar_ros2_legged_robot_inspection/install/champ_msgs/share/champ_msgs/msg/ContactsStamped.idl
-- Installing: /home/irman/3dlidar_ros2_legged_robot_inspection/install/champ_msgs/share/champ_msgs/msg/Pose.idl
-- Installing: /home/irman/3dlidar_ros2_legged_robot_inspection/install/champ_msgs/share/champ_msgs/msg/Velocities.msg
-- Installing: /home/irman/3dlidar_ros2_legged_robot_inspection/install/champ_msgs/share/champ_msgs/msg/PID.msg
-- Installing: /home/irman/3dlidar_ros2_legged_robot_inspection/install/champ_msgs/share/champ_msgs/msg/Imu.msg
-- Installing: /home/irman/3dlidar_ros2_legged_robot_inspection/install/champ_msgs/share/champ_msgs/msg/Point.msg
-- Installing: /home/irman/3dlidar_ros2_legged_robot_inspection/install/champ_msgs/share/champ_msgs/msg/PointArray.msg
-- Installing: /home/irman/3dlidar_ros2_legged_robot_inspection/install/champ_msgs/share/champ_msgs/msg/Joints.msg
-- Installing: /home/irman/3dlidar_ros2_legged_robot_inspection/install/champ_msgs/share/champ_msgs/msg/Contacts.msg
-- Installing: /home/irman/3dlidar_ros2_legged_robot_inspection/install/champ_msgs/share/champ_msgs/msg/ContactsStamped.msg
-- Installing: /home/irman/3dlidar_ros2_legged_robot_inspection/install/champ_msgs/share/champ_msgs/msg/Pose.msg
-- Installing: /home/irman/3dlidar_ros2_legged_robot_inspection/install/champ_msgs/share/ament_index/resource_index/package_run_dependencies/champ_msgs
-- Installing: /home/irman/3dlidar_ros2_legged_robot_inspection/install/champ_msgs/share/ament_index/resource_index/parent_prefix_path/champ_msgs
-- Installing: /home/irman/3dlidar_ros2_legged_robot_inspection/install/champ_msgs/share/champ_msgs/environment/ament_prefix_path.sh
-- Installing: /home/irman/3dlidar_ros2_legged_robot_inspection/install/champ_msgs/share/champ_msgs/environment/ament_prefix_path.dsv
-- Installing: /home/irman/3dlidar_ros2_legged_robot_inspection/install/champ_msgs/share/champ_msgs/environment/path.sh
-- Installing: /home/irman/3dlidar_ros2_legged_robot_inspection/install/champ_msgs/share/champ_msgs/environment/path.dsv
-- Installing: /home/irman/3dlidar_ros2_legged_robot_inspection/install/champ_msgs/share/champ_msgs/local_setup.bash
-- Installing: /home/irman/3dlidar_ros2_legged_robot_inspection/install/champ_msgs/share/champ_msgs/local_setup.sh
-- Installing: /home/irman/3dlidar_ros2_legged_robot_inspection/install/champ_msgs/share/champ_msgs/local_setup.zsh
-- Installing: /home/irman/3dlidar_ros2_legged_robot_inspection/install/champ_msgs/share/champ_msgs/local_setup.dsv
-- Installing: /home/irman/3dlidar_ros2_legged_robot_inspection/install/champ_msgs/share/champ_msgs/package.dsv
-- Installing: /home/irman/3dlidar_ros2_legged_robot_inspection/install/champ_msgs/share/ament_index/resource_index/packages/champ_msgs
-- Installing: /home/irman/3dlidar_ros2_legged_robot_inspection/install/champ_msgs/share/champ_msgs/cmake/export_champ_msgs__rosidl_generator_cExport.cmake
-- Installing: /home/irman/3dlidar_ros2_legged_robot_inspection/install/champ_msgs/share/champ_msgs/cmake/export_champ_msgs__rosidl_generator_cExport-noconfig.cmake
-- Installing: /home/irman/3dlidar_ros2_legged_robot_inspection/install/champ_msgs/share/champ_msgs/cmake/export_champ_msgs__rosidl_typesupport_fastrtps_cExport.cmake
-- Installing: /home/irman/3dlidar_ros2_legged_robot_inspection/install/champ_msgs/share/champ_msgs/cmake/export_champ_msgs__rosidl_typesupport_fastrtps_cExport-noconfig.cmake
-- Installing: /home/irman/3dlidar_ros2_legged_robot_inspection/install/champ_msgs/share/champ_msgs/cmake/champ_msgs__rosidl_typesupport_introspection_cExport.cmake
-- Installing: /home/irman/3dlidar_ros2_legged_robot_inspection/install/champ_msgs/share/champ_msgs/cmake/champ_msgs__rosidl_typesupport_introspection_cExport-noconfig.cmake
-- Installing: /home/irman/3dlidar_ros2_legged_robot_inspection/install/champ_msgs/share/champ_msgs/cmake/champ_msgs__rosidl_typesupport_cExport.cmake
-- Installing: /home/irman/3dlidar_ros2_legged_robot_inspection/install/champ_msgs/share/champ_msgs/cmake/champ_msgs__rosidl_typesupport_cExport-noconfig.cmake
-- Installing: /home/irman/3dlidar_ros2_legged_robot_inspection/install/champ_msgs/share/champ_msgs/cmake/export_champ_msgs__rosidl_generator_cppExport.cmake
-- Installing: /home/irman/3dlidar_ros2_legged_robot_inspection/install/champ_msgs/share/champ_msgs/cmake/export_champ_msgs__rosidl_typesupport_fastrtps_cppExport.cmake
-- Installing: /home/irman/3dlidar_ros2_legged_robot_inspection/install/champ_msgs/share/champ_msgs/cmake/export_champ_msgs__rosidl_typesupport_fastrtps_cppExport-noconfig.cmake
-- Installing: /home/irman/3dlidar_ros2_legged_robot_inspection/install/champ_msgs/share/champ_msgs/cmake/champ_msgs__rosidl_typesupport_introspection_cppExport.cmake
-- Installing: /home/irman/3dlidar_ros2_legged_robot_inspection/install/champ_msgs/share/champ_msgs/cmake/champ_msgs__rosidl_typesupport_introspection_cppExport-noconfig.cmake
-- Installing: /home/irman/3dlidar_ros2_legged_robot_inspection/install/champ_msgs/share/champ_msgs/cmake/champ_msgs__rosidl_typesupport_cppExport.cmake
-- Installing: /home/irman/3dlidar_ros2_legged_robot_inspection/install/champ_msgs/share/champ_msgs/cmake/champ_msgs__rosidl_typesupport_cppExport-noconfig.cmake
-- Installing: /home/irman/3dlidar_ros2_legged_robot_inspection/install/champ_msgs/share/champ_msgs/cmake/export_champ_msgs__rosidl_generator_pyExport.cmake
-- Installing: /home/irman/3dlidar_ros2_legged_robot_inspection/install/champ_msgs/share/champ_msgs/cmake/export_champ_msgs__rosidl_generator_pyExport-noconfig.cmake
-- Installing: /home/irman/3dlidar_ros2_legged_robot_inspection/install/champ_msgs/share/champ_msgs/cmake/rosidl_cmake-extras.cmake
-- Installing: /home/irman/3dlidar_ros2_legged_robot_inspection/install/champ_msgs/share/champ_msgs/cmake/ament_cmake_export_dependencies-extras.cmake
-- Installing: /home/irman/3dlidar_ros2_legged_robot_inspection/install/champ_msgs/share/champ_msgs/cmake/ament_cmake_export_include_directories-extras.cmake
-- Installing: /home/irman/3dlidar_ros2_legged_robot_inspection/install/champ_msgs/share/champ_msgs/cmake/ament_cmake_export_libraries-extras.cmake
-- Installing: /home/irman/3dlidar_ros2_legged_robot_inspection/install/champ_msgs/share/champ_msgs/cmake/ament_cmake_export_targets-extras.cmake
-- Installing: /home/irman/3dlidar_ros2_legged_robot_inspection/install/champ_msgs/share/champ_msgs/cmake/rosidl_cmake_export_typesupport_targets-extras.cmake
-- Installing: /home/irman/3dlidar_ros2_legged_robot_inspection/install/champ_msgs/share/champ_msgs/cmake/rosidl_cmake_export_typesupport_libraries-extras.cmake
-- Installing: /home/irman/3dlidar_ros2_legged_robot_inspection/install/champ_msgs/share/champ_msgs/cmake/champ_msgsConfig.cmake
-- Installing: /home/irman/3dlidar_ros2_legged_robot_inspection/install/champ_msgs/share/champ_msgs/cmake/champ_msgsConfig-version.cmake
-- Installing: /home/irman/3dlidar_ros2_legged_robot_inspection/install/champ_msgs/share/champ_msgs/package.xml
