[0.478s] Invoking command in '/home/irman/3dlidar_ros2_legged_robot_inspection/build/champ_navigation': CONDA_PROMPT_MODIFIER=(ros2_env) DEBUGINFOD_URLS=https://debuginfod.ubuntu.com /home/irman/micromamba/envs/ros2_env/bin/cmake /home/irman/3dlidar_ros2_legged_robot_inspection/src/unitree-go2-ros2/champ/champ_navigation -DCMAKE_INSTALL_PREFIX=/home/irman/3dlidar_ros2_legged_robot_inspection/install/champ_navigation
[0.504s] [0mCMake Deprecation Warning at CMakeLists.txt:1 (cmake_minimum_required):
[0.504s]   Compatibility with CMake < 3.10 will be removed from a future version of
[0.505s]   CMake.
[0.505s] 
[0.505s]   Update the VERSION argument <min> value.  Or, use the <min>...<max> syntax
[0.505s]   to tell CMake that the project requires at least <min> but has been updated
[0.505s]   to work with policies introduced by <max> or earlier.
[0.505s] 
[0.505s] [0m
[0.582s] -- The C compiler identification is GNU 14.3.0
[0.791s] -- The CXX compiler identification is GNU 14.3.0
[0.808s] -- Detecting C compiler ABI info
[0.946s] -- Detecting C compiler ABI info - done
[0.981s] -- Check for working C compiler: /home/irman/micromamba/envs/ros2_env/bin/x86_64-conda-linux-gnu-cc - skipped
[0.982s] -- Detecting C compile features
[0.983s] -- Detecting C compile features - done
[1.008s] -- Detecting CXX compiler ABI info
[1.175s] -- Detecting CXX compiler ABI info - done
[1.214s] -- Check for working CXX compiler: /home/irman/micromamba/envs/ros2_env/bin/x86_64-conda-linux-gnu-c++ - skipped
[1.215s] -- Detecting CXX compile features
[1.217s] -- Detecting CXX compile features - done
[1.246s] -- Found ament_cmake: 1.3.12 (/home/irman/micromamba/envs/ros2_env/share/ament_cmake/cmake)
[1.576s] -- Found Python3: /home/irman/micromamba/envs/ros2_env/bin/python3 (found version "3.11.14") found components: Interpreter
[1.967s] -- Configuring done (1.5s)
[1.974s] -- Generating done (0.0s)
[1.976s] -- Build files have been written to: /home/irman/3dlidar_ros2_legged_robot_inspection/build/champ_navigation
