[0.062s] Invoking command in '/home/irman/3dlidar_ros2_legged_robot_inspection/build/go2_config': CONDA_PROMPT_MODIFIER=(ros2_env) DEBUGINFOD_URLS=https://debuginfod.ubuntu.com /home/irman/micromamba/envs/ros2_env/bin/cmake /home/irman/3dlidar_ros2_legged_robot_inspection/src/unitree-go2-ros2/robots/configs/go2_config -DCMAKE_INSTALL_PREFIX=/home/irman/3dlidar_ros2_legged_robot_inspection/install/go2_config
[0.526s] -- The C compiler identification is GNU 14.3.0
[0.526s] -- The CXX compiler identification is GNU 14.3.0
[0.526s] -- Detecting C compiler ABI info
[0.527s] [0mCMake Deprecation Warning at CMakeLists.txt:1 (cmake_minimum_required):
[0.527s]   Compatibility with CMake < 3.10 will be removed from a future version of
[0.527s]   CMake.
[0.527s] 
[0.527s]   Update the VERSION argument <min> value.  Or, use the <min>...<max> syntax
[0.527s]   to tell CMake that the project requires at least <min> but has been updated
[0.527s]   to work with policies introduced by <max> or earlier.
[0.528s] 
[0.528s] [0m
[0.578s] -- Detecting C compiler ABI info - done
[0.616s] -- Check for working C compiler: /home/irman/micromamba/envs/ros2_env/bin/x86_64-conda-linux-gnu-cc - skipped
[0.616s] -- Detecting C compile features
[0.617s] -- Detecting C compile features - done
[0.639s] -- Detecting CXX compiler ABI info
[0.816s] -- Detecting CXX compiler ABI info - done
[0.857s] -- Check for working CXX compiler: /home/irman/micromamba/envs/ros2_env/bin/x86_64-conda-linux-gnu-c++ - skipped
[0.857s] -- Detecting CXX compile features
[0.858s] -- Detecting CXX compile features - done
[0.880s] -- Found ament_cmake: 1.3.12 (/home/irman/micromamba/envs/ros2_env/share/ament_cmake/cmake)
[1.273s] -- Found Python3: /home/irman/micromamba/envs/ros2_env/bin/python3 (found version "3.11.14") found components: Interpreter
[1.687s] -- Configuring done (1.6s)
[1.693s] -- Generating done (0.0s)
[1.695s] -- Build files have been written to: /home/irman/3dlidar_ros2_legged_robot_inspection/build/go2_config
