-- Install configuration: ""
-- Installing: /home/irman/3dlidar_ros2_legged_robot_inspection/install/champ_config/share/champ_config/launch
-- Installing: /home/irman/3dlidar_ros2_legged_robot_inspection/install/champ_config/share/champ_config/launch/bringup.launch.py
-- Installing: /home/irman/3dlidar_ros2_legged_robot_inspection/install/champ_config/share/champ_config/launch/gazebo.launch.py
-- Installing: /home/irman/3dlidar_ros2_legged_robot_inspection/install/champ_config/share/champ_config/launch/slam.launch.py
-- Installing: /home/irman/3dlidar_ros2_legged_robot_inspection/install/champ_config/share/champ_config/launch/navigate.launch.py
-- Installing: /home/irman/3dlidar_ros2_legged_robot_inspection/install/champ_config/share/champ_config/config
-- Installing: /home/irman/3dlidar_ros2_legged_robot_inspection/install/champ_config/share/champ_config/config/joints
-- Installing: /home/irman/3dlidar_ros2_legged_robot_inspection/install/champ_config/share/champ_config/config/joints/joints.yaml
-- Installing: /home/irman/3dlidar_ros2_legged_robot_inspection/install/champ_config/share/champ_config/config/autonomy
-- Installing: /home/irman/3dlidar_ros2_legged_robot_inspection/install/champ_config/share/champ_config/config/autonomy/navigation.yaml
-- Installing: /home/irman/3dlidar_ros2_legged_robot_inspection/install/champ_config/share/champ_config/config/autonomy/slam.yaml
-- Installing: /home/irman/3dlidar_ros2_legged_robot_inspection/install/champ_config/share/champ_config/config/links
-- Installing: /home/irman/3dlidar_ros2_legged_robot_inspection/install/champ_config/share/champ_config/config/links/links.yaml
-- Installing: /home/irman/3dlidar_ros2_legged_robot_inspection/install/champ_config/share/champ_config/config/gait
-- Installing: /home/irman/3dlidar_ros2_legged_robot_inspection/install/champ_config/share/champ_config/config/gait/gait.yaml
-- Installing: /home/irman/3dlidar_ros2_legged_robot_inspection/install/champ_config/share/champ_config/maps
-- Installing: /home/irman/3dlidar_ros2_legged_robot_inspection/install/champ_config/share/champ_config/maps/playground.yaml
-- Installing: /home/irman/3dlidar_ros2_legged_robot_inspection/install/champ_config/share/champ_config/maps/map.pgm
-- Installing: /home/irman/3dlidar_ros2_legged_robot_inspection/install/champ_config/share/champ_config/maps/playground.pgm
-- Installing: /home/irman/3dlidar_ros2_legged_robot_inspection/install/champ_config/share/champ_config/maps/map.yaml
-- Installing: /home/irman/3dlidar_ros2_legged_robot_inspection/install/champ_config/share/champ_config/worlds
-- Installing: /home/irman/3dlidar_ros2_legged_robot_inspection/install/champ_config/share/champ_config/worlds/outdoor.world
-- Installing: /home/irman/3dlidar_ros2_legged_robot_inspection/install/champ_config/share/champ_config/worlds/playground.world
-- Installing: /home/irman/3dlidar_ros2_legged_robot_inspection/install/champ_config/share/champ_config/worlds/default.world
-- Installing: /home/irman/3dlidar_ros2_legged_robot_inspection/install/champ_config/share/ament_index/resource_index/package_run_dependencies/champ_config
-- Installing: /home/irman/3dlidar_ros2_legged_robot_inspection/install/champ_config/share/ament_index/resource_index/parent_prefix_path/champ_config
-- Installing: /home/irman/3dlidar_ros2_legged_robot_inspection/install/champ_config/share/champ_config/environment/ament_prefix_path.sh
-- Installing: /home/irman/3dlidar_ros2_legged_robot_inspection/install/champ_config/share/champ_config/environment/ament_prefix_path.dsv
-- Installing: /home/irman/3dlidar_ros2_legged_robot_inspection/install/champ_config/share/champ_config/environment/path.sh
-- Installing: /home/irman/3dlidar_ros2_legged_robot_inspection/install/champ_config/share/champ_config/environment/path.dsv
-- Installing: /home/irman/3dlidar_ros2_legged_robot_inspection/install/champ_config/share/champ_config/local_setup.bash
-- Installing: /home/irman/3dlidar_ros2_legged_robot_inspection/install/champ_config/share/champ_config/local_setup.sh
-- Installing: /home/irman/3dlidar_ros2_legged_robot_inspection/install/champ_config/share/champ_config/local_setup.zsh
-- Installing: /home/irman/3dlidar_ros2_legged_robot_inspection/install/champ_config/share/champ_config/local_setup.dsv
-- Installing: /home/irman/3dlidar_ros2_legged_robot_inspection/install/champ_config/share/champ_config/package.dsv
-- Installing: /home/irman/3dlidar_ros2_legged_robot_inspection/install/champ_config/share/ament_index/resource_index/packages/champ_config
-- Installing: /home/irman/3dlidar_ros2_legged_robot_inspection/install/champ_config/share/champ_config/cmake/champ_configConfig.cmake
-- Installing: /home/irman/3dlidar_ros2_legged_robot_inspection/install/champ_config/share/champ_config/cmake/champ_configConfig-version.cmake
-- Installing: /home/irman/3dlidar_ros2_legged_robot_inspection/install/champ_config/share/champ_config/package.xml
