-- Install configuration: ""
-- Installing: /home/irman/3dlidar_ros2_legged_robot_inspection/install/champ/include
-- Installing: /home/irman/3dlidar_ros2_legged_robot_inspection/install/champ/include/champ
-- Installing: /home/irman/3dlidar_ros2_legged_robot_inspection/install/champ/include/champ/leg_controller
-- Installing: /home/irman/3dlidar_ros2_legged_robot_inspection/install/champ/include/champ/leg_controller/trajectory_planner.h
-- Installing: /home/irman/3dlidar_ros2_legged_robot_inspection/install/champ/include/champ/leg_controller/phase_generator.h
-- Installing: /home/irman/3dlidar_ros2_legged_robot_inspection/install/champ/include/champ/leg_controller/leg_controller.h
-- Installing: /home/irman/3dlidar_ros2_legged_robot_inspection/install/champ/include/champ/geometry
-- Installing: /home/irman/3dlidar_ros2_legged_robot_inspection/install/champ/include/champ/geometry/geometry.h
-- Installing: /home/irman/3dlidar_ros2_legged_robot_inspection/install/champ/include/champ/bla
-- Installing: /home/irman/3dlidar_ros2_legged_robot_inspection/install/champ/include/champ/bla/basic_linear_algebra.h
-- Installing: /home/irman/3dlidar_ros2_legged_robot_inspection/install/champ/include/champ/bla/memory_delegate.h
-- Installing: /home/irman/3dlidar_ros2_legged_robot_inspection/install/champ/include/champ/quadruped_base
-- Installing: /home/irman/3dlidar_ros2_legged_robot_inspection/install/champ/include/champ/quadruped_base/quadruped_joint.h
-- Installing: /home/irman/3dlidar_ros2_legged_robot_inspection/install/champ/include/champ/quadruped_base/quadruped_leg.h
-- Installing: /home/irman/3dlidar_ros2_legged_robot_inspection/install/champ/include/champ/quadruped_base/quadruped_base.h
-- Installing: /home/irman/3dlidar_ros2_legged_robot_inspection/install/champ/include/champ/quadruped_base/quadruped_components.h
-- Installing: /home/irman/3dlidar_ros2_legged_robot_inspection/install/champ/include/champ/kinematics
-- Installing: /home/irman/3dlidar_ros2_legged_robot_inspection/install/champ/include/champ/kinematics/kinematics.h
-- Installing: /home/irman/3dlidar_ros2_legged_robot_inspection/install/champ/include/champ/README.md
-- Installing: /home/irman/3dlidar_ros2_legged_robot_inspection/install/champ/include/champ/LICENSE
-- Installing: /home/irman/3dlidar_ros2_legged_robot_inspection/install/champ/include/champ/utils
-- Installing: /home/irman/3dlidar_ros2_legged_robot_inspection/install/champ/include/champ/utils/xmlrpc_helpers.h
-- Installing: /home/irman/3dlidar_ros2_legged_robot_inspection/install/champ/include/champ/utils/urdf_loader.h
-- Installing: /home/irman/3dlidar_ros2_legged_robot_inspection/install/champ/include/champ/macros
-- Installing: /home/irman/3dlidar_ros2_legged_robot_inspection/install/champ/include/champ/macros/macros.h
-- Installing: /home/irman/3dlidar_ros2_legged_robot_inspection/install/champ/include/champ/body_controller
-- Installing: /home/irman/3dlidar_ros2_legged_robot_inspection/install/champ/include/champ/body_controller/body_controller.h
-- Installing: /home/irman/3dlidar_ros2_legged_robot_inspection/install/champ/include/champ/odometry
-- Installing: /home/irman/3dlidar_ros2_legged_robot_inspection/install/champ/include/champ/odometry/odometry.h
-- Installing: /home/irman/3dlidar_ros2_legged_robot_inspection/install/champ/share/ament_index/resource_index/package_run_dependencies/champ
-- Installing: /home/irman/3dlidar_ros2_legged_robot_inspection/install/champ/share/ament_index/resource_index/parent_prefix_path/champ
-- Installing: /home/irman/3dlidar_ros2_legged_robot_inspection/install/champ/share/champ/environment/ament_prefix_path.sh
-- Installing: /home/irman/3dlidar_ros2_legged_robot_inspection/install/champ/share/champ/environment/ament_prefix_path.dsv
-- Installing: /home/irman/3dlidar_ros2_legged_robot_inspection/install/champ/share/champ/environment/path.sh
-- Installing: /home/irman/3dlidar_ros2_legged_robot_inspection/install/champ/share/champ/environment/path.dsv
-- Installing: /home/irman/3dlidar_ros2_legged_robot_inspection/install/champ/share/champ/local_setup.bash
-- Installing: /home/irman/3dlidar_ros2_legged_robot_inspection/install/champ/share/champ/local_setup.sh
-- Installing: /home/irman/3dlidar_ros2_legged_robot_inspection/install/champ/share/champ/local_setup.zsh
-- Installing: /home/irman/3dlidar_ros2_legged_robot_inspection/install/champ/share/champ/local_setup.dsv
-- Installing: /home/irman/3dlidar_ros2_legged_robot_inspection/install/champ/share/champ/package.dsv
-- Installing: /home/irman/3dlidar_ros2_legged_robot_inspection/install/champ/share/ament_index/resource_index/packages/champ
-- Installing: /home/irman/3dlidar_ros2_legged_robot_inspection/install/champ/share/champ/cmake/ament_cmake_export_include_directories-extras.cmake
-- Installing: /home/irman/3dlidar_ros2_legged_robot_inspection/install/champ/share/champ/cmake/champConfig.cmake
-- Installing: /home/irman/3dlidar_ros2_legged_robot_inspection/install/champ/share/champ/cmake/champConfig-version.cmake
-- Installing: /home/irman/3dlidar_ros2_legged_robot_inspection/install/champ/share/champ/package.xml
