[0.034s] Invoking command in '/home/irman/3dlidar_ros2_legged_robot_inspection/build/champ': CONDA_PROMPT_MODIFIER=(ros2_env) DEBUGINFOD_URLS=https://debuginfod.ubuntu.com /home/irman/micromamba/envs/ros2_env/bin/cmake --build /home/irman/3dlidar_ros2_legged_robot_inspection/build/champ -- -j16 -l16
[0.237s] Invoked command in '/home/irman/3dlidar_ros2_legged_robot_inspection/build/champ' returned '0': CONDA_PROMPT_MODIFIER=(ros2_env) DEBUGINFOD_URLS=https://debuginfod.ubuntu.com /home/irman/micromamba/envs/ros2_env/bin/cmake --build /home/irman/3dlidar_ros2_legged_robot_inspection/build/champ -- -j16 -l16
[0.244s] Invoking command in '/home/irman/3dlidar_ros2_legged_robot_inspection/build/champ': CONDA_PROMPT_MODIFIER=(ros2_env) DEBUGINFOD_URLS=https://debuginfod.ubuntu.com /home/irman/micromamba/envs/ros2_env/bin/cmake --install /home/irman/3dlidar_ros2_legged_robot_inspection/build/champ
[0.249s] -- Install configuration: ""
[0.249s] -- Installing: /home/irman/3dlidar_ros2_legged_robot_inspection/install/champ/include
[0.250s] -- Installing: /home/irman/3dlidar_ros2_legged_robot_inspection/install/champ/include/champ
[0.250s] -- Installing: /home/irman/3dlidar_ros2_legged_robot_inspection/install/champ/include/champ/leg_controller
[0.250s] -- Installing: /home/irman/3dlidar_ros2_legged_robot_inspection/install/champ/include/champ/leg_controller/trajectory_planner.h
[0.250s] -- Installing: /home/irman/3dlidar_ros2_legged_robot_inspection/install/champ/include/champ/leg_controller/phase_generator.h
[0.251s] -- Installing: /home/irman/3dlidar_ros2_legged_robot_inspection/install/champ/include/champ/leg_controller/leg_controller.h
[0.251s] -- Installing: /home/irman/3dlidar_ros2_legged_robot_inspection/install/champ/include/champ/geometry
[0.251s] -- Installing: /home/irman/3dlidar_ros2_legged_robot_inspection/install/champ/include/champ/geometry/geometry.h
[0.251s] -- Installing: /home/irman/3dlidar_ros2_legged_robot_inspection/install/champ/include/champ/bla
[0.251s] -- Installing: /home/irman/3dlidar_ros2_legged_robot_inspection/install/champ/include/champ/bla/basic_linear_algebra.h
[0.252s] -- Installing: /home/irman/3dlidar_ros2_legged_robot_inspection/install/champ/include/champ/bla/memory_delegate.h
[0.252s] -- Installing: /home/irman/3dlidar_ros2_legged_robot_inspection/install/champ/include/champ/quadruped_base
[0.252s] -- Installing: /home/irman/3dlidar_ros2_legged_robot_inspection/install/champ/include/champ/quadruped_base/quadruped_joint.h
[0.252s] -- Installing: /home/irman/3dlidar_ros2_legged_robot_inspection/install/champ/include/champ/quadruped_base/quadruped_leg.h
[0.252s] -- Installing: /home/irman/3dlidar_ros2_legged_robot_inspection/install/champ/include/champ/quadruped_base/quadruped_base.h
[0.252s] -- Installing: /home/irman/3dlidar_ros2_legged_robot_inspection/install/champ/include/champ/quadruped_base/quadruped_components.h
[0.252s] -- Installing: /home/irman/3dlidar_ros2_legged_robot_inspection/install/champ/include/champ/kinematics
[0.252s] -- Installing: /home/irman/3dlidar_ros2_legged_robot_inspection/install/champ/include/champ/kinematics/kinematics.h
[0.253s] -- Installing: /home/irman/3dlidar_ros2_legged_robot_inspection/install/champ/include/champ/README.md
[0.254s] -- Installing: /home/irman/3dlidar_ros2_legged_robot_inspection/install/champ/include/champ/LICENSE
[0.255s] -- Installing: /home/irman/3dlidar_ros2_legged_robot_inspection/install/champ/include/champ/utils
[0.257s] -- Installing: /home/irman/3dlidar_ros2_legged_robot_inspection/install/champ/include/champ/utils/xmlrpc_helpers.h
[0.257s] -- Installing: /home/irman/3dlidar_ros2_legged_robot_inspection/install/champ/include/champ/utils/urdf_loader.h
[0.257s] -- Installing: /home/irman/3dlidar_ros2_legged_robot_inspection/install/champ/include/champ/macros
[0.257s] -- Installing: /home/irman/3dlidar_ros2_legged_robot_inspection/install/champ/include/champ/macros/macros.h
[0.257s] -- Installing: /home/irman/3dlidar_ros2_legged_robot_inspection/install/champ/include/champ/body_controller
[0.257s] -- Installing: /home/irman/3dlidar_ros2_legged_robot_inspection/install/champ/include/champ/body_controller/body_controller.h
[0.258s] -- Installing: /home/irman/3dlidar_ros2_legged_robot_inspection/install/champ/include/champ/odometry
[0.258s] -- Installing: /home/irman/3dlidar_ros2_legged_robot_inspection/install/champ/include/champ/odometry/odometry.h
[0.258s] -- Installing: /home/irman/3dlidar_ros2_legged_robot_inspection/install/champ/share/ament_index/resource_index/package_run_dependencies/champ
[0.258s] -- Installing: /home/irman/3dlidar_ros2_legged_robot_inspection/install/champ/share/ament_index/resource_index/parent_prefix_path/champ
[0.258s] -- Installing: /home/irman/3dlidar_ros2_legged_robot_inspection/install/champ/share/champ/environment/ament_prefix_path.sh
[0.259s] -- Installing: /home/irman/3dlidar_ros2_legged_robot_inspection/install/champ/share/champ/environment/ament_prefix_path.dsv
[0.259s] -- Installing: /home/irman/3dlidar_ros2_legged_robot_inspection/install/champ/share/champ/environment/path.sh
[0.259s] -- Installing: /home/irman/3dlidar_ros2_legged_robot_inspection/install/champ/share/champ/environment/path.dsv
[0.259s] -- Installing: /home/irman/3dlidar_ros2_legged_robot_inspection/install/champ/share/champ/local_setup.bash
[0.260s] -- Installing: /home/irman/3dlidar_ros2_legged_robot_inspection/install/champ/share/champ/local_setup.sh
[0.260s] -- Installing: /home/irman/3dlidar_ros2_legged_robot_inspection/install/champ/share/champ/local_setup.zsh
[0.260s] -- Installing: /home/irman/3dlidar_ros2_legged_robot_inspection/install/champ/share/champ/local_setup.dsv
[0.263s] -- Installing: /home/irman/3dlidar_ros2_legged_robot_inspection/install/champ/share/champ/package.dsv
[0.265s] -- Installing: /home/irman/3dlidar_ros2_legged_robot_inspection/install/champ/share/ament_index/resource_index/packages/champ
[0.265s] -- Installing: /home/irman/3dlidar_ros2_legged_robot_inspection/install/champ/share/champ/cmake/ament_cmake_export_include_directories-extras.cmake
[0.265s] -- Installing: /home/irman/3dlidar_ros2_legged_robot_inspection/install/champ/share/champ/cmake/champConfig.cmake
[0.265s] -- Installing: /home/irman/3dlidar_ros2_legged_robot_inspection/install/champ/share/champ/cmake/champConfig-version.cmake
[0.265s] -- Installing: /home/irman/3dlidar_ros2_legged_robot_inspection/install/champ/share/champ/package.xml
[0.276s] Invoked command in '/home/irman/3dlidar_ros2_legged_robot_inspection/build/champ' returned '0': CONDA_PROMPT_MODIFIER=(ros2_env) DEBUGINFOD_URLS=https://debuginfod.ubuntu.com /home/irman/micromamba/envs/ros2_env/bin/cmake --install /home/irman/3dlidar_ros2_legged_robot_inspection/build/champ
