[0.093s] [34mcolcon[0m [1;30mDEBUG[0m [32mCommand line arguments: ['/home/irman/micromamba/envs/ros2_env/bin/colcon', 'build', '--packages-select', 'go2_bringup'][0m
[0.093s] [34mcolcon[0m [1;30mDEBUG[0m [32mParsed command line arguments: Namespace(log_base=None, log_level=None, verb_name='build', build_base='build', install_base='install', merge_install=False, symlink_install=False, test_result_base=None, continue_on_error=False, executor='parallel', parallel_workers=16, event_handlers=None, ignore_user_meta=False, metas=['./colcon.meta'], base_paths=['.'], packages_ignore=None, packages_ignore_regex=None, paths=None, packages_up_to=None, packages_up_to_regex=None, packages_above=None, packages_above_and_dependencies=None, packages_above_depth=None, packages_select_by_dep=None, packages_skip_by_dep=None, packages_skip_up_to=None, packages_select_build_failed=False, packages_skip_build_finished=False, packages_select_test_failures=False, packages_skip_test_passed=False, packages_select=['go2_bringup'], packages_skip=None, packages_select_regex=None, packages_skip_regex=None, packages_start=None, packages_end=None, cmake_args=None, cmake_target=None, cmake_target_skip_unavailable=False, cmake_clean_cache=False, cmake_clean_first=False, cmake_force_configure=False, ament_cmake_args=None, catkin_cmake_args=None, catkin_skip_building_tests=False, verb_parser=<colcon_defaults.argument_parser.defaults.DefaultArgumentsDecorator object at 0x778e7ef5b890>, verb_extension=<colcon_core.verb.build.BuildVerb object at 0x778e7ef5aad0>, main=<bound method BuildVerb.main of <colcon_core.verb.build.BuildVerb object at 0x778e7ef5aad0>>)[0m
[0.117s] [34mcolcon.colcon_core.package_discovery[0m [1;30mLevel 1[0m discover_packages(colcon_meta) check parameters
[0.117s] [34mcolcon.colcon_core.package_discovery[0m [1;30mLevel 1[0m discover_packages(recursive) check parameters
[0.117s] [34mcolcon.colcon_core.package_discovery[0m [1;30mLevel 1[0m discover_packages(ignore) check parameters
[0.117s] [34mcolcon.colcon_core.package_discovery[0m [1;30mLevel 1[0m discover_packages(path) check parameters
[0.117s] [34mcolcon.colcon_core.package_discovery[0m [1;30mLevel 1[0m discover_packages(colcon_meta) discover
[0.117s] [34mcolcon.colcon_core.package_discovery[0m [1;30mLevel 1[0m discover_packages(recursive) discover
[0.117s] [34mcolcon.colcon_core.package_discovery[0m [1;30mINFO[0m Crawling recursively for packages in '/home/irman/Dangerous-Industrial-Inspection-Robot-3D-Lidar-and-Depth-Camera'
[0.117s] [34mcolcon.colcon_core.package_identification[0m [1;30mLevel 1[0m _identify(.) by extensions ['ignore', 'ignore_ament_install']
[0.117s] [34mcolcon.colcon_core.package_identification[0m [1;30mLevel 1[0m _identify(.) by extension 'ignore'
[0.117s] [34mcolcon.colcon_core.package_identification[0m [1;30mLevel 1[0m _identify(.) by extension 'ignore_ament_install'
[0.117s] [34mcolcon.colcon_core.package_identification[0m [1;30mLevel 1[0m _identify(.) by extensions ['colcon_pkg']
[0.117s] [34mcolcon.colcon_core.package_identification[0m [1;30mLevel 1[0m _identify(.) by extension 'colcon_pkg'
[0.117s] [34mcolcon.colcon_core.package_identification[0m [1;30mLevel 1[0m _identify(.) by extensions ['colcon_meta']
[0.117s] [34mcolcon.colcon_core.package_identification[0m [1;30mLevel 1[0m _identify(.) by extension 'colcon_meta'
[0.117s] [34mcolcon.colcon_core.package_identification[0m [1;30mLevel 1[0m _identify(.) by extensions ['ros']
[0.117s] [34mcolcon.colcon_core.package_identification[0m [1;30mLevel 1[0m _identify(.) by extension 'ros'
[0.134s] [34mcolcon.colcon_core.package_identification[0m [1;30mLevel 1[0m _identify(.) by extensions ['cmake', 'python']
[0.134s] [34mcolcon.colcon_core.package_identification[0m [1;30mLevel 1[0m _identify(.) by extension 'cmake'
[0.134s] [34mcolcon.colcon_core.package_identification[0m [1;30mLevel 1[0m _identify(.) by extension 'python'
[0.134s] [34mcolcon.colcon_core.package_identification[0m [1;30mLevel 1[0m _identify(.) by extensions ['python_setup_py']
[0.134s] [34mcolcon.colcon_core.package_identification[0m [1;30mLevel 1[0m _identify(.) by extension 'python_setup_py'
[0.134s] [34mcolcon.colcon_core.package_identification[0m [1;30mLevel 1[0m _identify(build) by extensions ['ignore', 'ignore_ament_install']
[0.134s] [34mcolcon.colcon_core.package_identification[0m [1;30mLevel 1[0m _identify(build) by extension 'ignore'
[0.134s] [34mcolcon.colcon_core.package_identification[0m [1;30mLevel 1[0m _identify(build) ignored
[0.134s] [34mcolcon.colcon_core.package_identification[0m [1;30mLevel 1[0m _identify(docs) by extensions ['ignore', 'ignore_ament_install']
[0.134s] [34mcolcon.colcon_core.package_identification[0m [1;30mLevel 1[0m _identify(docs) by extension 'ignore'
[0.134s] [34mcolcon.colcon_core.package_identification[0m [1;30mLevel 1[0m _identify(docs) by extension 'ignore_ament_install'
[0.134s] [34mcolcon.colcon_core.package_identification[0m [1;30mLevel 1[0m _identify(docs) by extensions ['colcon_pkg']
[0.134s] [34mcolcon.colcon_core.package_identification[0m [1;30mLevel 1[0m _identify(docs) by extension 'colcon_pkg'
[0.134s] [34mcolcon.colcon_core.package_identification[0m [1;30mLevel 1[0m _identify(docs) by extensions ['colcon_meta']
[0.134s] [34mcolcon.colcon_core.package_identification[0m [1;30mLevel 1[0m _identify(docs) by extension 'colcon_meta'
[0.134s] [34mcolcon.colcon_core.package_identification[0m [1;30mLevel 1[0m _identify(docs) by extensions ['ros']
[0.135s] [34mcolcon.colcon_core.package_identification[0m [1;30mLevel 1[0m _identify(docs) by extension 'ros'
[0.135s] [34mcolcon.colcon_core.package_identification[0m [1;30mLevel 1[0m _identify(docs) by extensions ['cmake', 'python']
[0.135s] [34mcolcon.colcon_core.package_identification[0m [1;30mLevel 1[0m _identify(docs) by extension 'cmake'
[0.135s] [34mcolcon.colcon_core.package_identification[0m [1;30mLevel 1[0m _identify(docs) by extension 'python'
[0.135s] [34mcolcon.colcon_core.package_identification[0m [1;30mLevel 1[0m _identify(docs) by extensions ['python_setup_py']
[0.135s] [34mcolcon.colcon_core.package_identification[0m [1;30mLevel 1[0m _identify(docs) by extension 'python_setup_py'
[0.135s] [34mcolcon.colcon_core.package_identification[0m [1;30mLevel 1[0m _identify(install) by extensions ['ignore', 'ignore_ament_install']
[0.135s] [34mcolcon.colcon_core.package_identification[0m [1;30mLevel 1[0m _identify(install) by extension 'ignore'
[0.135s] [34mcolcon.colcon_core.package_identification[0m [1;30mLevel 1[0m _identify(install) ignored
[0.135s] [34mcolcon.colcon_core.package_identification[0m [1;30mLevel 1[0m _identify(log) by extensions ['ignore', 'ignore_ament_install']
[0.135s] [34mcolcon.colcon_core.package_identification[0m [1;30mLevel 1[0m _identify(log) by extension 'ignore'
[0.135s] [34mcolcon.colcon_core.package_identification[0m [1;30mLevel 1[0m _identify(log) ignored
[0.135s] [34mcolcon.colcon_core.package_identification[0m [1;30mLevel 1[0m _identify(src) by extensions ['ignore', 'ignore_ament_install']
[0.135s] [34mcolcon.colcon_core.package_identification[0m [1;30mLevel 1[0m _identify(src) by extension 'ignore'
[0.135s] [34mcolcon.colcon_core.package_identification[0m [1;30mLevel 1[0m _identify(src) by extension 'ignore_ament_install'
[0.135s] [34mcolcon.colcon_core.package_identification[0m [1;30mLevel 1[0m _identify(src) by extensions ['colcon_pkg']
[0.135s] [34mcolcon.colcon_core.package_identification[0m [1;30mLevel 1[0m _identify(src) by extension 'colcon_pkg'
[0.135s] [34mcolcon.colcon_core.package_identification[0m [1;30mLevel 1[0m _identify(src) by extensions ['colcon_meta']
[0.135s] [34mcolcon.colcon_core.package_identification[0m [1;30mLevel 1[0m _identify(src) by extension 'colcon_meta'
[0.135s] [34mcolcon.colcon_core.package_identification[0m [1;30mLevel 1[0m _identify(src) by extensions ['ros']
[0.135s] [34mcolcon.colcon_core.package_identification[0m [1;30mLevel 1[0m _identify(src) by extension 'ros'
[0.135s] [34mcolcon.colcon_core.package_identification[0m [1;30mLevel 1[0m _identify(src) by extensions ['cmake', 'python']
[0.135s] [34mcolcon.colcon_core.package_identification[0m [1;30mLevel 1[0m _identify(src) by extension 'cmake'
[0.135s] [34mcolcon.colcon_core.package_identification[0m [1;30mLevel 1[0m _identify(src) by extension 'python'
[0.135s] [34mcolcon.colcon_core.package_identification[0m [1;30mLevel 1[0m _identify(src) by extensions ['python_setup_py']
[0.135s] [34mcolcon.colcon_core.package_identification[0m [1;30mLevel 1[0m _identify(src) by extension 'python_setup_py'
[0.135s] [34mcolcon.colcon_core.package_identification[0m [1;30mLevel 1[0m _identify(src/aws_warehouse_world) by extensions ['ignore', 'ignore_ament_install']
[0.135s] [34mcolcon.colcon_core.package_identification[0m [1;30mLevel 1[0m _identify(src/aws_warehouse_world) by extension 'ignore'
[0.135s] [34mcolcon.colcon_core.package_identification[0m [1;30mLevel 1[0m _identify(src/aws_warehouse_world) ignored
[0.136s] [34mcolcon.colcon_core.package_identification[0m [1;30mLevel 1[0m _identify(src/go2_bringup) by extensions ['ignore', 'ignore_ament_install']
[0.136s] [34mcolcon.colcon_core.package_identification[0m [1;30mLevel 1[0m _identify(src/go2_bringup) by extension 'ignore'
[0.136s] [34mcolcon.colcon_core.package_identification[0m [1;30mLevel 1[0m _identify(src/go2_bringup) by extension 'ignore_ament_install'
[0.136s] [34mcolcon.colcon_core.package_identification[0m [1;30mLevel 1[0m _identify(src/go2_bringup) by extensions ['colcon_pkg']
[0.136s] [34mcolcon.colcon_core.package_identification[0m [1;30mLevel 1[0m _identify(src/go2_bringup) by extension 'colcon_pkg'
[0.136s] [34mcolcon.colcon_core.package_identification[0m [1;30mLevel 1[0m _identify(src/go2_bringup) by extensions ['colcon_meta']
[0.136s] [34mcolcon.colcon_core.package_identification[0m [1;30mLevel 1[0m _identify(src/go2_bringup) by extension 'colcon_meta'
[0.136s] [34mcolcon.colcon_core.package_identification[0m [1;30mLevel 1[0m _identify(src/go2_bringup) by extensions ['ros']
[0.136s] [34mcolcon.colcon_core.package_identification[0m [1;30mLevel 1[0m _identify(src/go2_bringup) by extension 'ros'
[0.137s] [34mcolcon.colcon_core.package_identification[0m [1;30mDEBUG[0m [32mPackage 'src/go2_bringup' with type 'ros.ament_cmake' and name 'go2_bringup'[0m
[0.137s] [34mcolcon.colcon_core.package_identification[0m [1;30mLevel 1[0m _identify(src/go2_control) by extensions ['ignore', 'ignore_ament_install']
[0.137s] [34mcolcon.colcon_core.package_identification[0m [1;30mLevel 1[0m _identify(src/go2_control) by extension 'ignore'
[0.138s] [34mcolcon.colcon_core.package_identification[0m [1;30mLevel 1[0m _identify(src/go2_control) by extension 'ignore_ament_install'
[0.138s] [34mcolcon.colcon_core.package_identification[0m [1;30mLevel 1[0m _identify(src/go2_control) by extensions ['colcon_pkg']
[0.138s] [34mcolcon.colcon_core.package_identification[0m [1;30mLevel 1[0m _identify(src/go2_control) by extension 'colcon_pkg'
[0.138s] [34mcolcon.colcon_core.package_identification[0m [1;30mLevel 1[0m _identify(src/go2_control) by extensions ['colcon_meta']
[0.138s] [34mcolcon.colcon_core.package_identification[0m [1;30mLevel 1[0m _identify(src/go2_control) by extension 'colcon_meta'
[0.138s] [34mcolcon.colcon_core.package_identification[0m [1;30mLevel 1[0m _identify(src/go2_control) by extensions ['ros']
[0.138s] [34mcolcon.colcon_core.package_identification[0m [1;30mLevel 1[0m _identify(src/go2_control) by extension 'ros'
[0.138s] [34mcolcon.colcon_core.package_identification[0m [1;30mDEBUG[0m [32mPackage 'src/go2_control' with type 'ros.ament_python' and name 'go2_control'[0m
[0.138s] [34mcolcon.colcon_core.package_identification[0m [1;30mLevel 1[0m _identify(src/unitree-go2-ros2) by extensions ['ignore', 'ignore_ament_install']
[0.138s] [34mcolcon.colcon_core.package_identification[0m [1;30mLevel 1[0m _identify(src/unitree-go2-ros2) by extension 'ignore'
[0.138s] [34mcolcon.colcon_core.package_identification[0m [1;30mLevel 1[0m _identify(src/unitree-go2-ros2) by extension 'ignore_ament_install'
[0.138s] [34mcolcon.colcon_core.package_identification[0m [1;30mLevel 1[0m _identify(src/unitree-go2-ros2) by extensions ['colcon_pkg']
[0.138s] [34mcolcon.colcon_core.package_identification[0m [1;30mLevel 1[0m _identify(src/unitree-go2-ros2) by extension 'colcon_pkg'
[0.138s] [34mcolcon.colcon_core.package_identification[0m [1;30mLevel 1[0m _identify(src/unitree-go2-ros2) by extensions ['colcon_meta']
[0.138s] [34mcolcon.colcon_core.package_identification[0m [1;30mLevel 1[0m _identify(src/unitree-go2-ros2) by extension 'colcon_meta'
[0.138s] [34mcolcon.colcon_core.package_identification[0m [1;30mLevel 1[0m _identify(src/unitree-go2-ros2) by extensions ['ros']
[0.138s] [34mcolcon.colcon_core.package_identification[0m [1;30mLevel 1[0m _identify(src/unitree-go2-ros2) by extension 'ros'
[0.138s] [34mcolcon.colcon_core.package_identification[0m [1;30mLevel 1[0m _identify(src/unitree-go2-ros2) by extensions ['cmake', 'python']
[0.138s] [34mcolcon.colcon_core.package_identification[0m [1;30mLevel 1[0m _identify(src/unitree-go2-ros2) by extension 'cmake'
[0.138s] [34mcolcon.colcon_core.package_identification[0m [1;30mLevel 1[0m _identify(src/unitree-go2-ros2) by extension 'python'
[0.138s] [34mcolcon.colcon_core.package_identification[0m [1;30mLevel 1[0m _identify(src/unitree-go2-ros2) by extensions ['python_setup_py']
[0.138s] [34mcolcon.colcon_core.package_identification[0m [1;30mLevel 1[0m _identify(src/unitree-go2-ros2) by extension 'python_setup_py'
[0.139s] [34mcolcon.colcon_core.package_identification[0m [1;30mLevel 1[0m _identify(src/unitree-go2-ros2/champ) by extensions ['ignore', 'ignore_ament_install']
[0.139s] [34mcolcon.colcon_core.package_identification[0m [1;30mLevel 1[0m _identify(src/unitree-go2-ros2/champ) by extension 'ignore'
[0.139s] [34mcolcon.colcon_core.package_identification[0m [1;30mLevel 1[0m _identify(src/unitree-go2-ros2/champ) by extension 'ignore_ament_install'
[0.139s] [34mcolcon.colcon_core.package_identification[0m [1;30mLevel 1[0m _identify(src/unitree-go2-ros2/champ) by extensions ['colcon_pkg']
[0.139s] [34mcolcon.colcon_core.package_identification[0m [1;30mLevel 1[0m _identify(src/unitree-go2-ros2/champ) by extension 'colcon_pkg'
[0.139s] [34mcolcon.colcon_core.package_identification[0m [1;30mLevel 1[0m _identify(src/unitree-go2-ros2/champ) by extensions ['colcon_meta']
[0.139s] [34mcolcon.colcon_core.package_identification[0m [1;30mLevel 1[0m _identify(src/unitree-go2-ros2/champ) by extension 'colcon_meta'
[0.139s] [34mcolcon.colcon_core.package_identification[0m [1;30mLevel 1[0m _identify(src/unitree-go2-ros2/champ) by extensions ['ros']
[0.139s] [34mcolcon.colcon_core.package_identification[0m [1;30mLevel 1[0m _identify(src/unitree-go2-ros2/champ) by extension 'ros'
[0.139s] [34mcolcon.colcon_core.package_identification[0m [1;30mLevel 1[0m _identify(src/unitree-go2-ros2/champ) by extensions ['cmake', 'python']
[0.139s] [34mcolcon.colcon_core.package_identification[0m [1;30mLevel 1[0m _identify(src/unitree-go2-ros2/champ) by extension 'cmake'
[0.139s] [34mcolcon.colcon_core.package_identification[0m [1;30mLevel 1[0m _identify(src/unitree-go2-ros2/champ) by extension 'python'
[0.139s] [34mcolcon.colcon_core.package_identification[0m [1;30mLevel 1[0m _identify(src/unitree-go2-ros2/champ) by extensions ['python_setup_py']
[0.139s] [34mcolcon.colcon_core.package_identification[0m [1;30mLevel 1[0m _identify(src/unitree-go2-ros2/champ) by extension 'python_setup_py'
[0.139s] [34mcolcon.colcon_core.package_identification[0m [1;30mLevel 1[0m _identify(src/unitree-go2-ros2/champ/champ) by extensions ['ignore', 'ignore_ament_install']
[0.139s] [34mcolcon.colcon_core.package_identification[0m [1;30mLevel 1[0m _identify(src/unitree-go2-ros2/champ/champ) by extension 'ignore'
[0.139s] [34mcolcon.colcon_core.package_identification[0m [1;30mLevel 1[0m _identify(src/unitree-go2-ros2/champ/champ) by extension 'ignore_ament_install'
[0.139s] [34mcolcon.colcon_core.package_identification[0m [1;30mLevel 1[0m _identify(src/unitree-go2-ros2/champ/champ) by extensions ['colcon_pkg']
[0.139s] [34mcolcon.colcon_core.package_identification[0m [1;30mLevel 1[0m _identify(src/unitree-go2-ros2/champ/champ) by extension 'colcon_pkg'
[0.139s] [34mcolcon.colcon_core.package_identification[0m [1;30mLevel 1[0m _identify(src/unitree-go2-ros2/champ/champ) by extensions ['colcon_meta']
[0.139s] [34mcolcon.colcon_core.package_identification[0m [1;30mLevel 1[0m _identify(src/unitree-go2-ros2/champ/champ) by extension 'colcon_meta'
[0.139s] [34mcolcon.colcon_core.package_identification[0m [1;30mLevel 1[0m _identify(src/unitree-go2-ros2/champ/champ) by extensions ['ros']
[0.139s] [34mcolcon.colcon_core.package_identification[0m [1;30mLevel 1[0m _identify(src/unitree-go2-ros2/champ/champ) by extension 'ros'
[0.139s] [34mcolcon.colcon_core.package_identification[0m [1;30mDEBUG[0m [32mPackage 'src/unitree-go2-ros2/champ/champ' with type 'ros.ament_cmake' and name 'champ'[0m
[0.140s] [34mcolcon.colcon_core.package_identification[0m [1;30mLevel 1[0m _identify(src/unitree-go2-ros2/champ/champ_base) by extensions ['ignore', 'ignore_ament_install']
[0.140s] [34mcolcon.colcon_core.package_identification[0m [1;30mLevel 1[0m _identify(src/unitree-go2-ros2/champ/champ_base) by extension 'ignore'
[0.140s] [34mcolcon.colcon_core.package_identification[0m [1;30mLevel 1[0m _identify(src/unitree-go2-ros2/champ/champ_base) by extension 'ignore_ament_install'
[0.140s] [34mcolcon.colcon_core.package_identification[0m [1;30mLevel 1[0m _identify(src/unitree-go2-ros2/champ/champ_base) by extensions ['colcon_pkg']
[0.140s] [34mcolcon.colcon_core.package_identification[0m [1;30mLevel 1[0m _identify(src/unitree-go2-ros2/champ/champ_base) by extension 'colcon_pkg'
[0.140s] [34mcolcon.colcon_core.package_identification[0m [1;30mLevel 1[0m _identify(src/unitree-go2-ros2/champ/champ_base) by extensions ['colcon_meta']
[0.140s] [34mcolcon.colcon_core.package_identification[0m [1;30mLevel 1[0m _identify(src/unitree-go2-ros2/champ/champ_base) by extension 'colcon_meta'
[0.140s] [34mcolcon.colcon_core.package_identification[0m [1;30mLevel 1[0m _identify(src/unitree-go2-ros2/champ/champ_base) by extensions ['ros']
[0.140s] [34mcolcon.colcon_core.package_identification[0m [1;30mLevel 1[0m _identify(src/unitree-go2-ros2/champ/champ_base) by extension 'ros'
[0.141s] [34mcolcon.colcon_core.package_identification[0m [1;30mDEBUG[0m [32mPackage 'src/unitree-go2-ros2/champ/champ_base' with type 'ros.ament_cmake' and name 'champ_base'[0m
[0.141s] [34mcolcon.colcon_core.package_identification[0m [1;30mLevel 1[0m _identify(src/unitree-go2-ros2/champ/champ_bringup) by extensions ['ignore', 'ignore_ament_install']
[0.141s] [34mcolcon.colcon_core.package_identification[0m [1;30mLevel 1[0m _identify(src/unitree-go2-ros2/champ/champ_bringup) by extension 'ignore'
[0.141s] [34mcolcon.colcon_core.package_identification[0m [1;30mLevel 1[0m _identify(src/unitree-go2-ros2/champ/champ_bringup) by extension 'ignore_ament_install'
[0.141s] [34mcolcon.colcon_core.package_identification[0m [1;30mLevel 1[0m _identify(src/unitree-go2-ros2/champ/champ_bringup) by extensions ['colcon_pkg']
[0.141s] [34mcolcon.colcon_core.package_identification[0m [1;30mLevel 1[0m _identify(src/unitree-go2-ros2/champ/champ_bringup) by extension 'colcon_pkg'
[0.141s] [34mcolcon.colcon_core.package_identification[0m [1;30mLevel 1[0m _identify(src/unitree-go2-ros2/champ/champ_bringup) by extensions ['colcon_meta']
[0.141s] [34mcolcon.colcon_core.package_identification[0m [1;30mLevel 1[0m _identify(src/unitree-go2-ros2/champ/champ_bringup) by extension 'colcon_meta'
[0.141s] [34mcolcon.colcon_core.package_identification[0m [1;30mLevel 1[0m _identify(src/unitree-go2-ros2/champ/champ_bringup) by extensions ['ros']
[0.141s] [34mcolcon.colcon_core.package_identification[0m [1;30mLevel 1[0m _identify(src/unitree-go2-ros2/champ/champ_bringup) by extension 'ros'
[0.141s] [34mcolcon.colcon_core.package_identification[0m [1;30mDEBUG[0m [32mPackage 'src/unitree-go2-ros2/champ/champ_bringup' with type 'ros.ament_cmake' and name 'champ_bringup'[0m
[0.141s] [34mcolcon.colcon_core.package_identification[0m [1;30mLevel 1[0m _identify(src/unitree-go2-ros2/champ/champ_config) by extensions ['ignore', 'ignore_ament_install']
[0.141s] [34mcolcon.colcon_core.package_identification[0m [1;30mLevel 1[0m _identify(src/unitree-go2-ros2/champ/champ_config) by extension 'ignore'
[0.141s] [34mcolcon.colcon_core.package_identification[0m [1;30mLevel 1[0m _identify(src/unitree-go2-ros2/champ/champ_config) by extension 'ignore_ament_install'
[0.141s] [34mcolcon.colcon_core.package_identification[0m [1;30mLevel 1[0m _identify(src/unitree-go2-ros2/champ/champ_config) by extensions ['colcon_pkg']
[0.141s] [34mcolcon.colcon_core.package_identification[0m [1;30mLevel 1[0m _identify(src/unitree-go2-ros2/champ/champ_config) by extension 'colcon_pkg'
[0.141s] [34mcolcon.colcon_core.package_identification[0m [1;30mLevel 1[0m _identify(src/unitree-go2-ros2/champ/champ_config) by extensions ['colcon_meta']
[0.141s] [34mcolcon.colcon_core.package_identification[0m [1;30mLevel 1[0m _identify(src/unitree-go2-ros2/champ/champ_config) by extension 'colcon_meta'
[0.141s] [34mcolcon.colcon_core.package_identification[0m [1;30mLevel 1[0m _identify(src/unitree-go2-ros2/champ/champ_config) by extensions ['ros']
[0.141s] [34mcolcon.colcon_core.package_identification[0m [1;30mLevel 1[0m _identify(src/unitree-go2-ros2/champ/champ_config) by extension 'ros'
[0.142s] [34mcolcon.colcon_core.package_identification[0m [1;30mDEBUG[0m [32mPackage 'src/unitree-go2-ros2/champ/champ_config' with type 'ros.ament_cmake' and name 'champ_config'[0m
[0.142s] [34mcolcon.colcon_core.package_identification[0m [1;30mLevel 1[0m _identify(src/unitree-go2-ros2/champ/champ_description) by extensions ['ignore', 'ignore_ament_install']
[0.142s] [34mcolcon.colcon_core.package_identification[0m [1;30mLevel 1[0m _identify(src/unitree-go2-ros2/champ/champ_description) by extension 'ignore'
[0.142s] [34mcolcon.colcon_core.package_identification[0m [1;30mLevel 1[0m _identify(src/unitree-go2-ros2/champ/champ_description) by extension 'ignore_ament_install'
[0.142s] [34mcolcon.colcon_core.package_identification[0m [1;30mLevel 1[0m _identify(src/unitree-go2-ros2/champ/champ_description) by extensions ['colcon_pkg']
[0.142s] [34mcolcon.colcon_core.package_identification[0m [1;30mLevel 1[0m _identify(src/unitree-go2-ros2/champ/champ_description) by extension 'colcon_pkg'
[0.142s] [34mcolcon.colcon_core.package_identification[0m [1;30mLevel 1[0m _identify(src/unitree-go2-ros2/champ/champ_description) by extensions ['colcon_meta']
[0.142s] [34mcolcon.colcon_core.package_identification[0m [1;30mLevel 1[0m _identify(src/unitree-go2-ros2/champ/champ_description) by extension 'colcon_meta'
[0.142s] [34mcolcon.colcon_core.package_identification[0m [1;30mLevel 1[0m _identify(src/unitree-go2-ros2/champ/champ_description) by extensions ['ros']
[0.142s] [34mcolcon.colcon_core.package_identification[0m [1;30mLevel 1[0m _identify(src/unitree-go2-ros2/champ/champ_description) by extension 'ros'
[0.142s] [34mcolcon.colcon_core.package_identification[0m [1;30mDEBUG[0m [32mPackage 'src/unitree-go2-ros2/champ/champ_description' with type 'ros.ament_cmake' and name 'champ_description'[0m
[0.142s] [34mcolcon.colcon_core.package_identification[0m [1;30mLevel 1[0m _identify(src/unitree-go2-ros2/champ/champ_gazebo) by extensions ['ignore', 'ignore_ament_install']
[0.143s] [34mcolcon.colcon_core.package_identification[0m [1;30mLevel 1[0m _identify(src/unitree-go2-ros2/champ/champ_gazebo) by extension 'ignore'
[0.143s] [34mcolcon.colcon_core.package_identification[0m [1;30mLevel 1[0m _identify(src/unitree-go2-ros2/champ/champ_gazebo) by extension 'ignore_ament_install'
[0.143s] [34mcolcon.colcon_core.package_identification[0m [1;30mLevel 1[0m _identify(src/unitree-go2-ros2/champ/champ_gazebo) by extensions ['colcon_pkg']
[0.143s] [34mcolcon.colcon_core.package_identification[0m [1;30mLevel 1[0m _identify(src/unitree-go2-ros2/champ/champ_gazebo) by extension 'colcon_pkg'
[0.143s] [34mcolcon.colcon_core.package_identification[0m [1;30mLevel 1[0m _identify(src/unitree-go2-ros2/champ/champ_gazebo) by extensions ['colcon_meta']
[0.143s] [34mcolcon.colcon_core.package_identification[0m [1;30mLevel 1[0m _identify(src/unitree-go2-ros2/champ/champ_gazebo) by extension 'colcon_meta'
[0.143s] [34mcolcon.colcon_core.package_identification[0m [1;30mLevel 1[0m _identify(src/unitree-go2-ros2/champ/champ_gazebo) by extensions ['ros']
[0.143s] [34mcolcon.colcon_core.package_identification[0m [1;30mLevel 1[0m _identify(src/unitree-go2-ros2/champ/champ_gazebo) by extension 'ros'
[0.143s] [34mcolcon.colcon_core.package_identification[0m [1;30mDEBUG[0m [32mPackage 'src/unitree-go2-ros2/champ/champ_gazebo' with type 'ros.ament_cmake' and name 'champ_gazebo'[0m
[0.143s] [34mcolcon.colcon_core.package_identification[0m [1;30mLevel 1[0m _identify(src/unitree-go2-ros2/champ/champ_msgs) by extensions ['ignore', 'ignore_ament_install']
[0.143s] [34mcolcon.colcon_core.package_identification[0m [1;30mLevel 1[0m _identify(src/unitree-go2-ros2/champ/champ_msgs) by extension 'ignore'
[0.143s] [34mcolcon.colcon_core.package_identification[0m [1;30mLevel 1[0m _identify(src/unitree-go2-ros2/champ/champ_msgs) by extension 'ignore_ament_install'
[0.143s] [34mcolcon.colcon_core.package_identification[0m [1;30mLevel 1[0m _identify(src/unitree-go2-ros2/champ/champ_msgs) by extensions ['colcon_pkg']
[0.143s] [34mcolcon.colcon_core.package_identification[0m [1;30mLevel 1[0m _identify(src/unitree-go2-ros2/champ/champ_msgs) by extension 'colcon_pkg'
[0.143s] [34mcolcon.colcon_core.package_identification[0m [1;30mLevel 1[0m _identify(src/unitree-go2-ros2/champ/champ_msgs) by extensions ['colcon_meta']
[0.143s] [34mcolcon.colcon_core.package_identification[0m [1;30mLevel 1[0m _identify(src/unitree-go2-ros2/champ/champ_msgs) by extension 'colcon_meta'
[0.143s] [34mcolcon.colcon_core.package_identification[0m [1;30mLevel 1[0m _identify(src/unitree-go2-ros2/champ/champ_msgs) by extensions ['ros']
[0.143s] [34mcolcon.colcon_core.package_identification[0m [1;30mLevel 1[0m _identify(src/unitree-go2-ros2/champ/champ_msgs) by extension 'ros'
[0.144s] [34mcolcon.colcon_core.package_identification[0m [1;30mDEBUG[0m [32mPackage 'src/unitree-go2-ros2/champ/champ_msgs' with type 'ros.ament_cmake' and name 'champ_msgs'[0m
[0.144s] [34mcolcon.colcon_core.package_identification[0m [1;30mLevel 1[0m _identify(src/unitree-go2-ros2/champ/champ_navigation) by extensions ['ignore', 'ignore_ament_install']
[0.144s] [34mcolcon.colcon_core.package_identification[0m [1;30mLevel 1[0m _identify(src/unitree-go2-ros2/champ/champ_navigation) by extension 'ignore'
[0.144s] [34mcolcon.colcon_core.package_identification[0m [1;30mLevel 1[0m _identify(src/unitree-go2-ros2/champ/champ_navigation) by extension 'ignore_ament_install'
[0.144s] [34mcolcon.colcon_core.package_identification[0m [1;30mLevel 1[0m _identify(src/unitree-go2-ros2/champ/champ_navigation) by extensions ['colcon_pkg']
[0.144s] [34mcolcon.colcon_core.package_identification[0m [1;30mLevel 1[0m _identify(src/unitree-go2-ros2/champ/champ_navigation) by extension 'colcon_pkg'
[0.144s] [34mcolcon.colcon_core.package_identification[0m [1;30mLevel 1[0m _identify(src/unitree-go2-ros2/champ/champ_navigation) by extensions ['colcon_meta']
[0.144s] [34mcolcon.colcon_core.package_identification[0m [1;30mLevel 1[0m _identify(src/unitree-go2-ros2/champ/champ_navigation) by extension 'colcon_meta'
[0.144s] [34mcolcon.colcon_core.package_identification[0m [1;30mLevel 1[0m _identify(src/unitree-go2-ros2/champ/champ_navigation) by extensions ['ros']
[0.144s] [34mcolcon.colcon_core.package_identification[0m [1;30mLevel 1[0m _identify(src/unitree-go2-ros2/champ/champ_navigation) by extension 'ros'
[0.145s] [34mcolcon.colcon_core.package_identification[0m [1;30mDEBUG[0m [32mPackage 'src/unitree-go2-ros2/champ/champ_navigation' with type 'ros.ament_cmake' and name 'champ_navigation'[0m
[0.145s] [34mcolcon.colcon_core.package_identification[0m [1;30mLevel 1[0m _identify(src/unitree-go2-ros2/champ/docs) by extensions ['ignore', 'ignore_ament_install']
[0.145s] [34mcolcon.colcon_core.package_identification[0m [1;30mLevel 1[0m _identify(src/unitree-go2-ros2/champ/docs) by extension 'ignore'
[0.145s] [34mcolcon.colcon_core.package_identification[0m [1;30mLevel 1[0m _identify(src/unitree-go2-ros2/champ/docs) by extension 'ignore_ament_install'
[0.145s] [34mcolcon.colcon_core.package_identification[0m [1;30mLevel 1[0m _identify(src/unitree-go2-ros2/champ/docs) by extensions ['colcon_pkg']
[0.145s] [34mcolcon.colcon_core.package_identification[0m [1;30mLevel 1[0m _identify(src/unitree-go2-ros2/champ/docs) by extension 'colcon_pkg'
[0.145s] [34mcolcon.colcon_core.package_identification[0m [1;30mLevel 1[0m _identify(src/unitree-go2-ros2/champ/docs) by extensions ['colcon_meta']
[0.145s] [34mcolcon.colcon_core.package_identification[0m [1;30mLevel 1[0m _identify(src/unitree-go2-ros2/champ/docs) by extension 'colcon_meta'
[0.145s] [34mcolcon.colcon_core.package_identification[0m [1;30mLevel 1[0m _identify(src/unitree-go2-ros2/champ/docs) by extensions ['ros']
[0.145s] [34mcolcon.colcon_core.package_identification[0m [1;30mLevel 1[0m _identify(src/unitree-go2-ros2/champ/docs) by extension 'ros'
[0.145s] [34mcolcon.colcon_core.package_identification[0m [1;30mLevel 1[0m _identify(src/unitree-go2-ros2/champ/docs) by extensions ['cmake', 'python']
[0.145s] [34mcolcon.colcon_core.package_identification[0m [1;30mLevel 1[0m _identify(src/unitree-go2-ros2/champ/docs) by extension 'cmake'
[0.145s] [34mcolcon.colcon_core.package_identification[0m [1;30mLevel 1[0m _identify(src/unitree-go2-ros2/champ/docs) by extension 'python'
[0.145s] [34mcolcon.colcon_core.package_identification[0m [1;30mLevel 1[0m _identify(src/unitree-go2-ros2/champ/docs) by extensions ['python_setup_py']
[0.145s] [34mcolcon.colcon_core.package_identification[0m [1;30mLevel 1[0m _identify(src/unitree-go2-ros2/champ/docs) by extension 'python_setup_py'
[0.145s] [34mcolcon.colcon_core.package_identification[0m [1;30mLevel 1[0m _identify(src/unitree-go2-ros2/champ/docs/images) by extensions ['ignore', 'ignore_ament_install']
[0.145s] [34mcolcon.colcon_core.package_identification[0m [1;30mLevel 1[0m _identify(src/unitree-go2-ros2/champ/docs/images) by extension 'ignore'
[0.145s] [34mcolcon.colcon_core.package_identification[0m [1;30mLevel 1[0m _identify(src/unitree-go2-ros2/champ/docs/images) by extension 'ignore_ament_install'
[0.145s] [34mcolcon.colcon_core.package_identification[0m [1;30mLevel 1[0m _identify(src/unitree-go2-ros2/champ/docs/images) by extensions ['colcon_pkg']
[0.145s] [34mcolcon.colcon_core.package_identification[0m [1;30mLevel 1[0m _identify(src/unitree-go2-ros2/champ/docs/images) by extension 'colcon_pkg'
[0.145s] [34mcolcon.colcon_core.package_identification[0m [1;30mLevel 1[0m _identify(src/unitree-go2-ros2/champ/docs/images) by extensions ['colcon_meta']
[0.145s] [34mcolcon.colcon_core.package_identification[0m [1;30mLevel 1[0m _identify(src/unitree-go2-ros2/champ/docs/images) by extension 'colcon_meta'
[0.145s] [34mcolcon.colcon_core.package_identification[0m [1;30mLevel 1[0m _identify(src/unitree-go2-ros2/champ/docs/images) by extensions ['ros']
[0.145s] [34mcolcon.colcon_core.package_identification[0m [1;30mLevel 1[0m _identify(src/unitree-go2-ros2/champ/docs/images) by extension 'ros'
[0.145s] [34mcolcon.colcon_core.package_identification[0m [1;30mLevel 1[0m _identify(src/unitree-go2-ros2/champ/docs/images) by extensions ['cmake', 'python']
[0.145s] [34mcolcon.colcon_core.package_identification[0m [1;30mLevel 1[0m _identify(src/unitree-go2-ros2/champ/docs/images) by extension 'cmake'
[0.145s] [34mcolcon.colcon_core.package_identification[0m [1;30mLevel 1[0m _identify(src/unitree-go2-ros2/champ/docs/images) by extension 'python'
[0.145s] [34mcolcon.colcon_core.package_identification[0m [1;30mLevel 1[0m _identify(src/unitree-go2-ros2/champ/docs/images) by extensions ['python_setup_py']
[0.145s] [34mcolcon.colcon_core.package_identification[0m [1;30mLevel 1[0m _identify(src/unitree-go2-ros2/champ/docs/images) by extension 'python_setup_py'
[0.145s] [34mcolcon.colcon_core.package_identification[0m [1;30mLevel 1[0m _identify(src/unitree-go2-ros2/champ_teleop) by extensions ['ignore', 'ignore_ament_install']
[0.145s] [34mcolcon.colcon_core.package_identification[0m [1;30mLevel 1[0m _identify(src/unitree-go2-ros2/champ_teleop) by extension 'ignore'
[0.146s] [34mcolcon.colcon_core.package_identification[0m [1;30mLevel 1[0m _identify(src/unitree-go2-ros2/champ_teleop) by extension 'ignore_ament_install'
[0.146s] [34mcolcon.colcon_core.package_identification[0m [1;30mLevel 1[0m _identify(src/unitree-go2-ros2/champ_teleop) by extensions ['colcon_pkg']
[0.146s] [34mcolcon.colcon_core.package_identification[0m [1;30mLevel 1[0m _identify(src/unitree-go2-ros2/champ_teleop) by extension 'colcon_pkg'
[0.146s] [34mcolcon.colcon_core.package_identification[0m [1;30mLevel 1[0m _identify(src/unitree-go2-ros2/champ_teleop) by extensions ['colcon_meta']
[0.146s] [34mcolcon.colcon_core.package_identification[0m [1;30mLevel 1[0m _identify(src/unitree-go2-ros2/champ_teleop) by extension 'colcon_meta'
[0.146s] [34mcolcon.colcon_core.package_identification[0m [1;30mLevel 1[0m _identify(src/unitree-go2-ros2/champ_teleop) by extensions ['ros']
[0.146s] [34mcolcon.colcon_core.package_identification[0m [1;30mLevel 1[0m _identify(src/unitree-go2-ros2/champ_teleop) by extension 'ros'
[0.146s] [34mcolcon.colcon_core.package_identification[0m [1;30mDEBUG[0m [32mPackage 'src/unitree-go2-ros2/champ_teleop' with type 'ros.ament_cmake' and name 'champ_teleop'[0m
[0.146s] [34mcolcon.colcon_core.package_identification[0m [1;30mLevel 1[0m _identify(src/unitree-go2-ros2/robots) by extensions ['ignore', 'ignore_ament_install']
[0.146s] [34mcolcon.colcon_core.package_identification[0m [1;30mLevel 1[0m _identify(src/unitree-go2-ros2/robots) by extension 'ignore'
[0.146s] [34mcolcon.colcon_core.package_identification[0m [1;30mLevel 1[0m _identify(src/unitree-go2-ros2/robots) by extension 'ignore_ament_install'
[0.146s] [34mcolcon.colcon_core.package_identification[0m [1;30mLevel 1[0m _identify(src/unitree-go2-ros2/robots) by extensions ['colcon_pkg']
[0.146s] [34mcolcon.colcon_core.package_identification[0m [1;30mLevel 1[0m _identify(src/unitree-go2-ros2/robots) by extension 'colcon_pkg'
[0.146s] [34mcolcon.colcon_core.package_identification[0m [1;30mLevel 1[0m _identify(src/unitree-go2-ros2/robots) by extensions ['colcon_meta']
[0.146s] [34mcolcon.colcon_core.package_identification[0m [1;30mLevel 1[0m _identify(src/unitree-go2-ros2/robots) by extension 'colcon_meta'
[0.146s] [34mcolcon.colcon_core.package_identification[0m [1;30mLevel 1[0m _identify(src/unitree-go2-ros2/robots) by extensions ['ros']
[0.146s] [34mcolcon.colcon_core.package_identification[0m [1;30mLevel 1[0m _identify(src/unitree-go2-ros2/robots) by extension 'ros'
[0.146s] [34mcolcon.colcon_core.package_identification[0m [1;30mLevel 1[0m _identify(src/unitree-go2-ros2/robots) by extensions ['cmake', 'python']
[0.146s] [34mcolcon.colcon_core.package_identification[0m [1;30mLevel 1[0m _identify(src/unitree-go2-ros2/robots) by extension 'cmake'
[0.146s] [34mcolcon.colcon_core.package_identification[0m [1;30mLevel 1[0m _identify(src/unitree-go2-ros2/robots) by extension 'python'
[0.146s] [34mcolcon.colcon_core.package_identification[0m [1;30mLevel 1[0m _identify(src/unitree-go2-ros2/robots) by extensions ['python_setup_py']
[0.146s] [34mcolcon.colcon_core.package_identification[0m [1;30mLevel 1[0m _identify(src/unitree-go2-ros2/robots) by extension 'python_setup_py'
[0.146s] [34mcolcon.colcon_core.package_identification[0m [1;30mLevel 1[0m _identify(src/unitree-go2-ros2/robots/configs) by extensions ['ignore', 'ignore_ament_install']
[0.147s] [34mcolcon.colcon_core.package_identification[0m [1;30mLevel 1[0m _identify(src/unitree-go2-ros2/robots/configs) by extension 'ignore'
[0.147s] [34mcolcon.colcon_core.package_identification[0m [1;30mLevel 1[0m _identify(src/unitree-go2-ros2/robots/configs) by extension 'ignore_ament_install'
[0.147s] [34mcolcon.colcon_core.package_identification[0m [1;30mLevel 1[0m _identify(src/unitree-go2-ros2/robots/configs) by extensions ['colcon_pkg']
[0.147s] [34mcolcon.colcon_core.package_identification[0m [1;30mLevel 1[0m _identify(src/unitree-go2-ros2/robots/configs) by extension 'colcon_pkg'
[0.147s] [34mcolcon.colcon_core.package_identification[0m [1;30mLevel 1[0m _identify(src/unitree-go2-ros2/robots/configs) by extensions ['colcon_meta']
[0.147s] [34mcolcon.colcon_core.package_identification[0m [1;30mLevel 1[0m _identify(src/unitree-go2-ros2/robots/configs) by extension 'colcon_meta'
[0.147s] [34mcolcon.colcon_core.package_identification[0m [1;30mLevel 1[0m _identify(src/unitree-go2-ros2/robots/configs) by extensions ['ros']
[0.147s] [34mcolcon.colcon_core.package_identification[0m [1;30mLevel 1[0m _identify(src/unitree-go2-ros2/robots/configs) by extension 'ros'
[0.147s] [34mcolcon.colcon_core.package_identification[0m [1;30mLevel 1[0m _identify(src/unitree-go2-ros2/robots/configs) by extensions ['cmake', 'python']
[0.147s] [34mcolcon.colcon_core.package_identification[0m [1;30mLevel 1[0m _identify(src/unitree-go2-ros2/robots/configs) by extension 'cmake'
[0.147s] [34mcolcon.colcon_core.package_identification[0m [1;30mLevel 1[0m _identify(src/unitree-go2-ros2/robots/configs) by extension 'python'
[0.147s] [34mcolcon.colcon_core.package_identification[0m [1;30mLevel 1[0m _identify(src/unitree-go2-ros2/robots/configs) by extensions ['python_setup_py']
[0.147s] [34mcolcon.colcon_core.package_identification[0m [1;30mLevel 1[0m _identify(src/unitree-go2-ros2/robots/configs) by extension 'python_setup_py'
[0.147s] [34mcolcon.colcon_core.package_identification[0m [1;30mLevel 1[0m _identify(src/unitree-go2-ros2/robots/configs/go2_config) by extensions ['ignore', 'ignore_ament_install']
[0.147s] [34mcolcon.colcon_core.package_identification[0m [1;30mLevel 1[0m _identify(src/unitree-go2-ros2/robots/configs/go2_config) by extension 'ignore'
[0.147s] [34mcolcon.colcon_core.package_identification[0m [1;30mLevel 1[0m _identify(src/unitree-go2-ros2/robots/configs/go2_config) by extension 'ignore_ament_install'
[0.147s] [34mcolcon.colcon_core.package_identification[0m [1;30mLevel 1[0m _identify(src/unitree-go2-ros2/robots/configs/go2_config) by extensions ['colcon_pkg']
[0.147s] [34mcolcon.colcon_core.package_identification[0m [1;30mLevel 1[0m _identify(src/unitree-go2-ros2/robots/configs/go2_config) by extension 'colcon_pkg'
[0.147s] [34mcolcon.colcon_core.package_identification[0m [1;30mLevel 1[0m _identify(src/unitree-go2-ros2/robots/configs/go2_config) by extensions ['colcon_meta']
[0.147s] [34mcolcon.colcon_core.package_identification[0m [1;30mLevel 1[0m _identify(src/unitree-go2-ros2/robots/configs/go2_config) by extension 'colcon_meta'
[0.147s] [34mcolcon.colcon_core.package_identification[0m [1;30mLevel 1[0m _identify(src/unitree-go2-ros2/robots/configs/go2_config) by extensions ['ros']
[0.147s] [34mcolcon.colcon_core.package_identification[0m [1;30mLevel 1[0m _identify(src/unitree-go2-ros2/robots/configs/go2_config) by extension 'ros'
[0.147s] [34mcolcon.colcon_core.package_identification[0m [1;30mDEBUG[0m [32mPackage 'src/unitree-go2-ros2/robots/configs/go2_config' with type 'ros.ament_cmake' and name 'go2_config'[0m
[0.147s] [34mcolcon.colcon_core.package_identification[0m [1;30mLevel 1[0m _identify(src/unitree-go2-ros2/robots/descriptions) by extensions ['ignore', 'ignore_ament_install']
[0.148s] [34mcolcon.colcon_core.package_identification[0m [1;30mLevel 1[0m _identify(src/unitree-go2-ros2/robots/descriptions) by extension 'ignore'
[0.148s] [34mcolcon.colcon_core.package_identification[0m [1;30mLevel 1[0m _identify(src/unitree-go2-ros2/robots/descriptions) by extension 'ignore_ament_install'
[0.148s] [34mcolcon.colcon_core.package_identification[0m [1;30mLevel 1[0m _identify(src/unitree-go2-ros2/robots/descriptions) by extensions ['colcon_pkg']
[0.148s] [34mcolcon.colcon_core.package_identification[0m [1;30mLevel 1[0m _identify(src/unitree-go2-ros2/robots/descriptions) by extension 'colcon_pkg'
[0.148s] [34mcolcon.colcon_core.package_identification[0m [1;30mLevel 1[0m _identify(src/unitree-go2-ros2/robots/descriptions) by extensions ['colcon_meta']
[0.148s] [34mcolcon.colcon_core.package_identification[0m [1;30mLevel 1[0m _identify(src/unitree-go2-ros2/robots/descriptions) by extension 'colcon_meta'
[0.148s] [34mcolcon.colcon_core.package_identification[0m [1;30mLevel 1[0m _identify(src/unitree-go2-ros2/robots/descriptions) by extensions ['ros']
[0.148s] [34mcolcon.colcon_core.package_identification[0m [1;30mLevel 1[0m _identify(src/unitree-go2-ros2/robots/descriptions) by extension 'ros'
[0.148s] [34mcolcon.colcon_core.package_identification[0m [1;30mLevel 1[0m _identify(src/unitree-go2-ros2/robots/descriptions) by extensions ['cmake', 'python']
[0.148s] [34mcolcon.colcon_core.package_identification[0m [1;30mLevel 1[0m _identify(src/unitree-go2-ros2/robots/descriptions) by extension 'cmake'
[0.148s] [34mcolcon.colcon_core.package_identification[0m [1;30mLevel 1[0m _identify(src/unitree-go2-ros2/robots/descriptions) by extension 'python'
[0.148s] [34mcolcon.colcon_core.package_identification[0m [1;30mLevel 1[0m _identify(src/unitree-go2-ros2/robots/descriptions) by extensions ['python_setup_py']
[0.148s] [34mcolcon.colcon_core.package_identification[0m [1;30mLevel 1[0m _identify(src/unitree-go2-ros2/robots/descriptions) by extension 'python_setup_py'
[0.148s] [34mcolcon.colcon_core.package_identification[0m [1;30mLevel 1[0m _identify(src/unitree-go2-ros2/robots/descriptions/go2_description) by extensions ['ignore', 'ignore_ament_install']
[0.148s] [34mcolcon.colcon_core.package_identification[0m [1;30mLevel 1[0m _identify(src/unitree-go2-ros2/robots/descriptions/go2_description) by extension 'ignore'
[0.148s] [34mcolcon.colcon_core.package_identification[0m [1;30mLevel 1[0m _identify(src/unitree-go2-ros2/robots/descriptions/go2_description) by extension 'ignore_ament_install'
[0.148s] [34mcolcon.colcon_core.package_identification[0m [1;30mLevel 1[0m _identify(src/unitree-go2-ros2/robots/descriptions/go2_description) by extensions ['colcon_pkg']
[0.148s] [34mcolcon.colcon_core.package_identification[0m [1;30mLevel 1[0m _identify(src/unitree-go2-ros2/robots/descriptions/go2_description) by extension 'colcon_pkg'
[0.148s] [34mcolcon.colcon_core.package_identification[0m [1;30mLevel 1[0m _identify(src/unitree-go2-ros2/robots/descriptions/go2_description) by extensions ['colcon_meta']
[0.148s] [34mcolcon.colcon_core.package_identification[0m [1;30mLevel 1[0m _identify(src/unitree-go2-ros2/robots/descriptions/go2_description) by extension 'colcon_meta'
[0.148s] [34mcolcon.colcon_core.package_identification[0m [1;30mLevel 1[0m _identify(src/unitree-go2-ros2/robots/descriptions/go2_description) by extensions ['ros']
[0.148s] [34mcolcon.colcon_core.package_identification[0m [1;30mLevel 1[0m _identify(src/unitree-go2-ros2/robots/descriptions/go2_description) by extension 'ros'
[0.148s] [34mcolcon.colcon_core.package_identification[0m [1;30mDEBUG[0m [32mPackage 'src/unitree-go2-ros2/robots/descriptions/go2_description' with type 'ros.ament_cmake' and name 'go2_description'[0m
[0.148s] [34mcolcon.colcon_core.package_discovery[0m [1;30mLevel 1[0m discover_packages(recursive) using defaults
[0.148s] [34mcolcon.colcon_core.package_discovery[0m [1;30mLevel 1[0m discover_packages(ignore) discover
[0.149s] [34mcolcon.colcon_core.package_discovery[0m [1;30mLevel 1[0m discover_packages(ignore) using defaults
[0.149s] [34mcolcon.colcon_core.package_discovery[0m [1;30mLevel 1[0m discover_packages(path) discover
[0.149s] [34mcolcon.colcon_core.package_discovery[0m [1;30mLevel 1[0m discover_packages(path) using defaults
[0.160s] [34mcolcon.colcon_core.package_selection[0m [1;30mINFO[0m Skipping not selected package 'champ' in 'src/unitree-go2-ros2/champ/champ'
[0.160s] [34mcolcon.colcon_core.package_selection[0m [1;30mINFO[0m Skipping not selected package 'champ_config' in 'src/unitree-go2-ros2/champ/champ_config'
[0.160s] [34mcolcon.colcon_core.package_selection[0m [1;30mINFO[0m Skipping not selected package 'champ_description' in 'src/unitree-go2-ros2/champ/champ_description'
[0.160s] [34mcolcon.colcon_core.package_selection[0m [1;30mINFO[0m Skipping not selected package 'champ_msgs' in 'src/unitree-go2-ros2/champ/champ_msgs'
[0.160s] [34mcolcon.colcon_core.package_selection[0m [1;30mINFO[0m Skipping not selected package 'champ_navigation' in 'src/unitree-go2-ros2/champ/champ_navigation'
[0.160s] [34mcolcon.colcon_core.package_selection[0m [1;30mINFO[0m Skipping not selected package 'champ_teleop' in 'src/unitree-go2-ros2/champ_teleop'
[0.160s] [34mcolcon.colcon_core.package_selection[0m [1;30mINFO[0m Skipping not selected package 'go2_config' in 'src/unitree-go2-ros2/robots/configs/go2_config'
[0.160s] [34mcolcon.colcon_core.package_selection[0m [1;30mINFO[0m Skipping not selected package 'go2_control' in 'src/go2_control'
[0.160s] [34mcolcon.colcon_core.package_selection[0m [1;30mINFO[0m Skipping not selected package 'go2_description' in 'src/unitree-go2-ros2/robots/descriptions/go2_description'
[0.160s] [34mcolcon.colcon_core.package_selection[0m [1;30mINFO[0m Skipping not selected package 'champ_base' in 'src/unitree-go2-ros2/champ/champ_base'
[0.160s] [34mcolcon.colcon_core.package_selection[0m [1;30mINFO[0m Skipping not selected package 'champ_gazebo' in 'src/unitree-go2-ros2/champ/champ_gazebo'
[0.160s] [34mcolcon.colcon_core.package_selection[0m [1;30mINFO[0m Skipping not selected package 'champ_bringup' in 'src/unitree-go2-ros2/champ/champ_bringup'
[0.161s] [34mcolcon.colcon_core.verb[0m [1;30mLevel 5[0m set package 'go2_bringup' build argument 'cmake_args' from command line to 'None'
[0.161s] [34mcolcon.colcon_core.verb[0m [1;30mLevel 5[0m set package 'go2_bringup' build argument 'cmake_target' from command line to 'None'
[0.161s] [34mcolcon.colcon_core.verb[0m [1;30mLevel 5[0m set package 'go2_bringup' build argument 'cmake_target_skip_unavailable' from command line to 'False'
[0.161s] [34mcolcon.colcon_core.verb[0m [1;30mLevel 5[0m set package 'go2_bringup' build argument 'cmake_clean_cache' from command line to 'False'
[0.161s] [34mcolcon.colcon_core.verb[0m [1;30mLevel 5[0m set package 'go2_bringup' build argument 'cmake_clean_first' from command line to 'False'
[0.161s] [34mcolcon.colcon_core.verb[0m [1;30mLevel 5[0m set package 'go2_bringup' build argument 'cmake_force_configure' from command line to 'False'
[0.161s] [34mcolcon.colcon_core.verb[0m [1;30mLevel 5[0m set package 'go2_bringup' build argument 'ament_cmake_args' from command line to 'None'
[0.161s] [34mcolcon.colcon_core.verb[0m [1;30mLevel 5[0m set package 'go2_bringup' build argument 'catkin_cmake_args' from command line to 'None'
[0.161s] [34mcolcon.colcon_core.verb[0m [1;30mLevel 5[0m set package 'go2_bringup' build argument 'catkin_skip_building_tests' from command line to 'False'
[0.161s] [34mcolcon.colcon_core.verb[0m [1;30mDEBUG[0m [32mBuilding package 'go2_bringup' with the following arguments: {'ament_cmake_args': None, 'build_base': '/home/irman/Dangerous-Industrial-Inspection-Robot-3D-Lidar-and-Depth-Camera/build/go2_bringup', 'catkin_cmake_args': None, 'catkin_skip_building_tests': False, 'cmake_args': None, 'cmake_clean_cache': False, 'cmake_clean_first': False, 'cmake_force_configure': False, 'cmake_target': None, 'cmake_target_skip_unavailable': False, 'install_base': '/home/irman/Dangerous-Industrial-Inspection-Robot-3D-Lidar-and-Depth-Camera/install/go2_bringup', 'merge_install': False, 'path': '/home/irman/Dangerous-Industrial-Inspection-Robot-3D-Lidar-and-Depth-Camera/src/go2_bringup', 'symlink_install': False, 'test_result_base': None}[0m
[0.161s] [34mcolcon.colcon_core.executor[0m [1;30mINFO[0m Executing jobs using 'parallel' executor
[0.162s] [34mcolcon.colcon_parallel_executor.executor.parallel[0m [1;30mDEBUG[0m [32mrun_until_complete[0m
[0.162s] [34mcolcon.colcon_ros.task.ament_cmake.build[0m [1;30mINFO[0m Building ROS package in '/home/irman/Dangerous-Industrial-Inspection-Robot-3D-Lidar-and-Depth-Camera/src/go2_bringup' with build type 'ament_cmake'
[0.162s] [34mcolcon.colcon_cmake.task.cmake.build[0m [1;30mINFO[0m Building CMake package in '/home/irman/Dangerous-Industrial-Inspection-Robot-3D-Lidar-and-Depth-Camera/src/go2_bringup'
[0.163s] [34mcolcon.colcon_core.plugin_system[0m [1;30mINFO[0m Skipping extension 'colcon_core.shell.bat': Not used on non-Windows systems
[0.164s] [34mcolcon.colcon_core.shell[0m [1;30mINFO[0m Skip shell extension 'powershell' for command environment: Not usable outside of PowerShell
[0.164s] [34mcolcon.colcon_core.shell[0m [1;30mDEBUG[0m [32mSkip shell extension 'dsv' for command environment[0m
[0.180s] [34mcolcon.colcon_core.event_handler.log_command[0m [1;30mDEBUG[0m [32mInvoking command in '/home/irman/Dangerous-Industrial-Inspection-Robot-3D-Lidar-and-Depth-Camera/build/go2_bringup': AMENT_PREFIX_PATH=/home/irman/3dlidar_ros2_legged_robot_inspection/install/champ_bringup:/home/irman/3dlidar_ros2_legged_robot_inspection/install/champ_gazebo:/home/irman/3dlidar_ros2_legged_robot_inspection/install/champ_base:/home/irman/3dlidar_ros2_legged_robot_inspection/install/go2_description:/home/irman/3dlidar_ros2_legged_robot_inspection/install/go2_control:/home/irman/3dlidar_ros2_legged_robot_inspection/install/go2_config:/home/irman/3dlidar_ros2_legged_robot_inspection/install/champ_msgs:/home/irman/3dlidar_ros2_legged_robot_inspection/install/champ_description:/home/irman/3dlidar_ros2_legged_robot_inspection/install/champ:${AMENT_PREFIX_PATH} CMAKE_PREFIX_PATH=/home/irman/3dlidar_ros2_legged_robot_inspection/install/champ_bringup:/home/irman/3dlidar_ros2_legged_robot_inspection/install/champ_gazebo:/home/irman/3dlidar_ros2_legged_robot_inspection/install/champ_base:/home/irman/3dlidar_ros2_legged_robot_inspection/install/go2_description:/home/irman/3dlidar_ros2_legged_robot_inspection/install/go2_config:/home/irman/3dlidar_ros2_legged_robot_inspection/install/champ_msgs:/home/irman/3dlidar_ros2_legged_robot_inspection/install/champ_description:/home/irman/3dlidar_ros2_legged_robot_inspection/install/champ:${CMAKE_PREFIX_PATH} CONDA_PROMPT_MODIFIER=(ros2_env) DEBUGINFOD_URLS=https://debuginfod.ubuntu.com LD_LIBRARY_PATH=/home/irman/3dlidar_ros2_legged_robot_inspection/install/champ_base/lib:/home/irman/3dlidar_ros2_legged_robot_inspection/install/champ_msgs/lib:/home/irman/micromamba/envs/ros2_env/opt/rviz_ogre_vendor/lib:/home/irman/micromamba/envs/ros2_env/lib/gazebo-11/plugins:/home/irman/micromamba/envs/ros2_env/lib/gazebo-11/plugins:/home/irman/micromamba/envs/ros2_env/lib/gazebo-11/plugins:/home/irman/micromamba/envs/ros2_env/lib/gazebo-11/plugins:/home/irman/micromamba/envs/ros2_env/lib/gazebo-11/plugins:/home/irman/micromamba/envs/ros2_env/lib/gazebo-11/plugins:/home/irman/micromamba/envs/ros2_env/lib/gazebo-11/plugins:/home/irman/micromamba/envs/ros2_env/lib/gazebo-11/plugins PATH=/home/irman/3dlidar_ros2_legged_robot_inspection/install/champ_gazebo/bin:/home/irman/3dlidar_ros2_legged_robot_inspection/install/champ_base/bin:${PATH} PYTHONPATH=/home/irman/3dlidar_ros2_legged_robot_inspection/install/champ_bringup/lib/python3.11/site-packages:/home/irman/3dlidar_ros2_legged_robot_inspection/install/go2_control/lib/python3.11/site-packages:/home/irman/3dlidar_ros2_legged_robot_inspection/install/champ_msgs/lib/python3.11/site-packages:${PYTHONPATH} /home/irman/micromamba/envs/ros2_env/bin/cmake /home/irman/Dangerous-Industrial-Inspection-Robot-3D-Lidar-and-Depth-Camera/src/go2_bringup -DCMAKE_INSTALL_PREFIX=/home/irman/Dangerous-Industrial-Inspection-Robot-3D-Lidar-and-Depth-Camera/install/go2_bringup[0m
[1.118s] [34mcolcon.colcon_core.event_handler.log_command[0m [1;30mDEBUG[0m [32mInvoked command in '/home/irman/Dangerous-Industrial-Inspection-Robot-3D-Lidar-and-Depth-Camera/build/go2_bringup' returned '0': AMENT_PREFIX_PATH=/home/irman/3dlidar_ros2_legged_robot_inspection/install/champ_bringup:/home/irman/3dlidar_ros2_legged_robot_inspection/install/champ_gazebo:/home/irman/3dlidar_ros2_legged_robot_inspection/install/champ_base:/home/irman/3dlidar_ros2_legged_robot_inspection/install/go2_description:/home/irman/3dlidar_ros2_legged_robot_inspection/install/go2_control:/home/irman/3dlidar_ros2_legged_robot_inspection/install/go2_config:/home/irman/3dlidar_ros2_legged_robot_inspection/install/champ_msgs:/home/irman/3dlidar_ros2_legged_robot_inspection/install/champ_description:/home/irman/3dlidar_ros2_legged_robot_inspection/install/champ:${AMENT_PREFIX_PATH} CMAKE_PREFIX_PATH=/home/irman/3dlidar_ros2_legged_robot_inspection/install/champ_bringup:/home/irman/3dlidar_ros2_legged_robot_inspection/install/champ_gazebo:/home/irman/3dlidar_ros2_legged_robot_inspection/install/champ_base:/home/irman/3dlidar_ros2_legged_robot_inspection/install/go2_description:/home/irman/3dlidar_ros2_legged_robot_inspection/install/go2_config:/home/irman/3dlidar_ros2_legged_robot_inspection/install/champ_msgs:/home/irman/3dlidar_ros2_legged_robot_inspection/install/champ_description:/home/irman/3dlidar_ros2_legged_robot_inspection/install/champ:${CMAKE_PREFIX_PATH} CONDA_PROMPT_MODIFIER=(ros2_env) DEBUGINFOD_URLS=https://debuginfod.ubuntu.com LD_LIBRARY_PATH=/home/irman/3dlidar_ros2_legged_robot_inspection/install/champ_base/lib:/home/irman/3dlidar_ros2_legged_robot_inspection/install/champ_msgs/lib:/home/irman/micromamba/envs/ros2_env/opt/rviz_ogre_vendor/lib:/home/irman/micromamba/envs/ros2_env/lib/gazebo-11/plugins:/home/irman/micromamba/envs/ros2_env/lib/gazebo-11/plugins:/home/irman/micromamba/envs/ros2_env/lib/gazebo-11/plugins:/home/irman/micromamba/envs/ros2_env/lib/gazebo-11/plugins:/home/irman/micromamba/envs/ros2_env/lib/gazebo-11/plugins:/home/irman/micromamba/envs/ros2_env/lib/gazebo-11/plugins:/home/irman/micromamba/envs/ros2_env/lib/gazebo-11/plugins:/home/irman/micromamba/envs/ros2_env/lib/gazebo-11/plugins PATH=/home/irman/3dlidar_ros2_legged_robot_inspection/install/champ_gazebo/bin:/home/irman/3dlidar_ros2_legged_robot_inspection/install/champ_base/bin:${PATH} PYTHONPATH=/home/irman/3dlidar_ros2_legged_robot_inspection/install/champ_bringup/lib/python3.11/site-packages:/home/irman/3dlidar_ros2_legged_robot_inspection/install/go2_control/lib/python3.11/site-packages:/home/irman/3dlidar_ros2_legged_robot_inspection/install/champ_msgs/lib/python3.11/site-packages:${PYTHONPATH} /home/irman/micromamba/envs/ros2_env/bin/cmake /home/irman/Dangerous-Industrial-Inspection-Robot-3D-Lidar-and-Depth-Camera/src/go2_bringup -DCMAKE_INSTALL_PREFIX=/home/irman/Dangerous-Industrial-Inspection-Robot-3D-Lidar-and-Depth-Camera/install/go2_bringup[0m
[1.119s] [34mcolcon.colcon_core.event_handler.log_command[0m [1;30mDEBUG[0m [32mInvoking command in '/home/irman/Dangerous-Industrial-Inspection-Robot-3D-Lidar-and-Depth-Camera/build/go2_bringup': AMENT_PREFIX_PATH=/home/irman/3dlidar_ros2_legged_robot_inspection/install/champ_bringup:/home/irman/3dlidar_ros2_legged_robot_inspection/install/champ_gazebo:/home/irman/3dlidar_ros2_legged_robot_inspection/install/champ_base:/home/irman/3dlidar_ros2_legged_robot_inspection/install/go2_description:/home/irman/3dlidar_ros2_legged_robot_inspection/install/go2_control:/home/irman/3dlidar_ros2_legged_robot_inspection/install/go2_config:/home/irman/3dlidar_ros2_legged_robot_inspection/install/champ_msgs:/home/irman/3dlidar_ros2_legged_robot_inspection/install/champ_description:/home/irman/3dlidar_ros2_legged_robot_inspection/install/champ:${AMENT_PREFIX_PATH} CMAKE_PREFIX_PATH=/home/irman/3dlidar_ros2_legged_robot_inspection/install/champ_bringup:/home/irman/3dlidar_ros2_legged_robot_inspection/install/champ_gazebo:/home/irman/3dlidar_ros2_legged_robot_inspection/install/champ_base:/home/irman/3dlidar_ros2_legged_robot_inspection/install/go2_description:/home/irman/3dlidar_ros2_legged_robot_inspection/install/go2_config:/home/irman/3dlidar_ros2_legged_robot_inspection/install/champ_msgs:/home/irman/3dlidar_ros2_legged_robot_inspection/install/champ_description:/home/irman/3dlidar_ros2_legged_robot_inspection/install/champ:${CMAKE_PREFIX_PATH} CONDA_PROMPT_MODIFIER=(ros2_env) DEBUGINFOD_URLS=https://debuginfod.ubuntu.com LD_LIBRARY_PATH=/home/irman/3dlidar_ros2_legged_robot_inspection/install/champ_base/lib:/home/irman/3dlidar_ros2_legged_robot_inspection/install/champ_msgs/lib:/home/irman/micromamba/envs/ros2_env/opt/rviz_ogre_vendor/lib:/home/irman/micromamba/envs/ros2_env/lib/gazebo-11/plugins:/home/irman/micromamba/envs/ros2_env/lib/gazebo-11/plugins:/home/irman/micromamba/envs/ros2_env/lib/gazebo-11/plugins:/home/irman/micromamba/envs/ros2_env/lib/gazebo-11/plugins:/home/irman/micromamba/envs/ros2_env/lib/gazebo-11/plugins:/home/irman/micromamba/envs/ros2_env/lib/gazebo-11/plugins:/home/irman/micromamba/envs/ros2_env/lib/gazebo-11/plugins:/home/irman/micromamba/envs/ros2_env/lib/gazebo-11/plugins PATH=/home/irman/3dlidar_ros2_legged_robot_inspection/install/champ_gazebo/bin:/home/irman/3dlidar_ros2_legged_robot_inspection/install/champ_base/bin:${PATH} PYTHONPATH=/home/irman/3dlidar_ros2_legged_robot_inspection/install/champ_bringup/lib/python3.11/site-packages:/home/irman/3dlidar_ros2_legged_robot_inspection/install/go2_control/lib/python3.11/site-packages:/home/irman/3dlidar_ros2_legged_robot_inspection/install/champ_msgs/lib/python3.11/site-packages:${PYTHONPATH} /home/irman/micromamba/envs/ros2_env/bin/cmake --build /home/irman/Dangerous-Industrial-Inspection-Robot-3D-Lidar-and-Depth-Camera/build/go2_bringup -- -j16 -l16[0m
[1.147s] [34mcolcon.colcon_core.event_handler.log_command[0m [1;30mDEBUG[0m [32mInvoked command in '/home/irman/Dangerous-Industrial-Inspection-Robot-3D-Lidar-and-Depth-Camera/build/go2_bringup' returned '0': AMENT_PREFIX_PATH=/home/irman/3dlidar_ros2_legged_robot_inspection/install/champ_bringup:/home/irman/3dlidar_ros2_legged_robot_inspection/install/champ_gazebo:/home/irman/3dlidar_ros2_legged_robot_inspection/install/champ_base:/home/irman/3dlidar_ros2_legged_robot_inspection/install/go2_description:/home/irman/3dlidar_ros2_legged_robot_inspection/install/go2_control:/home/irman/3dlidar_ros2_legged_robot_inspection/install/go2_config:/home/irman/3dlidar_ros2_legged_robot_inspection/install/champ_msgs:/home/irman/3dlidar_ros2_legged_robot_inspection/install/champ_description:/home/irman/3dlidar_ros2_legged_robot_inspection/install/champ:${AMENT_PREFIX_PATH} CMAKE_PREFIX_PATH=/home/irman/3dlidar_ros2_legged_robot_inspection/install/champ_bringup:/home/irman/3dlidar_ros2_legged_robot_inspection/install/champ_gazebo:/home/irman/3dlidar_ros2_legged_robot_inspection/install/champ_base:/home/irman/3dlidar_ros2_legged_robot_inspection/install/go2_description:/home/irman/3dlidar_ros2_legged_robot_inspection/install/go2_config:/home/irman/3dlidar_ros2_legged_robot_inspection/install/champ_msgs:/home/irman/3dlidar_ros2_legged_robot_inspection/install/champ_description:/home/irman/3dlidar_ros2_legged_robot_inspection/install/champ:${CMAKE_PREFIX_PATH} CONDA_PROMPT_MODIFIER=(ros2_env) DEBUGINFOD_URLS=https://debuginfod.ubuntu.com LD_LIBRARY_PATH=/home/irman/3dlidar_ros2_legged_robot_inspection/install/champ_base/lib:/home/irman/3dlidar_ros2_legged_robot_inspection/install/champ_msgs/lib:/home/irman/micromamba/envs/ros2_env/opt/rviz_ogre_vendor/lib:/home/irman/micromamba/envs/ros2_env/lib/gazebo-11/plugins:/home/irman/micromamba/envs/ros2_env/lib/gazebo-11/plugins:/home/irman/micromamba/envs/ros2_env/lib/gazebo-11/plugins:/home/irman/micromamba/envs/ros2_env/lib/gazebo-11/plugins:/home/irman/micromamba/envs/ros2_env/lib/gazebo-11/plugins:/home/irman/micromamba/envs/ros2_env/lib/gazebo-11/plugins:/home/irman/micromamba/envs/ros2_env/lib/gazebo-11/plugins:/home/irman/micromamba/envs/ros2_env/lib/gazebo-11/plugins PATH=/home/irman/3dlidar_ros2_legged_robot_inspection/install/champ_gazebo/bin:/home/irman/3dlidar_ros2_legged_robot_inspection/install/champ_base/bin:${PATH} PYTHONPATH=/home/irman/3dlidar_ros2_legged_robot_inspection/install/champ_bringup/lib/python3.11/site-packages:/home/irman/3dlidar_ros2_legged_robot_inspection/install/go2_control/lib/python3.11/site-packages:/home/irman/3dlidar_ros2_legged_robot_inspection/install/champ_msgs/lib/python3.11/site-packages:${PYTHONPATH} /home/irman/micromamba/envs/ros2_env/bin/cmake --build /home/irman/Dangerous-Industrial-Inspection-Robot-3D-Lidar-and-Depth-Camera/build/go2_bringup -- -j16 -l16[0m
[1.154s] [34mcolcon.colcon_core.event_handler.log_command[0m [1;30mDEBUG[0m [32mInvoking command in '/home/irman/Dangerous-Industrial-Inspection-Robot-3D-Lidar-and-Depth-Camera/build/go2_bringup': AMENT_PREFIX_PATH=/home/irman/3dlidar_ros2_legged_robot_inspection/install/champ_bringup:/home/irman/3dlidar_ros2_legged_robot_inspection/install/champ_gazebo:/home/irman/3dlidar_ros2_legged_robot_inspection/install/champ_base:/home/irman/3dlidar_ros2_legged_robot_inspection/install/go2_description:/home/irman/3dlidar_ros2_legged_robot_inspection/install/go2_control:/home/irman/3dlidar_ros2_legged_robot_inspection/install/go2_config:/home/irman/3dlidar_ros2_legged_robot_inspection/install/champ_msgs:/home/irman/3dlidar_ros2_legged_robot_inspection/install/champ_description:/home/irman/3dlidar_ros2_legged_robot_inspection/install/champ:${AMENT_PREFIX_PATH} CMAKE_PREFIX_PATH=/home/irman/3dlidar_ros2_legged_robot_inspection/install/champ_bringup:/home/irman/3dlidar_ros2_legged_robot_inspection/install/champ_gazebo:/home/irman/3dlidar_ros2_legged_robot_inspection/install/champ_base:/home/irman/3dlidar_ros2_legged_robot_inspection/install/go2_description:/home/irman/3dlidar_ros2_legged_robot_inspection/install/go2_config:/home/irman/3dlidar_ros2_legged_robot_inspection/install/champ_msgs:/home/irman/3dlidar_ros2_legged_robot_inspection/install/champ_description:/home/irman/3dlidar_ros2_legged_robot_inspection/install/champ:${CMAKE_PREFIX_PATH} CONDA_PROMPT_MODIFIER=(ros2_env) DEBUGINFOD_URLS=https://debuginfod.ubuntu.com LD_LIBRARY_PATH=/home/irman/3dlidar_ros2_legged_robot_inspection/install/champ_base/lib:/home/irman/3dlidar_ros2_legged_robot_inspection/install/champ_msgs/lib:/home/irman/micromamba/envs/ros2_env/opt/rviz_ogre_vendor/lib:/home/irman/micromamba/envs/ros2_env/lib/gazebo-11/plugins:/home/irman/micromamba/envs/ros2_env/lib/gazebo-11/plugins:/home/irman/micromamba/envs/ros2_env/lib/gazebo-11/plugins:/home/irman/micromamba/envs/ros2_env/lib/gazebo-11/plugins:/home/irman/micromamba/envs/ros2_env/lib/gazebo-11/plugins:/home/irman/micromamba/envs/ros2_env/lib/gazebo-11/plugins:/home/irman/micromamba/envs/ros2_env/lib/gazebo-11/plugins:/home/irman/micromamba/envs/ros2_env/lib/gazebo-11/plugins PATH=/home/irman/3dlidar_ros2_legged_robot_inspection/install/champ_gazebo/bin:/home/irman/3dlidar_ros2_legged_robot_inspection/install/champ_base/bin:${PATH} PYTHONPATH=/home/irman/3dlidar_ros2_legged_robot_inspection/install/champ_bringup/lib/python3.11/site-packages:/home/irman/3dlidar_ros2_legged_robot_inspection/install/go2_control/lib/python3.11/site-packages:/home/irman/3dlidar_ros2_legged_robot_inspection/install/champ_msgs/lib/python3.11/site-packages:${PYTHONPATH} /home/irman/micromamba/envs/ros2_env/bin/cmake --install /home/irman/Dangerous-Industrial-Inspection-Robot-3D-Lidar-and-Depth-Camera/build/go2_bringup[0m
[1.162s] [34mcolcon.colcon_core.environment[0m [1;30mLevel 1[0m create_environment_scripts_only(go2_bringup)
[1.162s] [34mcolcon.colcon_core.event_handler.log_command[0m [1;30mDEBUG[0m [32mInvoked command in '/home/irman/Dangerous-Industrial-Inspection-Robot-3D-Lidar-and-Depth-Camera/build/go2_bringup' returned '0': AMENT_PREFIX_PATH=/home/irman/3dlidar_ros2_legged_robot_inspection/install/champ_bringup:/home/irman/3dlidar_ros2_legged_robot_inspection/install/champ_gazebo:/home/irman/3dlidar_ros2_legged_robot_inspection/install/champ_base:/home/irman/3dlidar_ros2_legged_robot_inspection/install/go2_description:/home/irman/3dlidar_ros2_legged_robot_inspection/install/go2_control:/home/irman/3dlidar_ros2_legged_robot_inspection/install/go2_config:/home/irman/3dlidar_ros2_legged_robot_inspection/install/champ_msgs:/home/irman/3dlidar_ros2_legged_robot_inspection/install/champ_description:/home/irman/3dlidar_ros2_legged_robot_inspection/install/champ:${AMENT_PREFIX_PATH} CMAKE_PREFIX_PATH=/home/irman/3dlidar_ros2_legged_robot_inspection/install/champ_bringup:/home/irman/3dlidar_ros2_legged_robot_inspection/install/champ_gazebo:/home/irman/3dlidar_ros2_legged_robot_inspection/install/champ_base:/home/irman/3dlidar_ros2_legged_robot_inspection/install/go2_description:/home/irman/3dlidar_ros2_legged_robot_inspection/install/go2_config:/home/irman/3dlidar_ros2_legged_robot_inspection/install/champ_msgs:/home/irman/3dlidar_ros2_legged_robot_inspection/install/champ_description:/home/irman/3dlidar_ros2_legged_robot_inspection/install/champ:${CMAKE_PREFIX_PATH} CONDA_PROMPT_MODIFIER=(ros2_env) DEBUGINFOD_URLS=https://debuginfod.ubuntu.com LD_LIBRARY_PATH=/home/irman/3dlidar_ros2_legged_robot_inspection/install/champ_base/lib:/home/irman/3dlidar_ros2_legged_robot_inspection/install/champ_msgs/lib:/home/irman/micromamba/envs/ros2_env/opt/rviz_ogre_vendor/lib:/home/irman/micromamba/envs/ros2_env/lib/gazebo-11/plugins:/home/irman/micromamba/envs/ros2_env/lib/gazebo-11/plugins:/home/irman/micromamba/envs/ros2_env/lib/gazebo-11/plugins:/home/irman/micromamba/envs/ros2_env/lib/gazebo-11/plugins:/home/irman/micromamba/envs/ros2_env/lib/gazebo-11/plugins:/home/irman/micromamba/envs/ros2_env/lib/gazebo-11/plugins:/home/irman/micromamba/envs/ros2_env/lib/gazebo-11/plugins:/home/irman/micromamba/envs/ros2_env/lib/gazebo-11/plugins PATH=/home/irman/3dlidar_ros2_legged_robot_inspection/install/champ_gazebo/bin:/home/irman/3dlidar_ros2_legged_robot_inspection/install/champ_base/bin:${PATH} PYTHONPATH=/home/irman/3dlidar_ros2_legged_robot_inspection/install/champ_bringup/lib/python3.11/site-packages:/home/irman/3dlidar_ros2_legged_robot_inspection/install/go2_control/lib/python3.11/site-packages:/home/irman/3dlidar_ros2_legged_robot_inspection/install/champ_msgs/lib/python3.11/site-packages:${PYTHONPATH} /home/irman/micromamba/envs/ros2_env/bin/cmake --install /home/irman/Dangerous-Industrial-Inspection-Robot-3D-Lidar-and-Depth-Camera/build/go2_bringup[0m
[1.164s] [34mcolcon.colcon_core.environment[0m [1;30mLevel 1[0m checking '/home/irman/Dangerous-Industrial-Inspection-Robot-3D-Lidar-and-Depth-Camera/install/go2_bringup' for CMake module files
[1.164s] [34mcolcon.colcon_core.environment[0m [1;30mLevel 1[0m checking '/home/irman/Dangerous-Industrial-Inspection-Robot-3D-Lidar-and-Depth-Camera/install/go2_bringup' for CMake config files
[1.164s] [34mcolcon.colcon_core.shell[0m [1;30mLevel 1[0m create_environment_hook('go2_bringup', 'cmake_prefix_path')
[1.164s] [34mcolcon.colcon_core.shell[0m [1;30mINFO[0m Creating environment hook '/home/irman/Dangerous-Industrial-Inspection-Robot-3D-Lidar-and-Depth-Camera/install/go2_bringup/share/go2_bringup/hook/cmake_prefix_path.ps1'
[1.165s] [34mcolcon.colcon_core.shell[0m [1;30mINFO[0m Creating environment descriptor '/home/irman/Dangerous-Industrial-Inspection-Robot-3D-Lidar-and-Depth-Camera/install/go2_bringup/share/go2_bringup/hook/cmake_prefix_path.dsv'
[1.165s] [34mcolcon.colcon_core.shell[0m [1;30mINFO[0m Creating environment hook '/home/irman/Dangerous-Industrial-Inspection-Robot-3D-Lidar-and-Depth-Camera/install/go2_bringup/share/go2_bringup/hook/cmake_prefix_path.sh'
[1.165s] [34mcolcon.colcon_core.environment[0m [1;30mLevel 1[0m checking '/home/irman/Dangerous-Industrial-Inspection-Robot-3D-Lidar-and-Depth-Camera/install/go2_bringup/bin'
[1.166s] [34mcolcon.colcon_core.environment[0m [1;30mLevel 1[0m checking '/home/irman/Dangerous-Industrial-Inspection-Robot-3D-Lidar-and-Depth-Camera/install/go2_bringup/lib/pkgconfig/go2_bringup.pc'
[1.166s] [34mcolcon.colcon_core.environment[0m [1;30mLevel 1[0m checking '/home/irman/Dangerous-Industrial-Inspection-Robot-3D-Lidar-and-Depth-Camera/install/go2_bringup/lib/python3.11/site-packages'
[1.166s] [34mcolcon.colcon_core.environment[0m [1;30mLevel 1[0m checking '/home/irman/Dangerous-Industrial-Inspection-Robot-3D-Lidar-and-Depth-Camera/install/go2_bringup/bin'
[1.167s] [34mcolcon.colcon_core.shell[0m [1;30mINFO[0m Creating package script '/home/irman/Dangerous-Industrial-Inspection-Robot-3D-Lidar-and-Depth-Camera/install/go2_bringup/share/go2_bringup/package.ps1'
[1.167s] [34mcolcon.colcon_core.shell[0m [1;30mINFO[0m Creating package descriptor '/home/irman/Dangerous-Industrial-Inspection-Robot-3D-Lidar-and-Depth-Camera/install/go2_bringup/share/go2_bringup/package.dsv'
[1.167s] [34mcolcon.colcon_core.shell[0m [1;30mINFO[0m Creating package script '/home/irman/Dangerous-Industrial-Inspection-Robot-3D-Lidar-and-Depth-Camera/install/go2_bringup/share/go2_bringup/package.sh'
[1.168s] [34mcolcon.colcon_core.shell[0m [1;30mINFO[0m Creating package script '/home/irman/Dangerous-Industrial-Inspection-Robot-3D-Lidar-and-Depth-Camera/install/go2_bringup/share/go2_bringup/package.bash'
[1.168s] [34mcolcon.colcon_core.shell[0m [1;30mINFO[0m Creating package script '/home/irman/Dangerous-Industrial-Inspection-Robot-3D-Lidar-and-Depth-Camera/install/go2_bringup/share/go2_bringup/package.zsh'
[1.168s] [34mcolcon.colcon_core.environment[0m [1;30mLevel 1[0m create_file_with_runtime_dependencies(/home/irman/Dangerous-Industrial-Inspection-Robot-3D-Lidar-and-Depth-Camera/install/go2_bringup/share/colcon-core/packages/go2_bringup)
[1.169s] [34mcolcon.colcon_core.environment[0m [1;30mLevel 1[0m create_environment_scripts_only(go2_bringup)
[1.169s] [34mcolcon.colcon_core.environment[0m [1;30mLevel 1[0m checking '/home/irman/Dangerous-Industrial-Inspection-Robot-3D-Lidar-and-Depth-Camera/install/go2_bringup' for CMake module files
[1.169s] [34mcolcon.colcon_core.environment[0m [1;30mLevel 1[0m checking '/home/irman/Dangerous-Industrial-Inspection-Robot-3D-Lidar-and-Depth-Camera/install/go2_bringup' for CMake config files
[1.169s] [34mcolcon.colcon_core.shell[0m [1;30mLevel 1[0m create_environment_hook('go2_bringup', 'cmake_prefix_path')
[1.169s] [34mcolcon.colcon_core.shell[0m [1;30mINFO[0m Creating environment hook '/home/irman/Dangerous-Industrial-Inspection-Robot-3D-Lidar-and-Depth-Camera/install/go2_bringup/share/go2_bringup/hook/cmake_prefix_path.ps1'
[1.169s] [34mcolcon.colcon_core.shell[0m [1;30mINFO[0m Creating environment descriptor '/home/irman/Dangerous-Industrial-Inspection-Robot-3D-Lidar-and-Depth-Camera/install/go2_bringup/share/go2_bringup/hook/cmake_prefix_path.dsv'
[1.170s] [34mcolcon.colcon_core.shell[0m [1;30mINFO[0m Creating environment hook '/home/irman/Dangerous-Industrial-Inspection-Robot-3D-Lidar-and-Depth-Camera/install/go2_bringup/share/go2_bringup/hook/cmake_prefix_path.sh'
[1.170s] [34mcolcon.colcon_core.environment[0m [1;30mLevel 1[0m checking '/home/irman/Dangerous-Industrial-Inspection-Robot-3D-Lidar-and-Depth-Camera/install/go2_bringup/bin'
[1.170s] [34mcolcon.colcon_core.environment[0m [1;30mLevel 1[0m checking '/home/irman/Dangerous-Industrial-Inspection-Robot-3D-Lidar-and-Depth-Camera/install/go2_bringup/lib/pkgconfig/go2_bringup.pc'
[1.170s] [34mcolcon.colcon_core.environment[0m [1;30mLevel 1[0m checking '/home/irman/Dangerous-Industrial-Inspection-Robot-3D-Lidar-and-Depth-Camera/install/go2_bringup/lib/python3.11/site-packages'
[1.170s] [34mcolcon.colcon_core.environment[0m [1;30mLevel 1[0m checking '/home/irman/Dangerous-Industrial-Inspection-Robot-3D-Lidar-and-Depth-Camera/install/go2_bringup/bin'
[1.170s] [34mcolcon.colcon_core.shell[0m [1;30mINFO[0m Creating package script '/home/irman/Dangerous-Industrial-Inspection-Robot-3D-Lidar-and-Depth-Camera/install/go2_bringup/share/go2_bringup/package.ps1'
[1.171s] [34mcolcon.colcon_core.shell[0m [1;30mINFO[0m Creating package descriptor '/home/irman/Dangerous-Industrial-Inspection-Robot-3D-Lidar-and-Depth-Camera/install/go2_bringup/share/go2_bringup/package.dsv'
[1.171s] [34mcolcon.colcon_core.shell[0m [1;30mINFO[0m Creating package script '/home/irman/Dangerous-Industrial-Inspection-Robot-3D-Lidar-and-Depth-Camera/install/go2_bringup/share/go2_bringup/package.sh'
[1.171s] [34mcolcon.colcon_core.shell[0m [1;30mINFO[0m Creating package script '/home/irman/Dangerous-Industrial-Inspection-Robot-3D-Lidar-and-Depth-Camera/install/go2_bringup/share/go2_bringup/package.bash'
[1.171s] [34mcolcon.colcon_core.shell[0m [1;30mINFO[0m Creating package script '/home/irman/Dangerous-Industrial-Inspection-Robot-3D-Lidar-and-Depth-Camera/install/go2_bringup/share/go2_bringup/package.zsh'
[1.172s] [34mcolcon.colcon_core.environment[0m [1;30mLevel 1[0m create_file_with_runtime_dependencies(/home/irman/Dangerous-Industrial-Inspection-Robot-3D-Lidar-and-Depth-Camera/install/go2_bringup/share/colcon-core/packages/go2_bringup)
[1.172s] [34mcolcon.colcon_parallel_executor.executor.parallel[0m [1;30mDEBUG[0m [32mclosing loop[0m
[1.172s] [34mcolcon.colcon_parallel_executor.executor.parallel[0m [1;30mDEBUG[0m [32mloop closed[0m
[1.172s] [34mcolcon.colcon_parallel_executor.executor.parallel[0m [1;30mDEBUG[0m [32mrun_until_complete finished with '0'[0m
[1.172s] [34mcolcon.colcon_core.event_reactor[0m [1;30mDEBUG[0m [32mjoining thread[0m
[1.173s] [34mcolcon.colcon_core.event_reactor[0m [1;30mDEBUG[0m [32mjoined thread[0m
[1.173s] [34mcolcon.colcon_core.shell[0m [1;30mINFO[0m Creating prefix script '/home/irman/Dangerous-Industrial-Inspection-Robot-3D-Lidar-and-Depth-Camera/install/local_setup.ps1'
[1.174s] [34mcolcon.colcon_core.shell[0m [1;30mINFO[0m Creating prefix util module '/home/irman/Dangerous-Industrial-Inspection-Robot-3D-Lidar-and-Depth-Camera/install/_local_setup_util_ps1.py'
[1.174s] [34mcolcon.colcon_core.shell[0m [1;30mINFO[0m Creating prefix chain script '/home/irman/Dangerous-Industrial-Inspection-Robot-3D-Lidar-and-Depth-Camera/install/setup.ps1'
[1.175s] [34mcolcon.colcon_core.shell[0m [1;30mINFO[0m Creating prefix script '/home/irman/Dangerous-Industrial-Inspection-Robot-3D-Lidar-and-Depth-Camera/install/local_setup.sh'
[1.175s] [34mcolcon.colcon_core.shell[0m [1;30mINFO[0m Creating prefix util module '/home/irman/Dangerous-Industrial-Inspection-Robot-3D-Lidar-and-Depth-Camera/install/_local_setup_util_sh.py'
[1.175s] [34mcolcon.colcon_core.shell[0m [1;30mINFO[0m Creating prefix chain script '/home/irman/Dangerous-Industrial-Inspection-Robot-3D-Lidar-and-Depth-Camera/install/setup.sh'
[1.176s] [34mcolcon.colcon_core.shell[0m [1;30mINFO[0m Creating prefix script '/home/irman/Dangerous-Industrial-Inspection-Robot-3D-Lidar-and-Depth-Camera/install/local_setup.bash'
[1.176s] [34mcolcon.colcon_core.shell[0m [1;30mINFO[0m Creating prefix chain script '/home/irman/Dangerous-Industrial-Inspection-Robot-3D-Lidar-and-Depth-Camera/install/setup.bash'
[1.177s] [34mcolcon.colcon_core.shell[0m [1;30mINFO[0m Creating prefix script '/home/irman/Dangerous-Industrial-Inspection-Robot-3D-Lidar-and-Depth-Camera/install/local_setup.zsh'
[1.177s] [34mcolcon.colcon_core.shell[0m [1;30mINFO[0m Creating prefix chain script '/home/irman/Dangerous-Industrial-Inspection-Robot-3D-Lidar-and-Depth-Camera/install/setup.zsh'
