[0.204s] Invoking command in '/home/irman/3dlidar_ros2_legged_robot_inspection/build/champ_navigation': CONDA_PROMPT_MODIFIER=(ros2_env) DEBUGINFOD_URLS=https://debuginfod.ubuntu.com /home/irman/micromamba/envs/ros2_env/bin/cmake --build /home/irman/3dlidar_ros2_legged_robot_inspection/build/champ_navigation -- -j16 -l16
[0.246s] Invoked command in '/home/irman/3dlidar_ros2_legged_robot_inspection/build/champ_navigation' returned '0': CONDA_PROMPT_MODIFIER=(ros2_env) DEBUGINFOD_URLS=https://debuginfod.ubuntu.com /home/irman/micromamba/envs/ros2_env/bin/cmake --build /home/irman/3dlidar_ros2_legged_robot_inspection/build/champ_navigation -- -j16 -l16
[0.249s] Invoking command in '/home/irman/3dlidar_ros2_legged_robot_inspection/build/champ_navigation': CONDA_PROMPT_MODIFIER=(ros2_env) DEBUGINFOD_URLS=https://debuginfod.ubuntu.com /home/irman/micromamba/envs/ros2_env/bin/cmake --install /home/irman/3dlidar_ros2_legged_robot_inspection/build/champ_navigation
[0.278s] -- Install configuration: ""
[0.278s] -- Installing: /home/irman/3dlidar_ros2_legged_robot_inspection/install/champ_navigation/share/champ_navigation/launch
[0.278s] -- Installing: /home/irman/3dlidar_ros2_legged_robot_inspection/install/champ_navigation/share/champ_navigation/launch/slam.launch.py
[0.278s] -- Installing: /home/irman/3dlidar_ros2_legged_robot_inspection/install/champ_navigation/share/champ_navigation/launch/navigate.launch.py
[0.278s] -- Installing: /home/irman/3dlidar_ros2_legged_robot_inspection/install/champ_navigation/share/champ_navigation/rviz
[0.278s] -- Installing: /home/irman/3dlidar_ros2_legged_robot_inspection/install/champ_navigation/share/champ_navigation/rviz/navigation_minimal.rviz
[0.278s] -- Installing: /home/irman/3dlidar_ros2_legged_robot_inspection/install/champ_navigation/share/champ_navigation/rviz/slam.rviz
[0.278s] -- Installing: /home/irman/3dlidar_ros2_legged_robot_inspection/install/champ_navigation/share/champ_navigation/rviz/navigation.rviz
[0.278s] -- Installing: /home/irman/3dlidar_ros2_legged_robot_inspection/install/champ_navigation/share/ament_index/resource_index/package_run_dependencies/champ_navigation
[0.278s] -- Installing: /home/irman/3dlidar_ros2_legged_robot_inspection/install/champ_navigation/share/ament_index/resource_index/parent_prefix_path/champ_navigation
[0.278s] -- Installing: /home/irman/3dlidar_ros2_legged_robot_inspection/install/champ_navigation/share/champ_navigation/environment/ament_prefix_path.sh
[0.278s] -- Installing: /home/irman/3dlidar_ros2_legged_robot_inspection/install/champ_navigation/share/champ_navigation/environment/ament_prefix_path.dsv
[0.278s] -- Installing: /home/irman/3dlidar_ros2_legged_robot_inspection/install/champ_navigation/share/champ_navigation/environment/path.sh
[0.279s] -- Installing: /home/irman/3dlidar_ros2_legged_robot_inspection/install/champ_navigation/share/champ_navigation/environment/path.dsv
[0.279s] -- Installing: /home/irman/3dlidar_ros2_legged_robot_inspection/install/champ_navigation/share/champ_navigation/local_setup.bash
[0.279s] -- Installing: /home/irman/3dlidar_ros2_legged_robot_inspection/install/champ_navigation/share/champ_navigation/local_setup.sh
[0.279s] -- Installing: /home/irman/3dlidar_ros2_legged_robot_inspection/install/champ_navigation/share/champ_navigation/local_setup.zsh
[0.279s] -- Installing: /home/irman/3dlidar_ros2_legged_robot_inspection/install/champ_navigation/share/champ_navigation/local_setup.dsv
[0.279s] -- Installing: /home/irman/3dlidar_ros2_legged_robot_inspection/install/champ_navigation/share/champ_navigation/package.dsv
[0.280s] -- Installing: /home/irman/3dlidar_ros2_legged_robot_inspection/install/champ_navigation/share/ament_index/resource_index/packages/champ_navigation
[0.280s] -- Installing: /home/irman/3dlidar_ros2_legged_robot_inspection/install/champ_navigation/share/champ_navigation/cmake/champ_navigationConfig.cmake
[0.280s] -- Installing: /home/irman/3dlidar_ros2_legged_robot_inspection/install/champ_navigation/share/champ_navigation/cmake/champ_navigationConfig-version.cmake
[0.280s] -- Installing: /home/irman/3dlidar_ros2_legged_robot_inspection/install/champ_navigation/share/champ_navigation/package.xml
[0.297s] Invoked command in '/home/irman/3dlidar_ros2_legged_robot_inspection/build/champ_navigation' returned '0': CONDA_PROMPT_MODIFIER=(ros2_env) DEBUGINFOD_URLS=https://debuginfod.ubuntu.com /home/irman/micromamba/envs/ros2_env/bin/cmake --install /home/irman/3dlidar_ros2_legged_robot_inspection/build/champ_navigation
