[0mCMake Deprecation Warning at CMakeLists.txt:1 (cmake_minimum_required):
  Compatibility with CMake < 3.10 will be removed from a future version of
  CMake.

  Update the VERSION argument <min> value.  Or, use the <min>...<max> syntax
  to tell CMake that the project requires at least <min> but has been updated
  to work with policies introduced by <max> or earlier.

[0m
-- The C compiler identification is GNU 14.3.0
-- The CXX compiler identification is GNU 14.3.0
-- Detecting C compiler ABI info
-- Detecting C compiler ABI info - done
-- Check for working C compiler: /home/irman/micromamba/envs/ros2_env/bin/x86_64-conda-linux-gnu-cc - skipped
-- Detecting C compile features
-- Detecting C compile features - done
-- Detecting CXX compiler ABI info
-- Detecting CXX compiler ABI info - done
-- Check for working CXX compiler: /home/irman/micromamba/envs/ros2_env/bin/x86_64-conda-linux-gnu-c++ - skipped
-- Detecting CXX compile features
-- Detecting CXX compile features - done
-- Found ament_cmake: 1.3.12 (/home/irman/micromamba/envs/ros2_env/share/ament_cmake/cmake)
-- Found Python3: /home/irman/micromamba/envs/ros2_env/bin/python3 (found version "3.11.14") found components: Interpreter
-- Found rclcpp: 16.0.13 (/home/irman/micromamba/envs/ros2_env/share/rclcpp/cmake)
-- Found rosidl_generator_c: 3.1.6 (/home/irman/micromamba/envs/ros2_env/share/rosidl_generator_c/cmake)
-- Found rosidl_adapter: 3.1.6 (/home/irman/micromamba/envs/ros2_env/share/rosidl_adapter/cmake)
-- Found rosidl_generator_cpp: 3.1.6 (/home/irman/micromamba/envs/ros2_env/share/rosidl_generator_cpp/cmake)
-- Using all available rosidl_typesupport_c: rosidl_typesupport_fastrtps_c;rosidl_typesupport_introspection_c
-- Using all available rosidl_typesupport_cpp: rosidl_typesupport_fastrtps_cpp;rosidl_typesupport_introspection_cpp
-- Checking for module 'yaml-0.1'
--   Found yaml-0.1, version 0.2.5
-- Found rmw_implementation_cmake: 6.1.2 (/home/irman/micromamba/envs/ros2_env/share/rmw_implementation_cmake/cmake)
-- Found rmw_fastrtps_cpp: 6.2.7 (/home/irman/micromamba/envs/ros2_env/share/rmw_fastrtps_cpp/cmake)
-- Found OpenSSL: /home/irman/micromamba/envs/ros2_env/lib/libcrypto.so (found version "3.5.4")
-- Found FastRTPS: /home/irman/micromamba/envs/ros2_env/include
-- Using RMW implementation 'rmw_fastrtps_cpp' as default
-- Performing Test CMAKE_HAVE_LIBC_PTHREAD
-- Performing Test CMAKE_HAVE_LIBC_PTHREAD - Success
-- Found Threads: TRUE
-- Found urdf: 2.6.1 (/home/irman/micromamba/envs/ros2_env/share/urdf/cmake)
-- Found champ: 0.1.0 (/home/irman/3dlidar_ros2_legged_robot_inspection/install/champ/share/champ/cmake)
-- Found champ_msgs: 0.1.0 (/home/irman/3dlidar_ros2_legged_robot_inspection/install/champ_msgs/share/champ_msgs/cmake)
-- Found gazebo_ros2_control: 0.4.10 (/home/irman/micromamba/envs/ros2_env/share/gazebo_ros2_control/cmake)
-- Found PkgConfig: /home/irman/micromamba/envs/ros2_env/bin/pkg-config (found version "0.29.2")
-- Checking for module 'bullet>=2.82'
--   Found bullet, version 3.25
-- Found assimp: /home/irman/micromamba/envs/ros2_env/include (found suitable version "5.4.3", minimum required is "5.2.0")
-- Found DART: /home/irman/micromamba/envs/ros2_env/include (Required is at least version "6.6") found components: dart
[33mCMake Warning (dev) at /home/irman/micromamba/envs/ros2_env/lib/cmake/gazebo/gazebo-config.cmake:187 (find_package):
  Policy CMP0167 is not set: The FindBoost module is removed.  Run "cmake
  --help-policy CMP0167" for policy details.  Use the cmake_policy command to
  set the policy and suppress this warning.

Call Stack (most recent call first):
  /home/irman/micromamba/envs/ros2_env/share/gazebo_dev/cmake/gazebo_dev-extras.cmake:3 (find_package)
  /home/irman/micromamba/envs/ros2_env/share/gazebo_dev/cmake/gazebo_devConfig.cmake:41 (include)
  /home/irman/micromamba/envs/ros2_env/share/gazebo_ros2_control/cmake/ament_cmake_export_dependencies-extras.cmake:21 (find_package)
  /home/irman/micromamba/envs/ros2_env/share/gazebo_ros2_control/cmake/gazebo_ros2_controlConfig.cmake:41 (include)
  CMakeLists.txt:11 (find_package)
This warning is for project developers.  Use -Wno-dev to suppress it.
[0m
-- Found Boost: /home/irman/micromamba/envs/ros2_env/lib/cmake/Boost-1.86.0/BoostConfig.cmake (found suitable version "1.86.0", minimum required is "1.40.0") found components: thread system filesystem program_options regex iostreams date_time
-- Found ZLIB: /home/irman/micromamba/envs/ros2_env/lib/libz.so (found version "1.3.1")
-- Looking for ignition-math6 -- found version 6.15.1
-- Searching for dependencies of ignition-math6
-- Found OGRE
--   static     : OFF
--   components : Bites;HLMS;MeshLodGenerator;Overlay;Paging;Property;RTShaderSystem;Terrain;Volume
--   plugins    : Plugin_BSPSceneManager;Plugin_OctreeSceneManager;Plugin_PCZSceneManager;Plugin_ParticleFX;RenderSystem_GL;RenderSystem_GL3Plus
--   media      : /home/irman/micromamba/envs/ros2_env/share/OGRE/Media
-- Looking for ignition-math6 -- found version 6.15.1
-- Looking for ignition-transport8 -- found version 8.4.0
-- Searching for dependencies of ignition-transport8
-- Checking for module 'uuid'
--   Found uuid, version 2.41.2
-- Found UUID: TRUE
-- Looking for ignition-msgs5 -- found version 5.11.0
-- Searching for dependencies of ignition-msgs5
-- Looking for ignition-math6 -- found version 6.15.1
-- Checking for module 'tinyxml2'
--   Found tinyxml2, version 11.0.0
-- Looking for ignition-msgs5 -- found version 5.11.0
-- Looking for ignition-common3 -- found version 3.17.1
-- Searching for dependencies of ignition-common3
-- Looking for dlfcn.h - found
-- Looking for libdl - found
-- Found DL: TRUE
-- Searching for <ignition-common3> component [graphics]
-- Looking for ignition-common3-graphics -- found version 3.17.1
-- Searching for dependencies of ignition-common3-graphics
-- Looking for ignition-math6 -- found version 6.15.1
-- Looking for ignition-fuel_tools4 -- found version 4.6.0
-- Searching for dependencies of ignition-fuel_tools4
-- Found CURL: /home/irman/micromamba/envs/ros2_env/lib/libcurl.so (found version "8.17.0")
-- Checking for module 'jsoncpp'
--   Found jsoncpp, version 1.9.6
-- Found JSONCPP: TRUE
-- Checking for module 'yaml-0.1'
--   Found yaml-0.1, version 0.2.5
-- Found YAML: TRUE
-- Checking for module 'libzip'
--   Found libzip, version 1.11.2
-- Found ZIP: TRUE
-- Looking for ignition-common3 -- found version 3.17.1
-- Looking for ignition-math6 -- found version 6.15.1
-- Looking for ignition-msgs5 -- found version 5.11.0
-- Gazebo version: 11.15
-- Checking for module 'tbb'
--   Found tbb, version 2022.3.0
-- Configuring done (7.6s)
-- Generating done (0.1s)
[33mCMake Warning:
  Manually-specified variables were not used by the project:

    Python_EXECUTABLE

[0m
-- Build files have been written to: /home/irman/3dlidar_ros2_legged_robot_inspection/build/champ_gazebo
[ 50%] [32mBuilding CXX object CMakeFiles/contact_sensor.dir/src/contact_sensor.cpp.o[0m
In file included from [01m[K/home/irman/micromamba/envs/ros2_env/include/gazebo-11/gazebo/common/common.hh:16[m[K,
                 from [01m[K/home/irman/micromamba/envs/ros2_env/include/gazebo-11/gazebo/gazebo_client.hh:23[m[K,
                 from [01m[K/home/irman/3dlidar_ros2_legged_robot_inspection/src/unitree-go2-ros2/champ/champ_gazebo/src/contact_sensor.cpp:22[m[K:
[01m[K/home/irman/micromamba/envs/ros2_env/include/gazebo-11/gazebo/common/EnumIface.hh:180:12:[m[K [01;35m[Kwarning: [m[K'[01m[Ktemplate<class _Category, class _Tp, class _Distance, class _Pointer, class _Reference> struct std::iterator[m[K' is deprecated [[01;35m[K]8;;https://gcc.gnu.org/onlinedocs/gcc-14.3.0/gcc/Warning-Options.html#index-Wdeprecated-declarations-Wdeprecated-declarations]8;;[m[K]
  180 | [01;35m[Kiterator[m[K<std::bidirectional_iterator_tag, Enum>
      | [01;35m[K^~~~~~~~[m[K

In file included from [01m[K/home/irman/micromamba/envs/ros2_env/lib/gcc/x86_64-conda-linux-gnu/14.3.0/include/c++/bits/stl_construct.h:61[m[K,
                 from [01m[K/home/irman/micromamba/envs/ros2_env/lib/gcc/x86_64-conda-linux-gnu/14.3.0/include/c++/bits/stl_tempbuf.h:61[m[K,
                 from [01m[K/home/irman/micromamba/envs/ros2_env/lib/gcc/x86_64-conda-linux-gnu/14.3.0/include/c++/memory:66[m[K,
                 from [01m[K/home/irman/micromamba/envs/ros2_env/include/rclcpp/rclcpp/rclcpp.hpp:153[m[K,
                 from [01m[K/home/irman/3dlidar_ros2_legged_robot_inspection/src/unitree-go2-ros2/champ/champ_gazebo/src/contact_sensor.cpp:17[m[K:
[01m[K/home/irman/micromamba/envs/ros2_env/lib/gcc/x86_64-conda-linux-gnu/14.3.0/include/c++/bits/stl_iterator_base_types.h:127:34:[m[K [01;36m[Knote: [m[Kdeclared here
  127 | ED [01;36m[Kiterator[m[K
      |    [01;36m[K^~~~~~~~[m[K

[100%] [1m[32mLinking CXX executable contact_sensor[0m
[100%] Built target contact_sensor
-- Install configuration: ""
-- Installing: /home/irman/3dlidar_ros2_legged_robot_inspection/install/champ_gazebo/bin/imu_sensor.py
-- Installing: /home/irman/3dlidar_ros2_legged_robot_inspection/install/champ_gazebo/bin/odometry_tf.py
-- Installing: /home/irman/3dlidar_ros2_legged_robot_inspection/install/champ_gazebo/bin/odometry.py
-- Installing: /home/irman/3dlidar_ros2_legged_robot_inspection/install/champ_gazebo/lib/champ_gazebo/contact_sensor
-- Set non-toolchain portion of runtime path of "/home/irman/3dlidar_ros2_legged_robot_inspection/install/champ_gazebo/lib/champ_gazebo/contact_sensor" to ""
-- Installing: /home/irman/3dlidar_ros2_legged_robot_inspection/install/champ_gazebo/share/champ_gazebo/launch
-- Installing: /home/irman/3dlidar_ros2_legged_robot_inspection/install/champ_gazebo/share/champ_gazebo/launch/spawn_robot.launch
-- Installing: /home/irman/3dlidar_ros2_legged_robot_inspection/install/champ_gazebo/share/champ_gazebo/launch/gazebo.launch
-- Installing: /home/irman/3dlidar_ros2_legged_robot_inspection/install/champ_gazebo/share/champ_gazebo/launch/gazebo.launch.py
-- Installing: /home/irman/3dlidar_ros2_legged_robot_inspection/install/champ_gazebo/share/champ_gazebo/launch/spawn_world.launch
-- Installing: /home/irman/3dlidar_ros2_legged_robot_inspection/install/champ_gazebo/share/champ_gazebo/config
-- Installing: /home/irman/3dlidar_ros2_legged_robot_inspection/install/champ_gazebo/share/champ_gazebo/config/ros_control.yaml
-- Installing: /home/irman/3dlidar_ros2_legged_robot_inspection/install/champ_gazebo/share/champ_gazebo/config/gazebo.yaml
-- Installing: /home/irman/3dlidar_ros2_legged_robot_inspection/install/champ_gazebo/share/champ_gazebo/worlds
-- Installing: /home/irman/3dlidar_ros2_legged_robot_inspection/install/champ_gazebo/share/champ_gazebo/worlds/outdoor.world
-- Installing: /home/irman/3dlidar_ros2_legged_robot_inspection/install/champ_gazebo/share/champ_gazebo/worlds/playground.world
-- Installing: /home/irman/3dlidar_ros2_legged_robot_inspection/install/champ_gazebo/share/champ_gazebo/worlds/default.world
-- Installing: /home/irman/3dlidar_ros2_legged_robot_inspection/install/champ_gazebo/share/ament_index/resource_index/package_run_dependencies/champ_gazebo
-- Installing: /home/irman/3dlidar_ros2_legged_robot_inspection/install/champ_gazebo/share/ament_index/resource_index/parent_prefix_path/champ_gazebo
-- Installing: /home/irman/3dlidar_ros2_legged_robot_inspection/install/champ_gazebo/share/champ_gazebo/environment/ament_prefix_path.sh
-- Installing: /home/irman/3dlidar_ros2_legged_robot_inspection/install/champ_gazebo/share/champ_gazebo/environment/ament_prefix_path.dsv
-- Installing: /home/irman/3dlidar_ros2_legged_robot_inspection/install/champ_gazebo/share/champ_gazebo/environment/path.sh
-- Installing: /home/irman/3dlidar_ros2_legged_robot_inspection/install/champ_gazebo/share/champ_gazebo/environment/path.dsv
-- Installing: /home/irman/3dlidar_ros2_legged_robot_inspection/install/champ_gazebo/share/champ_gazebo/local_setup.bash
-- Installing: /home/irman/3dlidar_ros2_legged_robot_inspection/install/champ_gazebo/share/champ_gazebo/local_setup.sh
-- Installing: /home/irman/3dlidar_ros2_legged_robot_inspection/install/champ_gazebo/share/champ_gazebo/local_setup.zsh
-- Installing: /home/irman/3dlidar_ros2_legged_robot_inspection/install/champ_gazebo/share/champ_gazebo/local_setup.dsv
-- Installing: /home/irman/3dlidar_ros2_legged_robot_inspection/install/champ_gazebo/share/champ_gazebo/package.dsv
-- Installing: /home/irman/3dlidar_ros2_legged_robot_inspection/install/champ_gazebo/share/ament_index/resource_index/packages/champ_gazebo
-- Installing: /home/irman/3dlidar_ros2_legged_robot_inspection/install/champ_gazebo/share/champ_gazebo/cmake/ament_cmake_export_include_directories-extras.cmake
-- Installing: /home/irman/3dlidar_ros2_legged_robot_inspection/install/champ_gazebo/share/champ_gazebo/cmake/ament_cmake_export_dependencies-extras.cmake
-- Installing: /home/irman/3dlidar_ros2_legged_robot_inspection/install/champ_gazebo/share/champ_gazebo/cmake/champ_gazeboConfig.cmake
-- Installing: /home/irman/3dlidar_ros2_legged_robot_inspection/install/champ_gazebo/share/champ_gazebo/cmake/champ_gazeboConfig-version.cmake
-- Installing: /home/irman/3dlidar_ros2_legged_robot_inspection/install/champ_gazebo/share/champ_gazebo/package.xml
