[0.009s] Invoking command in '/home/irman/3dlidar_ros2_legged_robot_inspection/build/champ_gazebo': AMENT_PREFIX_PATH=/home/irman/3dlidar_ros2_legged_robot_inspection/install/champ_msgs:/home/irman/3dlidar_ros2_legged_robot_inspection/install/champ:${AMENT_PREFIX_PATH} CMAKE_PREFIX_PATH=/home/irman/3dlidar_ros2_legged_robot_inspection/install/champ_msgs:/home/irman/3dlidar_ros2_legged_robot_inspection/install/champ:${CMAKE_PREFIX_PATH} CONDA_PROMPT_MODIFIER=(ros2_env) DEBUGINFOD_URLS=https://debuginfod.ubuntu.com LD_LIBRARY_PATH=/home/irman/3dlidar_ros2_legged_robot_inspection/install/champ_msgs/lib:/home/irman/micromamba/envs/ros2_env/opt/rviz_ogre_vendor/lib:/home/irman/micromamba/envs/ros2_env/lib/gazebo-11/plugins PYTHONPATH=/home/irman/3dlidar_ros2_legged_robot_inspection/install/champ_msgs/lib/python3.11/site-packages:${PYTHONPATH} /home/irman/micromamba/envs/ros2_env/bin/cmake /home/irman/3dlidar_ros2_legged_robot_inspection/src/unitree-go2-ros2/champ/champ_gazebo -DPython_EXECUTABLE=/home/irman/micromamba/envs/ros2_env/bin/python3 -DCMAKE_INSTALL_PREFIX=/home/irman/3dlidar_ros2_legged_robot_inspection/install/champ_gazebo
[0.016s] [0mCMake Deprecation Warning at CMakeLists.txt:1 (cmake_minimum_required):
[0.016s]   Compatibility with CMake < 3.10 will be removed from a future version of
[0.016s]   CMake.
[0.016s] 
[0.016s]   Update the VERSION argument <min> value.  Or, use the <min>...<max> syntax
[0.016s]   to tell CMake that the project requires at least <min> but has been updated
[0.016s]   to work with policies introduced by <max> or earlier.
[0.016s] 
[0.016s] [0m
[0.065s] -- The C compiler identification is GNU 14.3.0
[0.173s] -- The CXX compiler identification is GNU 14.3.0
[0.183s] -- Detecting C compiler ABI info
[0.252s] -- Detecting C compiler ABI info - done
[0.268s] -- Check for working C compiler: /home/irman/micromamba/envs/ros2_env/bin/x86_64-conda-linux-gnu-cc - skipped
[0.268s] -- Detecting C compile features
[0.269s] -- Detecting C compile features - done
[0.280s] -- Detecting CXX compiler ABI info
[0.355s] -- Detecting CXX compiler ABI info - done
[0.373s] -- Check for working CXX compiler: /home/irman/micromamba/envs/ros2_env/bin/x86_64-conda-linux-gnu-c++ - skipped
[0.373s] -- Detecting CXX compile features
[0.374s] -- Detecting CXX compile features - done
[0.387s] -- Found ament_cmake: 1.3.12 (/home/irman/micromamba/envs/ros2_env/share/ament_cmake/cmake)
[0.547s] -- Found Python3: /home/irman/micromamba/envs/ros2_env/bin/python3 (found version "3.11.14") found components: Interpreter
[0.683s] -- Found rclcpp: 16.0.13 (/home/irman/micromamba/envs/ros2_env/share/rclcpp/cmake)
[0.767s] -- Found rosidl_generator_c: 3.1.6 (/home/irman/micromamba/envs/ros2_env/share/rosidl_generator_c/cmake)
[0.780s] -- Found rosidl_adapter: 3.1.6 (/home/irman/micromamba/envs/ros2_env/share/rosidl_adapter/cmake)
[0.799s] -- Found rosidl_generator_cpp: 3.1.6 (/home/irman/micromamba/envs/ros2_env/share/rosidl_generator_cpp/cmake)
[0.821s] -- Using all available rosidl_typesupport_c: rosidl_typesupport_fastrtps_c;rosidl_typesupport_introspection_c
[0.850s] -- Using all available rosidl_typesupport_cpp: rosidl_typesupport_fastrtps_cpp;rosidl_typesupport_introspection_cpp
[0.953s] -- Checking for module 'yaml-0.1'
[1.058s] --   Found yaml-0.1, version 0.2.5
[1.363s] -- Found rmw_implementation_cmake: 6.1.2 (/home/irman/micromamba/envs/ros2_env/share/rmw_implementation_cmake/cmake)
[1.369s] -- Found rmw_fastrtps_cpp: 6.2.7 (/home/irman/micromamba/envs/ros2_env/share/rmw_fastrtps_cpp/cmake)
[1.864s] -- Found OpenSSL: /home/irman/micromamba/envs/ros2_env/lib/libcrypto.so (found version "3.5.4")
[1.908s] -- Found FastRTPS: /home/irman/micromamba/envs/ros2_env/include
[1.972s] -- Using RMW implementation 'rmw_fastrtps_cpp' as default
[1.988s] -- Performing Test CMAKE_HAVE_LIBC_PTHREAD
[2.062s] -- Performing Test CMAKE_HAVE_LIBC_PTHREAD - Success
[2.063s] -- Found Threads: TRUE
[2.129s] -- Found urdf: 2.6.1 (/home/irman/micromamba/envs/ros2_env/share/urdf/cmake)
[2.185s] -- Found champ: 0.1.0 (/home/irman/3dlidar_ros2_legged_robot_inspection/install/champ/share/champ/cmake)
[2.186s] -- Found champ_msgs: 0.1.0 (/home/irman/3dlidar_ros2_legged_robot_inspection/install/champ_msgs/share/champ_msgs/cmake)
[2.252s] -- Found gazebo_ros2_control: 0.4.10 (/home/irman/micromamba/envs/ros2_env/share/gazebo_ros2_control/cmake)
[2.594s] -- Found PkgConfig: /home/irman/micromamba/envs/ros2_env/bin/pkg-config (found version "0.29.2")
[2.596s] -- Checking for module 'bullet>=2.82'
[2.717s] --   Found bullet, version 3.25
[3.552s] -- Found assimp: /home/irman/micromamba/envs/ros2_env/include (found suitable version "5.4.3", minimum required is "5.2.0")
[3.586s] -- Found DART: /home/irman/micromamba/envs/ros2_env/include (Required is at least version "6.6") found components: dart
[3.638s] [33mCMake Warning (dev) at /home/irman/micromamba/envs/ros2_env/lib/cmake/gazebo/gazebo-config.cmake:187 (find_package):
[3.638s]   Policy CMP0167 is not set: The FindBoost module is removed.  Run "cmake
[3.638s]   --help-policy CMP0167" for policy details.  Use the cmake_policy command to
[3.638s]   set the policy and suppress this warning.
[3.638s] 
[3.638s] Call Stack (most recent call first):
[3.638s]   /home/irman/micromamba/envs/ros2_env/share/gazebo_dev/cmake/gazebo_dev-extras.cmake:3 (find_package)
[3.638s]   /home/irman/micromamba/envs/ros2_env/share/gazebo_dev/cmake/gazebo_devConfig.cmake:41 (include)
[3.638s]   /home/irman/micromamba/envs/ros2_env/share/gazebo_ros2_control/cmake/ament_cmake_export_dependencies-extras.cmake:21 (find_package)
[3.638s]   /home/irman/micromamba/envs/ros2_env/share/gazebo_ros2_control/cmake/gazebo_ros2_controlConfig.cmake:41 (include)
[3.639s]   CMakeLists.txt:11 (find_package)
[3.639s] This warning is for project developers.  Use -Wno-dev to suppress it.
[3.639s] [0m
[3.672s] -- Found Boost: /home/irman/micromamba/envs/ros2_env/lib/cmake/Boost-1.86.0/BoostConfig.cmake (found suitable version "1.86.0", minimum required is "1.40.0") found components: thread system filesystem program_options regex iostreams date_time
[3.699s] -- Found ZLIB: /home/irman/micromamba/envs/ros2_env/lib/libz.so (found version "1.3.1")
[3.722s] -- Looking for ignition-math6 -- found version 6.15.1
[3.732s] -- Searching for dependencies of ignition-math6
[3.740s] -- Found OGRE
[3.741s] --   static     : OFF
[3.741s] --   components : Bites;HLMS;MeshLodGenerator;Overlay;Paging;Property;RTShaderSystem;Terrain;Volume
[3.741s] --   plugins    : Plugin_BSPSceneManager;Plugin_OctreeSceneManager;Plugin_PCZSceneManager;Plugin_ParticleFX;RenderSystem_GL;RenderSystem_GL3Plus
[3.741s] --   media      : /home/irman/micromamba/envs/ros2_env/share/OGRE/Media
[3.741s] -- Looking for ignition-math6 -- found version 6.15.1
[3.743s] -- Looking for ignition-transport8 -- found version 8.4.0
[3.744s] -- Searching for dependencies of ignition-transport8
[3.777s] -- Checking for module 'uuid'
[3.903s] --   Found uuid, version 2.41.2
[4.252s] -- Found UUID: TRUE
[4.265s] -- Looking for ignition-msgs5 -- found version 5.11.0
[4.265s] -- Searching for dependencies of ignition-msgs5
[4.268s] -- Looking for ignition-math6 -- found version 6.15.1
[4.296s] -- Checking for module 'tinyxml2'
[4.418s] --   Found tinyxml2, version 11.0.0
[4.787s] -- Looking for ignition-msgs5 -- found version 5.11.0
[4.790s] -- Looking for ignition-common3 -- found version 3.17.1
[4.790s] -- Searching for dependencies of ignition-common3
[4.791s] -- Looking for dlfcn.h - found
[4.792s] -- Looking for libdl - found
[4.794s] -- Found DL: TRUE
[4.829s] -- Searching for <ignition-common3> component [graphics]
[4.831s] -- Looking for ignition-common3-graphics -- found version 3.17.1
[4.831s] -- Searching for dependencies of ignition-common3-graphics
[4.832s] -- Looking for ignition-math6 -- found version 6.15.1
[4.836s] -- Looking for ignition-fuel_tools4 -- found version 4.6.0
[4.836s] -- Searching for dependencies of ignition-fuel_tools4
[5.453s] -- Found CURL: /home/irman/micromamba/envs/ros2_env/lib/libcurl.so (found version "8.17.0")
[5.485s] -- Checking for module 'jsoncpp'
[5.616s] --   Found jsoncpp, version 1.9.6
[5.969s] -- Found JSONCPP: TRUE
[6.015s] -- Checking for module 'yaml-0.1'
[6.138s] --   Found yaml-0.1, version 0.2.5
[6.486s] -- Found YAML: TRUE
[6.515s] -- Checking for module 'libzip'
[6.649s] --   Found libzip, version 1.11.2
[7.007s] -- Found ZIP: TRUE
[7.008s] -- Looking for ignition-common3 -- found version 3.17.1
[7.008s] -- Looking for ignition-math6 -- found version 6.15.1
[7.008s] -- Looking for ignition-msgs5 -- found version 5.11.0
[7.024s] -- Gazebo version: 11.15
[7.024s] -- Checking for module 'tbb'
[7.158s] --   Found tbb, version 2022.3.0
[7.643s] -- Configuring done (7.6s)
[7.732s] -- Generating done (0.1s)
[7.732s] [33mCMake Warning:
[7.732s]   Manually-specified variables were not used by the project:
[7.732s] 
[7.732s]     Python_EXECUTABLE
[7.732s] 
[7.732s] [0m
[7.738s] -- Build files have been written to: /home/irman/3dlidar_ros2_legged_robot_inspection/build/champ_gazebo
[7.754s] Invoked command in '/home/irman/3dlidar_ros2_legged_robot_inspection/build/champ_gazebo' returned '0': AMENT_PREFIX_PATH=/home/irman/3dlidar_ros2_legged_robot_inspection/install/champ_msgs:/home/irman/3dlidar_ros2_legged_robot_inspection/install/champ:${AMENT_PREFIX_PATH} CMAKE_PREFIX_PATH=/home/irman/3dlidar_ros2_legged_robot_inspection/install/champ_msgs:/home/irman/3dlidar_ros2_legged_robot_inspection/install/champ:${CMAKE_PREFIX_PATH} CONDA_PROMPT_MODIFIER=(ros2_env) DEBUGINFOD_URLS=https://debuginfod.ubuntu.com LD_LIBRARY_PATH=/home/irman/3dlidar_ros2_legged_robot_inspection/install/champ_msgs/lib:/home/irman/micromamba/envs/ros2_env/opt/rviz_ogre_vendor/lib:/home/irman/micromamba/envs/ros2_env/lib/gazebo-11/plugins PYTHONPATH=/home/irman/3dlidar_ros2_legged_robot_inspection/install/champ_msgs/lib/python3.11/site-packages:${PYTHONPATH} /home/irman/micromamba/envs/ros2_env/bin/cmake /home/irman/3dlidar_ros2_legged_robot_inspection/src/unitree-go2-ros2/champ/champ_gazebo -DPython_EXECUTABLE=/home/irman/micromamba/envs/ros2_env/bin/python3 -DCMAKE_INSTALL_PREFIX=/home/irman/3dlidar_ros2_legged_robot_inspection/install/champ_gazebo
[7.755s] Invoking command in '/home/irman/3dlidar_ros2_legged_robot_inspection/build/champ_gazebo': AMENT_PREFIX_PATH=/home/irman/3dlidar_ros2_legged_robot_inspection/install/champ_msgs:/home/irman/3dlidar_ros2_legged_robot_inspection/install/champ:${AMENT_PREFIX_PATH} CMAKE_PREFIX_PATH=/home/irman/3dlidar_ros2_legged_robot_inspection/install/champ_msgs:/home/irman/3dlidar_ros2_legged_robot_inspection/install/champ:${CMAKE_PREFIX_PATH} CONDA_PROMPT_MODIFIER=(ros2_env) DEBUGINFOD_URLS=https://debuginfod.ubuntu.com LD_LIBRARY_PATH=/home/irman/3dlidar_ros2_legged_robot_inspection/install/champ_msgs/lib:/home/irman/micromamba/envs/ros2_env/opt/rviz_ogre_vendor/lib:/home/irman/micromamba/envs/ros2_env/lib/gazebo-11/plugins PYTHONPATH=/home/irman/3dlidar_ros2_legged_robot_inspection/install/champ_msgs/lib/python3.11/site-packages:${PYTHONPATH} /home/irman/micromamba/envs/ros2_env/bin/cmake --build /home/irman/3dlidar_ros2_legged_robot_inspection/build/champ_gazebo -- -j16 -l16
[7.803s] [ 50%] [32mBuilding CXX object CMakeFiles/contact_sensor.dir/src/contact_sensor.cpp.o[0m
[19.546s] In file included from [01m[K/home/irman/micromamba/envs/ros2_env/include/gazebo-11/gazebo/common/common.hh:16[m[K,
[19.546s]                  from [01m[K/home/irman/micromamba/envs/ros2_env/include/gazebo-11/gazebo/gazebo_client.hh:23[m[K,
[19.546s]                  from [01m[K/home/irman/3dlidar_ros2_legged_robot_inspection/src/unitree-go2-ros2/champ/champ_gazebo/src/contact_sensor.cpp:22[m[K:
[19.546s] [01m[K/home/irman/micromamba/envs/ros2_env/include/gazebo-11/gazebo/common/EnumIface.hh:180:12:[m[K [01;35m[Kwarning: [m[K'[01m[Ktemplate<class _Category, class _Tp, class _Distance, class _Pointer, class _Reference> struct std::iterator[m[K' is deprecated [[01;35m[K]8;;https://gcc.gnu.org/onlinedocs/gcc-14.3.0/gcc/Warning-Options.html#index-Wdeprecated-declarations-Wdeprecated-declarations]8;;[m[K]
[19.546s]   180 | [01;35m[Kiterator[m[K<std::bidirectional_iterator_tag, Enum>
[19.546s]       | [01;35m[K^~~~~~~~[m[K
[19.546s] 
[19.547s] In file included from [01m[K/home/irman/micromamba/envs/ros2_env/lib/gcc/x86_64-conda-linux-gnu/14.3.0/include/c++/bits/stl_construct.h:61[m[K,
[19.547s]                  from [01m[K/home/irman/micromamba/envs/ros2_env/lib/gcc/x86_64-conda-linux-gnu/14.3.0/include/c++/bits/stl_tempbuf.h:61[m[K,
[19.547s]                  from [01m[K/home/irman/micromamba/envs/ros2_env/lib/gcc/x86_64-conda-linux-gnu/14.3.0/include/c++/memory:66[m[K,
[19.547s]                  from [01m[K/home/irman/micromamba/envs/ros2_env/include/rclcpp/rclcpp/rclcpp.hpp:153[m[K,
[19.547s]                  from [01m[K/home/irman/3dlidar_ros2_legged_robot_inspection/src/unitree-go2-ros2/champ/champ_gazebo/src/contact_sensor.cpp:17[m[K:
[19.547s] [01m[K/home/irman/micromamba/envs/ros2_env/lib/gcc/x86_64-conda-linux-gnu/14.3.0/include/c++/bits/stl_iterator_base_types.h:127:34:[m[K [01;36m[Knote: [m[Kdeclared here
[19.547s]   127 | ED [01;36m[Kiterator[m[K
[19.547s]       |    [01;36m[K^~~~~~~~[m[K
[19.547s] 
[30.324s] [100%] [1m[32mLinking CXX executable contact_sensor[0m
[31.252s] [100%] Built target contact_sensor
[31.266s] Invoked command in '/home/irman/3dlidar_ros2_legged_robot_inspection/build/champ_gazebo' returned '0': AMENT_PREFIX_PATH=/home/irman/3dlidar_ros2_legged_robot_inspection/install/champ_msgs:/home/irman/3dlidar_ros2_legged_robot_inspection/install/champ:${AMENT_PREFIX_PATH} CMAKE_PREFIX_PATH=/home/irman/3dlidar_ros2_legged_robot_inspection/install/champ_msgs:/home/irman/3dlidar_ros2_legged_robot_inspection/install/champ:${CMAKE_PREFIX_PATH} CONDA_PROMPT_MODIFIER=(ros2_env) DEBUGINFOD_URLS=https://debuginfod.ubuntu.com LD_LIBRARY_PATH=/home/irman/3dlidar_ros2_legged_robot_inspection/install/champ_msgs/lib:/home/irman/micromamba/envs/ros2_env/opt/rviz_ogre_vendor/lib:/home/irman/micromamba/envs/ros2_env/lib/gazebo-11/plugins PYTHONPATH=/home/irman/3dlidar_ros2_legged_robot_inspection/install/champ_msgs/lib/python3.11/site-packages:${PYTHONPATH} /home/irman/micromamba/envs/ros2_env/bin/cmake --build /home/irman/3dlidar_ros2_legged_robot_inspection/build/champ_gazebo -- -j16 -l16
[31.267s] Invoking command in '/home/irman/3dlidar_ros2_legged_robot_inspection/build/champ_gazebo': AMENT_PREFIX_PATH=/home/irman/3dlidar_ros2_legged_robot_inspection/install/champ_msgs:/home/irman/3dlidar_ros2_legged_robot_inspection/install/champ:${AMENT_PREFIX_PATH} CMAKE_PREFIX_PATH=/home/irman/3dlidar_ros2_legged_robot_inspection/install/champ_msgs:/home/irman/3dlidar_ros2_legged_robot_inspection/install/champ:${CMAKE_PREFIX_PATH} CONDA_PROMPT_MODIFIER=(ros2_env) DEBUGINFOD_URLS=https://debuginfod.ubuntu.com LD_LIBRARY_PATH=/home/irman/3dlidar_ros2_legged_robot_inspection/install/champ_msgs/lib:/home/irman/micromamba/envs/ros2_env/opt/rviz_ogre_vendor/lib:/home/irman/micromamba/envs/ros2_env/lib/gazebo-11/plugins PYTHONPATH=/home/irman/3dlidar_ros2_legged_robot_inspection/install/champ_msgs/lib/python3.11/site-packages:${PYTHONPATH} /home/irman/micromamba/envs/ros2_env/bin/cmake --install /home/irman/3dlidar_ros2_legged_robot_inspection/build/champ_gazebo
[31.274s] -- Install configuration: ""
[31.274s] -- Installing: /home/irman/3dlidar_ros2_legged_robot_inspection/install/champ_gazebo/bin/imu_sensor.py
[31.274s] -- Installing: /home/irman/3dlidar_ros2_legged_robot_inspection/install/champ_gazebo/bin/odometry_tf.py
[31.274s] -- Installing: /home/irman/3dlidar_ros2_legged_robot_inspection/install/champ_gazebo/bin/odometry.py
[31.275s] -- Installing: /home/irman/3dlidar_ros2_legged_robot_inspection/install/champ_gazebo/lib/champ_gazebo/contact_sensor
[31.275s] -- Set non-toolchain portion of runtime path of "/home/irman/3dlidar_ros2_legged_robot_inspection/install/champ_gazebo/lib/champ_gazebo/contact_sensor" to ""
[31.276s] -- Installing: /home/irman/3dlidar_ros2_legged_robot_inspection/install/champ_gazebo/share/champ_gazebo/launch
[31.276s] -- Installing: /home/irman/3dlidar_ros2_legged_robot_inspection/install/champ_gazebo/share/champ_gazebo/launch/spawn_robot.launch
[31.276s] -- Installing: /home/irman/3dlidar_ros2_legged_robot_inspection/install/champ_gazebo/share/champ_gazebo/launch/gazebo.launch
[31.276s] -- Installing: /home/irman/3dlidar_ros2_legged_robot_inspection/install/champ_gazebo/share/champ_gazebo/launch/gazebo.launch.py
[31.276s] -- Installing: /home/irman/3dlidar_ros2_legged_robot_inspection/install/champ_gazebo/share/champ_gazebo/launch/spawn_world.launch
[31.276s] -- Installing: /home/irman/3dlidar_ros2_legged_robot_inspection/install/champ_gazebo/share/champ_gazebo/config
[31.276s] -- Installing: /home/irman/3dlidar_ros2_legged_robot_inspection/install/champ_gazebo/share/champ_gazebo/config/ros_control.yaml
[31.277s] -- Installing: /home/irman/3dlidar_ros2_legged_robot_inspection/install/champ_gazebo/share/champ_gazebo/config/gazebo.yaml
[31.277s] -- Installing: /home/irman/3dlidar_ros2_legged_robot_inspection/install/champ_gazebo/share/champ_gazebo/worlds
[31.277s] -- Installing: /home/irman/3dlidar_ros2_legged_robot_inspection/install/champ_gazebo/share/champ_gazebo/worlds/outdoor.world
[31.277s] -- Installing: /home/irman/3dlidar_ros2_legged_robot_inspection/install/champ_gazebo/share/champ_gazebo/worlds/playground.world
[31.278s] -- Installing: /home/irman/3dlidar_ros2_legged_robot_inspection/install/champ_gazebo/share/champ_gazebo/worlds/default.world
[31.278s] -- Installing: /home/irman/3dlidar_ros2_legged_robot_inspection/install/champ_gazebo/share/ament_index/resource_index/package_run_dependencies/champ_gazebo
[31.278s] -- Installing: /home/irman/3dlidar_ros2_legged_robot_inspection/install/champ_gazebo/share/ament_index/resource_index/parent_prefix_path/champ_gazebo
[31.279s] -- Installing: /home/irman/3dlidar_ros2_legged_robot_inspection/install/champ_gazebo/share/champ_gazebo/environment/ament_prefix_path.sh
[31.279s] -- Installing: /home/irman/3dlidar_ros2_legged_robot_inspection/install/champ_gazebo/share/champ_gazebo/environment/ament_prefix_path.dsv
[31.279s] -- Installing: /home/irman/3dlidar_ros2_legged_robot_inspection/install/champ_gazebo/share/champ_gazebo/environment/path.sh
[31.279s] -- Installing: /home/irman/3dlidar_ros2_legged_robot_inspection/install/champ_gazebo/share/champ_gazebo/environment/path.dsv
[31.279s] -- Installing: /home/irman/3dlidar_ros2_legged_robot_inspection/install/champ_gazebo/share/champ_gazebo/local_setup.bash
[31.279s] -- Installing: /home/irman/3dlidar_ros2_legged_robot_inspection/install/champ_gazebo/share/champ_gazebo/local_setup.sh
[31.279s] -- Installing: /home/irman/3dlidar_ros2_legged_robot_inspection/install/champ_gazebo/share/champ_gazebo/local_setup.zsh
[31.280s] -- Installing: /home/irman/3dlidar_ros2_legged_robot_inspection/install/champ_gazebo/share/champ_gazebo/local_setup.dsv
[31.280s] -- Installing: /home/irman/3dlidar_ros2_legged_robot_inspection/install/champ_gazebo/share/champ_gazebo/package.dsv
[31.280s] -- Installing: /home/irman/3dlidar_ros2_legged_robot_inspection/install/champ_gazebo/share/ament_index/resource_index/packages/champ_gazebo
[31.280s] -- Installing: /home/irman/3dlidar_ros2_legged_robot_inspection/install/champ_gazebo/share/champ_gazebo/cmake/ament_cmake_export_include_directories-extras.cmake
[31.280s] -- Installing: /home/irman/3dlidar_ros2_legged_robot_inspection/install/champ_gazebo/share/champ_gazebo/cmake/ament_cmake_export_dependencies-extras.cmake
[31.280s] -- Installing: /home/irman/3dlidar_ros2_legged_robot_inspection/install/champ_gazebo/share/champ_gazebo/cmake/champ_gazeboConfig.cmake
[31.280s] -- Installing: /home/irman/3dlidar_ros2_legged_robot_inspection/install/champ_gazebo/share/champ_gazebo/cmake/champ_gazeboConfig-version.cmake
[31.281s] -- Installing: /home/irman/3dlidar_ros2_legged_robot_inspection/install/champ_gazebo/share/champ_gazebo/package.xml
[31.283s] Invoked command in '/home/irman/3dlidar_ros2_legged_robot_inspection/build/champ_gazebo' returned '0': AMENT_PREFIX_PATH=/home/irman/3dlidar_ros2_legged_robot_inspection/install/champ_msgs:/home/irman/3dlidar_ros2_legged_robot_inspection/install/champ:${AMENT_PREFIX_PATH} CMAKE_PREFIX_PATH=/home/irman/3dlidar_ros2_legged_robot_inspection/install/champ_msgs:/home/irman/3dlidar_ros2_legged_robot_inspection/install/champ:${CMAKE_PREFIX_PATH} CONDA_PROMPT_MODIFIER=(ros2_env) DEBUGINFOD_URLS=https://debuginfod.ubuntu.com LD_LIBRARY_PATH=/home/irman/3dlidar_ros2_legged_robot_inspection/install/champ_msgs/lib:/home/irman/micromamba/envs/ros2_env/opt/rviz_ogre_vendor/lib:/home/irman/micromamba/envs/ros2_env/lib/gazebo-11/plugins PYTHONPATH=/home/irman/3dlidar_ros2_legged_robot_inspection/install/champ_msgs/lib/python3.11/site-packages:${PYTHONPATH} /home/irman/micromamba/envs/ros2_env/bin/cmake --install /home/irman/3dlidar_ros2_legged_robot_inspection/build/champ_gazebo
