[0.473s] Invoking command in '/home/irman/3dlidar_ros2_legged_robot_inspection/build/go2_description': CONDA_PROMPT_MODIFIER=(ros2_env) DEBUGINFOD_URLS=https://debuginfod.ubuntu.com /home/irman/micromamba/envs/ros2_env/bin/cmake /home/irman/3dlidar_ros2_legged_robot_inspection/src/unitree-go2-ros2/robots/descriptions/go2_description -DCMAKE_INSTALL_PREFIX=/home/irman/3dlidar_ros2_legged_robot_inspection/install/go2_description
[0.512s] [0mCMake Deprecation Warning at CMakeLists.txt:1 (cmake_minimum_required):
[0.513s]   Compatibility with CMake < 3.10 will be removed from a future version of
[0.513s]   CMake.
[0.513s] 
[0.514s]   Update the VERSION argument <min> value.  Or, use the <min>...<max> syntax
[0.514s]   to tell CMake that the project requires at least <min> but has been updated
[0.514s]   to work with policies introduced by <max> or earlier.
[0.514s] 
[0.514s] [0m
[0.593s] -- The C compiler identification is GNU 14.3.0
[0.815s] -- The CXX compiler identification is GNU 14.3.0
[0.831s] -- Detecting C compiler ABI info
[0.966s] -- Detecting C compiler ABI info - done
[1.006s] -- Check for working C compiler: /home/irman/micromamba/envs/ros2_env/bin/x86_64-conda-linux-gnu-cc - skipped
[1.006s] -- Detecting C compile features
[1.007s] -- Detecting C compile features - done
[1.034s] -- Detecting CXX compiler ABI info
[1.206s] -- Detecting CXX compiler ABI info - done
[1.248s] -- Check for working CXX compiler: /home/irman/micromamba/envs/ros2_env/bin/x86_64-conda-linux-gnu-c++ - skipped
[1.248s] -- Detecting CXX compile features
[1.249s] -- Detecting CXX compile features - done
[1.273s] -- Found ament_cmake: 1.3.12 (/home/irman/micromamba/envs/ros2_env/share/ament_cmake/cmake)
[1.596s] -- Found Python3: /home/irman/micromamba/envs/ros2_env/bin/python3 (found version "3.11.14") found components: Interpreter
[1.869s] -- Found ament_lint_auto: 0.12.12 (/home/irman/micromamba/envs/ros2_env/share/ament_lint_auto/cmake)
[2.010s] -- Configuring done (1.5s)
[2.018s] -- Generating done (0.0s)
[2.020s] -- Build files have been written to: /home/irman/3dlidar_ros2_legged_robot_inspection/build/go2_description
