-- Install configuration: ""
-- Installing: /home/irman/3dlidar_ros2_legged_robot_inspection/install/champ_description/share/champ_description/launch
-- Installing: /home/irman/3dlidar_ros2_legged_robot_inspection/install/champ_description/share/champ_description/launch/description.launch.py
-- Installing: /home/irman/3dlidar_ros2_legged_robot_inspection/install/champ_description/share/champ_description/launch/view_urdf.launch
-- Installing: /home/irman/3dlidar_ros2_legged_robot_inspection/install/champ_description/share/champ_description/launch/description.launch
-- Installing: /home/irman/3dlidar_ros2_legged_robot_inspection/install/champ_description/share/champ_description/rviz
-- Installing: /home/irman/3dlidar_ros2_legged_robot_inspection/install/champ_description/share/champ_description/rviz/urdf_viewer.rviz
-- Installing: /home/irman/3dlidar_ros2_legged_robot_inspection/install/champ_description/share/champ_description/meshes
-- Installing: /home/irman/3dlidar_ros2_legged_robot_inspection/install/champ_description/share/champ_description/meshes/upper_leg.stl
-- Installing: /home/irman/3dlidar_ros2_legged_robot_inspection/install/champ_description/share/champ_description/meshes/asus_camera_simple.dae
-- Installing: /home/irman/3dlidar_ros2_legged_robot_inspection/install/champ_description/share/champ_description/meshes/arm
-- Installing: /home/irman/3dlidar_ros2_legged_robot_inspection/install/champ_description/share/champ_description/meshes/arm/upper_arm.stl
-- Installing: /home/irman/3dlidar_ros2_legged_robot_inspection/install/champ_description/share/champ_description/meshes/arm/wrist1.stl
-- Installing: /home/irman/3dlidar_ros2_legged_robot_inspection/install/champ_description/share/champ_description/meshes/arm/wrist2.stl
-- Installing: /home/irman/3dlidar_ros2_legged_robot_inspection/install/champ_description/share/champ_description/meshes/arm/lower_arm.stl
-- Installing: /home/irman/3dlidar_ros2_legged_robot_inspection/install/champ_description/share/champ_description/meshes/arm/base.stl
-- Installing: /home/irman/3dlidar_ros2_legged_robot_inspection/install/champ_description/share/champ_description/meshes/lower_leg.stl
-- Installing: /home/irman/3dlidar_ros2_legged_robot_inspection/install/champ_description/share/champ_description/meshes/hokuyo_utm_30lx.dae
-- Installing: /home/irman/3dlidar_ros2_legged_robot_inspection/install/champ_description/share/champ_description/meshes/base_simple.stl
-- Installing: /home/irman/3dlidar_ros2_legged_robot_inspection/install/champ_description/share/champ_description/meshes/lower_leg_simple.stl
-- Installing: /home/irman/3dlidar_ros2_legged_robot_inspection/install/champ_description/share/champ_description/meshes/upper_leg_simple.stl
-- Installing: /home/irman/3dlidar_ros2_legged_robot_inspection/install/champ_description/share/champ_description/meshes/hip.stl
-- Installing: /home/irman/3dlidar_ros2_legged_robot_inspection/install/champ_description/share/champ_description/meshes/base.stl
-- Installing: /home/irman/3dlidar_ros2_legged_robot_inspection/install/champ_description/share/champ_description/urdf
-- Installing: /home/irman/3dlidar_ros2_legged_robot_inspection/install/champ_description/share/champ_description/urdf/hokuyo_utm30lx.urdf.xacro
-- Installing: /home/irman/3dlidar_ros2_legged_robot_inspection/install/champ_description/share/champ_description/urdf/gen_urdf
-- Installing: /home/irman/3dlidar_ros2_legged_robot_inspection/install/champ_description/share/champ_description/urdf/accessories.urdf.xacro
-- Installing: /home/irman/3dlidar_ros2_legged_robot_inspection/install/champ_description/share/champ_description/urdf/leg.urdf.xacro
-- Installing: /home/irman/3dlidar_ros2_legged_robot_inspection/install/champ_description/share/champ_description/urdf/champ.urdf
-- Installing: /home/irman/3dlidar_ros2_legged_robot_inspection/install/champ_description/share/champ_description/urdf/asus_camera.urdf.xacro
-- Installing: /home/irman/3dlidar_ros2_legged_robot_inspection/install/champ_description/share/champ_description/urdf/champ_velodyne.urdf
-- Installing: /home/irman/3dlidar_ros2_legged_robot_inspection/install/champ_description/share/champ_description/urdf/champ_arm.urdf
-- Installing: /home/irman/3dlidar_ros2_legged_robot_inspection/install/champ_description/share/champ_description/urdf/properties.urdf.xacro
-- Installing: /home/irman/3dlidar_ros2_legged_robot_inspection/install/champ_description/share/champ_description/urdf/champ.urdf.xacro
-- Installing: /home/irman/3dlidar_ros2_legged_robot_inspection/install/champ_description/share/ament_index/resource_index/package_run_dependencies/champ_description
-- Installing: /home/irman/3dlidar_ros2_legged_robot_inspection/install/champ_description/share/ament_index/resource_index/parent_prefix_path/champ_description
-- Installing: /home/irman/3dlidar_ros2_legged_robot_inspection/install/champ_description/share/champ_description/environment/ament_prefix_path.sh
-- Installing: /home/irman/3dlidar_ros2_legged_robot_inspection/install/champ_description/share/champ_description/environment/ament_prefix_path.dsv
-- Installing: /home/irman/3dlidar_ros2_legged_robot_inspection/install/champ_description/share/champ_description/environment/path.sh
-- Installing: /home/irman/3dlidar_ros2_legged_robot_inspection/install/champ_description/share/champ_description/environment/path.dsv
-- Installing: /home/irman/3dlidar_ros2_legged_robot_inspection/install/champ_description/share/champ_description/local_setup.bash
-- Installing: /home/irman/3dlidar_ros2_legged_robot_inspection/install/champ_description/share/champ_description/local_setup.sh
-- Installing: /home/irman/3dlidar_ros2_legged_robot_inspection/install/champ_description/share/champ_description/local_setup.zsh
-- Installing: /home/irman/3dlidar_ros2_legged_robot_inspection/install/champ_description/share/champ_description/local_setup.dsv
-- Installing: /home/irman/3dlidar_ros2_legged_robot_inspection/install/champ_description/share/champ_description/package.dsv
-- Installing: /home/irman/3dlidar_ros2_legged_robot_inspection/install/champ_description/share/ament_index/resource_index/packages/champ_description
-- Installing: /home/irman/3dlidar_ros2_legged_robot_inspection/install/champ_description/share/champ_description/cmake/champ_descriptionConfig.cmake
-- Installing: /home/irman/3dlidar_ros2_legged_robot_inspection/install/champ_description/share/champ_description/cmake/champ_descriptionConfig-version.cmake
-- Installing: /home/irman/3dlidar_ros2_legged_robot_inspection/install/champ_description/share/champ_description/package.xml
