[0.030s] Invoking command in '/home/irman/3dlidar_ros2_legged_robot_inspection/build/champ_description': CONDA_PROMPT_MODIFIER=(ros2_env) DEBUGINFOD_URLS=https://debuginfod.ubuntu.com /home/irman/micromamba/envs/ros2_env/bin/cmake --build /home/irman/3dlidar_ros2_legged_robot_inspection/build/champ_description -- -j16 -l16
[0.244s] Invoked command in '/home/irman/3dlidar_ros2_legged_robot_inspection/build/champ_description' returned '0': CONDA_PROMPT_MODIFIER=(ros2_env) DEBUGINFOD_URLS=https://debuginfod.ubuntu.com /home/irman/micromamba/envs/ros2_env/bin/cmake --build /home/irman/3dlidar_ros2_legged_robot_inspection/build/champ_description -- -j16 -l16
[0.246s] Invoking command in '/home/irman/3dlidar_ros2_legged_robot_inspection/build/champ_description': CONDA_PROMPT_MODIFIER=(ros2_env) DEBUGINFOD_URLS=https://debuginfod.ubuntu.com /home/irman/micromamba/envs/ros2_env/bin/cmake --install /home/irman/3dlidar_ros2_legged_robot_inspection/build/champ_description
[0.260s] -- Install configuration: ""
[0.260s] -- Installing: /home/irman/3dlidar_ros2_legged_robot_inspection/install/champ_description/share/champ_description/launch
[0.260s] -- Installing: /home/irman/3dlidar_ros2_legged_robot_inspection/install/champ_description/share/champ_description/launch/description.launch.py
[0.260s] -- Installing: /home/irman/3dlidar_ros2_legged_robot_inspection/install/champ_description/share/champ_description/launch/view_urdf.launch
[0.260s] -- Installing: /home/irman/3dlidar_ros2_legged_robot_inspection/install/champ_description/share/champ_description/launch/description.launch
[0.261s] -- Installing: /home/irman/3dlidar_ros2_legged_robot_inspection/install/champ_description/share/champ_description/rviz
[0.261s] -- Installing: /home/irman/3dlidar_ros2_legged_robot_inspection/install/champ_description/share/champ_description/rviz/urdf_viewer.rviz
[0.261s] -- Installing: /home/irman/3dlidar_ros2_legged_robot_inspection/install/champ_description/share/champ_description/meshes
[0.261s] -- Installing: /home/irman/3dlidar_ros2_legged_robot_inspection/install/champ_description/share/champ_description/meshes/upper_leg.stl
[0.262s] -- Installing: /home/irman/3dlidar_ros2_legged_robot_inspection/install/champ_description/share/champ_description/meshes/asus_camera_simple.dae
[0.262s] -- Installing: /home/irman/3dlidar_ros2_legged_robot_inspection/install/champ_description/share/champ_description/meshes/arm
[0.262s] -- Installing: /home/irman/3dlidar_ros2_legged_robot_inspection/install/champ_description/share/champ_description/meshes/arm/upper_arm.stl
[0.262s] -- Installing: /home/irman/3dlidar_ros2_legged_robot_inspection/install/champ_description/share/champ_description/meshes/arm/wrist1.stl
[0.262s] -- Installing: /home/irman/3dlidar_ros2_legged_robot_inspection/install/champ_description/share/champ_description/meshes/arm/wrist2.stl
[0.263s] -- Installing: /home/irman/3dlidar_ros2_legged_robot_inspection/install/champ_description/share/champ_description/meshes/arm/lower_arm.stl
[0.264s] -- Installing: /home/irman/3dlidar_ros2_legged_robot_inspection/install/champ_description/share/champ_description/meshes/arm/base.stl
[0.265s] -- Installing: /home/irman/3dlidar_ros2_legged_robot_inspection/install/champ_description/share/champ_description/meshes/lower_leg.stl
[0.266s] -- Installing: /home/irman/3dlidar_ros2_legged_robot_inspection/install/champ_description/share/champ_description/meshes/hokuyo_utm_30lx.dae
[0.267s] -- Installing: /home/irman/3dlidar_ros2_legged_robot_inspection/install/champ_description/share/champ_description/meshes/base_simple.stl
[0.267s] -- Installing: /home/irman/3dlidar_ros2_legged_robot_inspection/install/champ_description/share/champ_description/meshes/lower_leg_simple.stl
[0.267s] -- Installing: /home/irman/3dlidar_ros2_legged_robot_inspection/install/champ_description/share/champ_description/meshes/upper_leg_simple.stl
[0.267s] -- Installing: /home/irman/3dlidar_ros2_legged_robot_inspection/install/champ_description/share/champ_description/meshes/hip.stl
[0.268s] -- Installing: /home/irman/3dlidar_ros2_legged_robot_inspection/install/champ_description/share/champ_description/meshes/base.stl
[0.270s] -- Installing: /home/irman/3dlidar_ros2_legged_robot_inspection/install/champ_description/share/champ_description/urdf
[0.270s] -- Installing: /home/irman/3dlidar_ros2_legged_robot_inspection/install/champ_description/share/champ_description/urdf/hokuyo_utm30lx.urdf.xacro
[0.271s] -- Installing: /home/irman/3dlidar_ros2_legged_robot_inspection/install/champ_description/share/champ_description/urdf/gen_urdf
[0.271s] -- Installing: /home/irman/3dlidar_ros2_legged_robot_inspection/install/champ_description/share/champ_description/urdf/accessories.urdf.xacro
[0.271s] -- Installing: /home/irman/3dlidar_ros2_legged_robot_inspection/install/champ_description/share/champ_description/urdf/leg.urdf.xacro
[0.271s] -- Installing: /home/irman/3dlidar_ros2_legged_robot_inspection/install/champ_description/share/champ_description/urdf/champ.urdf
[0.271s] -- Installing: /home/irman/3dlidar_ros2_legged_robot_inspection/install/champ_description/share/champ_description/urdf/asus_camera.urdf.xacro
[0.272s] -- Installing: /home/irman/3dlidar_ros2_legged_robot_inspection/install/champ_description/share/champ_description/urdf/champ_velodyne.urdf
[0.273s] -- Installing: /home/irman/3dlidar_ros2_legged_robot_inspection/install/champ_description/share/champ_description/urdf/champ_arm.urdf
[0.274s] -- Installing: /home/irman/3dlidar_ros2_legged_robot_inspection/install/champ_description/share/champ_description/urdf/properties.urdf.xacro
[0.274s] -- Installing: /home/irman/3dlidar_ros2_legged_robot_inspection/install/champ_description/share/champ_description/urdf/champ.urdf.xacro
[0.274s] -- Installing: /home/irman/3dlidar_ros2_legged_robot_inspection/install/champ_description/share/ament_index/resource_index/package_run_dependencies/champ_description
[0.274s] -- Installing: /home/irman/3dlidar_ros2_legged_robot_inspection/install/champ_description/share/ament_index/resource_index/parent_prefix_path/champ_description
[0.274s] -- Installing: /home/irman/3dlidar_ros2_legged_robot_inspection/install/champ_description/share/champ_description/environment/ament_prefix_path.sh
[0.274s] -- Installing: /home/irman/3dlidar_ros2_legged_robot_inspection/install/champ_description/share/champ_description/environment/ament_prefix_path.dsv
[0.274s] -- Installing: /home/irman/3dlidar_ros2_legged_robot_inspection/install/champ_description/share/champ_description/environment/path.sh
[0.274s] -- Installing: /home/irman/3dlidar_ros2_legged_robot_inspection/install/champ_description/share/champ_description/environment/path.dsv
[0.274s] -- Installing: /home/irman/3dlidar_ros2_legged_robot_inspection/install/champ_description/share/champ_description/local_setup.bash
[0.274s] -- Installing: /home/irman/3dlidar_ros2_legged_robot_inspection/install/champ_description/share/champ_description/local_setup.sh
[0.274s] -- Installing: /home/irman/3dlidar_ros2_legged_robot_inspection/install/champ_description/share/champ_description/local_setup.zsh
[0.274s] -- Installing: /home/irman/3dlidar_ros2_legged_robot_inspection/install/champ_description/share/champ_description/local_setup.dsv
[0.274s] -- Installing: /home/irman/3dlidar_ros2_legged_robot_inspection/install/champ_description/share/champ_description/package.dsv
[0.274s] -- Installing: /home/irman/3dlidar_ros2_legged_robot_inspection/install/champ_description/share/ament_index/resource_index/packages/champ_description
[0.274s] -- Installing: /home/irman/3dlidar_ros2_legged_robot_inspection/install/champ_description/share/champ_description/cmake/champ_descriptionConfig.cmake
[0.274s] -- Installing: /home/irman/3dlidar_ros2_legged_robot_inspection/install/champ_description/share/champ_description/cmake/champ_descriptionConfig-version.cmake
[0.274s] -- Installing: /home/irman/3dlidar_ros2_legged_robot_inspection/install/champ_description/share/champ_description/package.xml
[0.298s] Invoked command in '/home/irman/3dlidar_ros2_legged_robot_inspection/build/champ_description' returned '0': CONDA_PROMPT_MODIFIER=(ros2_env) DEBUGINFOD_URLS=https://debuginfod.ubuntu.com /home/irman/micromamba/envs/ros2_env/bin/cmake --install /home/irman/3dlidar_ros2_legged_robot_inspection/build/champ_description
