-- The C compiler identification is GNU 14.3.0
-- The CXX compiler identification is GNU 14.3.0
-- Detecting C compiler ABI info
-- Detecting C compiler ABI info - done
-- Check for working C compiler: /home/irman/micromamba/envs/ros2_env/bin/x86_64-conda-linux-gnu-cc - skipped
-- Detecting C compile features
-- Detecting C compile features - done
-- Detecting CXX compiler ABI info
-- Detecting CXX compiler ABI info - done
-- Check for working CXX compiler: /home/irman/micromamba/envs/ros2_env/bin/x86_64-conda-linux-gnu-c++ - skipped
-- Detecting CXX compile features
-- Detecting CXX compile features - done
-- Found ament_cmake: 1.3.12 (/home/irman/micromamba/envs/ros2_env/share/ament_cmake/cmake)
-- Found Python3: /home/irman/micromamba/envs/ros2_env/bin/python3 (found version "3.11.14") found components: Interpreter
-- Configuring done (0.9s)
-- Generating done (0.0s)
-- Build files have been written to: /home/irman/3dlidar_ros2_legged_robot_inspection/build/champ_bringup
Built target ament_cmake_python_copy_champ_bringup
running egg_info
creating champ_bringup.egg-info
writing champ_bringup.egg-info/PKG-INFO
writing dependency_links to champ_bringup.egg-info/dependency_links.txt
writing top-level names to champ_bringup.egg-info/top_level.txt
writing manifest file 'champ_bringup.egg-info/SOURCES.txt'
reading manifest file 'champ_bringup.egg-info/SOURCES.txt'
writing manifest file 'champ_bringup.egg-info/SOURCES.txt'
Built target ament_cmake_python_build_champ_bringup_egg
-- Install configuration: ""
-- Installing: /home/irman/3dlidar_ros2_legged_robot_inspection/install/champ_bringup/share/champ_bringup/launch
-- Installing: /home/irman/3dlidar_ros2_legged_robot_inspection/install/champ_bringup/share/champ_bringup/launch/bringup.launch.py
-- Installing: /home/irman/3dlidar_ros2_legged_robot_inspection/install/champ_bringup/share/champ_bringup/launch/include
-- Installing: /home/irman/3dlidar_ros2_legged_robot_inspection/install/champ_bringup/share/champ_bringup/launch/include/velocity_smoother.launch
-- Installing: /home/irman/3dlidar_ros2_legged_robot_inspection/install/champ_bringup/share/champ_bringup/launch/include/laser
-- Installing: /home/irman/3dlidar_ros2_legged_robot_inspection/install/champ_bringup/share/champ_bringup/launch/include/laser/d435.launch
-- Installing: /home/irman/3dlidar_ros2_legged_robot_inspection/install/champ_bringup/share/champ_bringup/launch/include/laser/realsense.launch
-- Installing: /home/irman/3dlidar_ros2_legged_robot_inspection/install/champ_bringup/share/champ_bringup/launch/include/laser/hokuyo.launch
-- Installing: /home/irman/3dlidar_ros2_legged_robot_inspection/install/champ_bringup/share/champ_bringup/launch/include/laser/ydlidar.launch
-- Installing: /home/irman/3dlidar_ros2_legged_robot_inspection/install/champ_bringup/share/champ_bringup/launch/include/laser/lms1xx.launch
-- Installing: /home/irman/3dlidar_ros2_legged_robot_inspection/install/champ_bringup/share/champ_bringup/launch/include/laser/xv11.launch
-- Installing: /home/irman/3dlidar_ros2_legged_robot_inspection/install/champ_bringup/share/champ_bringup/launch/include/laser/sweep.launch
-- Installing: /home/irman/3dlidar_ros2_legged_robot_inspection/install/champ_bringup/share/champ_bringup/launch/include/laser/sim.launch
-- Installing: /home/irman/3dlidar_ros2_legged_robot_inspection/install/champ_bringup/share/champ_bringup/launch/include/laser/rplidar.launch
-- Installing: /home/irman/3dlidar_ros2_legged_robot_inspection/install/champ_bringup/share/champ_bringup/launch/include/laser/kinect.launch
-- Installing: /home/irman/3dlidar_ros2_legged_robot_inspection/install/champ_bringup/share/champ_bringup/launch/joints_gui.launch.py
-- Installing: /home/irman/3dlidar_ros2_legged_robot_inspection/install/champ_bringup/share/champ_bringup/launch/bringup.launch
-- Installing: /home/irman/3dlidar_ros2_legged_robot_inspection/install/champ_bringup/share/champ_bringup/launch/joints_gui.launch
-- Installing: /home/irman/3dlidar_ros2_legged_robot_inspection/install/champ_bringup/share/champ_bringup/environment/pythonpath.sh
-- Installing: /home/irman/3dlidar_ros2_legged_robot_inspection/install/champ_bringup/share/champ_bringup/environment/pythonpath.dsv
-- Installing: /home/irman/3dlidar_ros2_legged_robot_inspection/install/champ_bringup/lib/python3.11/site-packages/champ_bringup-0.1.0-py3.11.egg-info
-- Installing: /home/irman/3dlidar_ros2_legged_robot_inspection/install/champ_bringup/lib/python3.11/site-packages/champ_bringup-0.1.0-py3.11.egg-info/dependency_links.txt
-- Installing: /home/irman/3dlidar_ros2_legged_robot_inspection/install/champ_bringup/lib/python3.11/site-packages/champ_bringup-0.1.0-py3.11.egg-info/SOURCES.txt
-- Installing: /home/irman/3dlidar_ros2_legged_robot_inspection/install/champ_bringup/lib/python3.11/site-packages/champ_bringup-0.1.0-py3.11.egg-info/top_level.txt
-- Installing: /home/irman/3dlidar_ros2_legged_robot_inspection/install/champ_bringup/lib/python3.11/site-packages/champ_bringup-0.1.0-py3.11.egg-info/PKG-INFO
-- Installing: /home/irman/3dlidar_ros2_legged_robot_inspection/install/champ_bringup/lib/python3.11/site-packages/champ_bringup
-- Installing: /home/irman/3dlidar_ros2_legged_robot_inspection/install/champ_bringup/lib/python3.11/site-packages/champ_bringup/joint_calibrator_relay.py
-- Installing: /home/irman/3dlidar_ros2_legged_robot_inspection/install/champ_bringup/lib/python3.11/site-packages/champ_bringup/__init__.py
Listing 'lib/python3.11/site-packages/champ_bringup'...
Can't list 'lib/python3.11/site-packages/champ_bringup'
-- Installing: /home/irman/3dlidar_ros2_legged_robot_inspection/install/champ_bringup/lib/champ_bringup/joint_calibrator_relay.py
-- Installing: /home/irman/3dlidar_ros2_legged_robot_inspection/install/champ_bringup/share/ament_index/resource_index/package_run_dependencies/champ_bringup
-- Installing: /home/irman/3dlidar_ros2_legged_robot_inspection/install/champ_bringup/share/ament_index/resource_index/parent_prefix_path/champ_bringup
-- Installing: /home/irman/3dlidar_ros2_legged_robot_inspection/install/champ_bringup/share/champ_bringup/environment/ament_prefix_path.sh
-- Installing: /home/irman/3dlidar_ros2_legged_robot_inspection/install/champ_bringup/share/champ_bringup/environment/ament_prefix_path.dsv
-- Installing: /home/irman/3dlidar_ros2_legged_robot_inspection/install/champ_bringup/share/champ_bringup/environment/path.sh
-- Installing: /home/irman/3dlidar_ros2_legged_robot_inspection/install/champ_bringup/share/champ_bringup/environment/path.dsv
-- Installing: /home/irman/3dlidar_ros2_legged_robot_inspection/install/champ_bringup/share/champ_bringup/local_setup.bash
-- Installing: /home/irman/3dlidar_ros2_legged_robot_inspection/install/champ_bringup/share/champ_bringup/local_setup.sh
-- Installing: /home/irman/3dlidar_ros2_legged_robot_inspection/install/champ_bringup/share/champ_bringup/local_setup.zsh
-- Installing: /home/irman/3dlidar_ros2_legged_robot_inspection/install/champ_bringup/share/champ_bringup/local_setup.dsv
-- Installing: /home/irman/3dlidar_ros2_legged_robot_inspection/install/champ_bringup/share/champ_bringup/package.dsv
-- Installing: /home/irman/3dlidar_ros2_legged_robot_inspection/install/champ_bringup/share/ament_index/resource_index/packages/champ_bringup
-- Installing: /home/irman/3dlidar_ros2_legged_robot_inspection/install/champ_bringup/share/champ_bringup/cmake/champ_bringupConfig.cmake
-- Installing: /home/irman/3dlidar_ros2_legged_robot_inspection/install/champ_bringup/share/champ_bringup/cmake/champ_bringupConfig-version.cmake
-- Installing: /home/irman/3dlidar_ros2_legged_robot_inspection/install/champ_bringup/share/champ_bringup/package.xml
