[0.012s] Invoking command in '/home/irman/3dlidar_ros2_legged_robot_inspection/build/champ_bringup': AMENT_PREFIX_PATH=/home/irman/3dlidar_ros2_legged_robot_inspection/install/champ_base:/home/irman/3dlidar_ros2_legged_robot_inspection/install/champ_msgs:/home/irman/3dlidar_ros2_legged_robot_inspection/install/champ_description:/home/irman/3dlidar_ros2_legged_robot_inspection/install/champ:${AMENT_PREFIX_PATH} CMAKE_PREFIX_PATH=/home/irman/3dlidar_ros2_legged_robot_inspection/install/champ_base:/home/irman/3dlidar_ros2_legged_robot_inspection/install/champ_msgs:/home/irman/3dlidar_ros2_legged_robot_inspection/install/champ_description:/home/irman/3dlidar_ros2_legged_robot_inspection/install/champ:${CMAKE_PREFIX_PATH} CONDA_PROMPT_MODIFIER=(ros2_env) DEBUGINFOD_URLS=https://debuginfod.ubuntu.com LD_LIBRARY_PATH=/home/irman/3dlidar_ros2_legged_robot_inspection/install/champ_base/lib:/home/irman/3dlidar_ros2_legged_robot_inspection/install/champ_msgs/lib:/home/irman/micromamba/envs/ros2_env/opt/rviz_ogre_vendor/lib:/home/irman/micromamba/envs/ros2_env/lib/gazebo-11/plugins PATH=/home/irman/3dlidar_ros2_legged_robot_inspection/install/champ_base/bin:${PATH} PYTHONPATH=/home/irman/3dlidar_ros2_legged_robot_inspection/install/champ_msgs/lib/python3.11/site-packages:${PYTHONPATH} /home/irman/micromamba/envs/ros2_env/bin/cmake /home/irman/3dlidar_ros2_legged_robot_inspection/src/unitree-go2-ros2/champ/champ_bringup -DPython_EXECUTABLE=/home/irman/micromamba/envs/ros2_env/bin/python3 -DCMAKE_INSTALL_PREFIX=/home/irman/3dlidar_ros2_legged_robot_inspection/install/champ_bringup
[0.021s] [0mCMake Deprecation Warning at CMakeLists.txt:1 (cmake_minimum_required):
[0.021s]   Compatibility with CMake < 3.10 will be removed from a future version of
[0.021s]   CMake.
[0.021s] 
[0.021s]   Update the VERSION argument <min> value.  Or, use the <min>...<max> syntax
[0.021s]   to tell CMake that the project requires at least <min> but has been updated
[0.021s]   to work with policies introduced by <max> or earlier.
[0.022s] 
[0.022s] [0m
[0.073s] -- The C compiler identification is GNU 14.3.0
[0.183s] -- The CXX compiler identification is GNU 14.3.0
[0.193s] -- Detecting C compiler ABI info
[0.275s] -- Detecting C compiler ABI info - done
[0.293s] -- Check for working C compiler: /home/irman/micromamba/envs/ros2_env/bin/x86_64-conda-linux-gnu-cc - skipped
[0.293s] -- Detecting C compile features
[0.294s] -- Detecting C compile features - done
[0.306s] -- Detecting CXX compiler ABI info
[0.393s] -- Detecting CXX compiler ABI info - done
[0.411s] -- Check for working CXX compiler: /home/irman/micromamba/envs/ros2_env/bin/x86_64-conda-linux-gnu-c++ - skipped
[0.411s] -- Detecting CXX compile features
[0.412s] -- Detecting CXX compile features - done
[0.425s] -- Found ament_cmake: 1.3.12 (/home/irman/micromamba/envs/ros2_env/share/ament_cmake/cmake)
[0.599s] -- Found Python3: /home/irman/micromamba/envs/ros2_env/bin/python3 (found version "3.11.14") found components: Interpreter
[0.910s] -- Configuring done (0.9s)
[0.915s] -- Generating done (0.0s)
[0.915s] [33mCMake Warning:
[0.915s]   Manually-specified variables were not used by the project:
[0.915s] 
[0.915s]     Python_EXECUTABLE
[0.915s] 
[0.915s] [0m
[0.916s] -- Build files have been written to: /home/irman/3dlidar_ros2_legged_robot_inspection/build/champ_bringup
[0.921s] Invoked command in '/home/irman/3dlidar_ros2_legged_robot_inspection/build/champ_bringup' returned '0': AMENT_PREFIX_PATH=/home/irman/3dlidar_ros2_legged_robot_inspection/install/champ_base:/home/irman/3dlidar_ros2_legged_robot_inspection/install/champ_msgs:/home/irman/3dlidar_ros2_legged_robot_inspection/install/champ_description:/home/irman/3dlidar_ros2_legged_robot_inspection/install/champ:${AMENT_PREFIX_PATH} CMAKE_PREFIX_PATH=/home/irman/3dlidar_ros2_legged_robot_inspection/install/champ_base:/home/irman/3dlidar_ros2_legged_robot_inspection/install/champ_msgs:/home/irman/3dlidar_ros2_legged_robot_inspection/install/champ_description:/home/irman/3dlidar_ros2_legged_robot_inspection/install/champ:${CMAKE_PREFIX_PATH} CONDA_PROMPT_MODIFIER=(ros2_env) DEBUGINFOD_URLS=https://debuginfod.ubuntu.com LD_LIBRARY_PATH=/home/irman/3dlidar_ros2_legged_robot_inspection/install/champ_base/lib:/home/irman/3dlidar_ros2_legged_robot_inspection/install/champ_msgs/lib:/home/irman/micromamba/envs/ros2_env/opt/rviz_ogre_vendor/lib:/home/irman/micromamba/envs/ros2_env/lib/gazebo-11/plugins PATH=/home/irman/3dlidar_ros2_legged_robot_inspection/install/champ_base/bin:${PATH} PYTHONPATH=/home/irman/3dlidar_ros2_legged_robot_inspection/install/champ_msgs/lib/python3.11/site-packages:${PYTHONPATH} /home/irman/micromamba/envs/ros2_env/bin/cmake /home/irman/3dlidar_ros2_legged_robot_inspection/src/unitree-go2-ros2/champ/champ_bringup -DPython_EXECUTABLE=/home/irman/micromamba/envs/ros2_env/bin/python3 -DCMAKE_INSTALL_PREFIX=/home/irman/3dlidar_ros2_legged_robot_inspection/install/champ_bringup
[0.922s] Invoking command in '/home/irman/3dlidar_ros2_legged_robot_inspection/build/champ_bringup': AMENT_PREFIX_PATH=/home/irman/3dlidar_ros2_legged_robot_inspection/install/champ_base:/home/irman/3dlidar_ros2_legged_robot_inspection/install/champ_msgs:/home/irman/3dlidar_ros2_legged_robot_inspection/install/champ_description:/home/irman/3dlidar_ros2_legged_robot_inspection/install/champ:${AMENT_PREFIX_PATH} CMAKE_PREFIX_PATH=/home/irman/3dlidar_ros2_legged_robot_inspection/install/champ_base:/home/irman/3dlidar_ros2_legged_robot_inspection/install/champ_msgs:/home/irman/3dlidar_ros2_legged_robot_inspection/install/champ_description:/home/irman/3dlidar_ros2_legged_robot_inspection/install/champ:${CMAKE_PREFIX_PATH} CONDA_PROMPT_MODIFIER=(ros2_env) DEBUGINFOD_URLS=https://debuginfod.ubuntu.com LD_LIBRARY_PATH=/home/irman/3dlidar_ros2_legged_robot_inspection/install/champ_base/lib:/home/irman/3dlidar_ros2_legged_robot_inspection/install/champ_msgs/lib:/home/irman/micromamba/envs/ros2_env/opt/rviz_ogre_vendor/lib:/home/irman/micromamba/envs/ros2_env/lib/gazebo-11/plugins PATH=/home/irman/3dlidar_ros2_legged_robot_inspection/install/champ_base/bin:${PATH} PYTHONPATH=/home/irman/3dlidar_ros2_legged_robot_inspection/install/champ_msgs/lib/python3.11/site-packages:${PYTHONPATH} /home/irman/micromamba/envs/ros2_env/bin/cmake --build /home/irman/3dlidar_ros2_legged_robot_inspection/build/champ_bringup -- -j16 -l16
[0.967s] Built target ament_cmake_python_copy_champ_bringup
[1.132s] running egg_info
[1.145s] creating champ_bringup.egg-info
[1.145s] writing champ_bringup.egg-info/PKG-INFO
[1.146s] writing dependency_links to champ_bringup.egg-info/dependency_links.txt
[1.146s] writing top-level names to champ_bringup.egg-info/top_level.txt
[1.146s] writing manifest file 'champ_bringup.egg-info/SOURCES.txt'
[1.183s] reading manifest file 'champ_bringup.egg-info/SOURCES.txt'
[1.183s] writing manifest file 'champ_bringup.egg-info/SOURCES.txt'
[1.210s] Built target ament_cmake_python_build_champ_bringup_egg
[1.219s] Invoked command in '/home/irman/3dlidar_ros2_legged_robot_inspection/build/champ_bringup' returned '0': AMENT_PREFIX_PATH=/home/irman/3dlidar_ros2_legged_robot_inspection/install/champ_base:/home/irman/3dlidar_ros2_legged_robot_inspection/install/champ_msgs:/home/irman/3dlidar_ros2_legged_robot_inspection/install/champ_description:/home/irman/3dlidar_ros2_legged_robot_inspection/install/champ:${AMENT_PREFIX_PATH} CMAKE_PREFIX_PATH=/home/irman/3dlidar_ros2_legged_robot_inspection/install/champ_base:/home/irman/3dlidar_ros2_legged_robot_inspection/install/champ_msgs:/home/irman/3dlidar_ros2_legged_robot_inspection/install/champ_description:/home/irman/3dlidar_ros2_legged_robot_inspection/install/champ:${CMAKE_PREFIX_PATH} CONDA_PROMPT_MODIFIER=(ros2_env) DEBUGINFOD_URLS=https://debuginfod.ubuntu.com LD_LIBRARY_PATH=/home/irman/3dlidar_ros2_legged_robot_inspection/install/champ_base/lib:/home/irman/3dlidar_ros2_legged_robot_inspection/install/champ_msgs/lib:/home/irman/micromamba/envs/ros2_env/opt/rviz_ogre_vendor/lib:/home/irman/micromamba/envs/ros2_env/lib/gazebo-11/plugins PATH=/home/irman/3dlidar_ros2_legged_robot_inspection/install/champ_base/bin:${PATH} PYTHONPATH=/home/irman/3dlidar_ros2_legged_robot_inspection/install/champ_msgs/lib/python3.11/site-packages:${PYTHONPATH} /home/irman/micromamba/envs/ros2_env/bin/cmake --build /home/irman/3dlidar_ros2_legged_robot_inspection/build/champ_bringup -- -j16 -l16
[1.220s] Invoking command in '/home/irman/3dlidar_ros2_legged_robot_inspection/build/champ_bringup': AMENT_PREFIX_PATH=/home/irman/3dlidar_ros2_legged_robot_inspection/install/champ_base:/home/irman/3dlidar_ros2_legged_robot_inspection/install/champ_msgs:/home/irman/3dlidar_ros2_legged_robot_inspection/install/champ_description:/home/irman/3dlidar_ros2_legged_robot_inspection/install/champ:${AMENT_PREFIX_PATH} CMAKE_PREFIX_PATH=/home/irman/3dlidar_ros2_legged_robot_inspection/install/champ_base:/home/irman/3dlidar_ros2_legged_robot_inspection/install/champ_msgs:/home/irman/3dlidar_ros2_legged_robot_inspection/install/champ_description:/home/irman/3dlidar_ros2_legged_robot_inspection/install/champ:${CMAKE_PREFIX_PATH} CONDA_PROMPT_MODIFIER=(ros2_env) DEBUGINFOD_URLS=https://debuginfod.ubuntu.com LD_LIBRARY_PATH=/home/irman/3dlidar_ros2_legged_robot_inspection/install/champ_base/lib:/home/irman/3dlidar_ros2_legged_robot_inspection/install/champ_msgs/lib:/home/irman/micromamba/envs/ros2_env/opt/rviz_ogre_vendor/lib:/home/irman/micromamba/envs/ros2_env/lib/gazebo-11/plugins PATH=/home/irman/3dlidar_ros2_legged_robot_inspection/install/champ_base/bin:${PATH} PYTHONPATH=/home/irman/3dlidar_ros2_legged_robot_inspection/install/champ_msgs/lib/python3.11/site-packages:${PYTHONPATH} /home/irman/micromamba/envs/ros2_env/bin/cmake --install /home/irman/3dlidar_ros2_legged_robot_inspection/build/champ_bringup
[1.227s] -- Install configuration: ""
[1.227s] -- Installing: /home/irman/3dlidar_ros2_legged_robot_inspection/install/champ_bringup/share/champ_bringup/launch
[1.227s] -- Installing: /home/irman/3dlidar_ros2_legged_robot_inspection/install/champ_bringup/share/champ_bringup/launch/bringup.launch.py
[1.227s] -- Installing: /home/irman/3dlidar_ros2_legged_robot_inspection/install/champ_bringup/share/champ_bringup/launch/include
[1.227s] -- Installing: /home/irman/3dlidar_ros2_legged_robot_inspection/install/champ_bringup/share/champ_bringup/launch/include/velocity_smoother.launch
[1.227s] -- Installing: /home/irman/3dlidar_ros2_legged_robot_inspection/install/champ_bringup/share/champ_bringup/launch/include/laser
[1.227s] -- Installing: /home/irman/3dlidar_ros2_legged_robot_inspection/install/champ_bringup/share/champ_bringup/launch/include/laser/d435.launch
[1.227s] -- Installing: /home/irman/3dlidar_ros2_legged_robot_inspection/install/champ_bringup/share/champ_bringup/launch/include/laser/realsense.launch
[1.227s] -- Installing: /home/irman/3dlidar_ros2_legged_robot_inspection/install/champ_bringup/share/champ_bringup/launch/include/laser/hokuyo.launch
[1.227s] -- Installing: /home/irman/3dlidar_ros2_legged_robot_inspection/install/champ_bringup/share/champ_bringup/launch/include/laser/ydlidar.launch
[1.228s] -- Installing: /home/irman/3dlidar_ros2_legged_robot_inspection/install/champ_bringup/share/champ_bringup/launch/include/laser/lms1xx.launch
[1.228s] -- Installing: /home/irman/3dlidar_ros2_legged_robot_inspection/install/champ_bringup/share/champ_bringup/launch/include/laser/xv11.launch
[1.228s] -- Installing: /home/irman/3dlidar_ros2_legged_robot_inspection/install/champ_bringup/share/champ_bringup/launch/include/laser/sweep.launch
[1.228s] -- Installing: /home/irman/3dlidar_ros2_legged_robot_inspection/install/champ_bringup/share/champ_bringup/launch/include/laser/sim.launch
[1.228s] -- Installing: /home/irman/3dlidar_ros2_legged_robot_inspection/install/champ_bringup/share/champ_bringup/launch/include/laser/rplidar.launch
[1.228s] -- Installing: /home/irman/3dlidar_ros2_legged_robot_inspection/install/champ_bringup/share/champ_bringup/launch/include/laser/kinect.launch
[1.228s] -- Installing: /home/irman/3dlidar_ros2_legged_robot_inspection/install/champ_bringup/share/champ_bringup/launch/joints_gui.launch.py
[1.229s] -- Installing: /home/irman/3dlidar_ros2_legged_robot_inspection/install/champ_bringup/share/champ_bringup/launch/bringup.launch
[1.229s] -- Installing: /home/irman/3dlidar_ros2_legged_robot_inspection/install/champ_bringup/share/champ_bringup/launch/joints_gui.launch
[1.229s] -- Installing: /home/irman/3dlidar_ros2_legged_robot_inspection/install/champ_bringup/share/champ_bringup/environment/pythonpath.sh
[1.229s] -- Installing: /home/irman/3dlidar_ros2_legged_robot_inspection/install/champ_bringup/share/champ_bringup/environment/pythonpath.dsv
[1.229s] -- Installing: /home/irman/3dlidar_ros2_legged_robot_inspection/install/champ_bringup/lib/python3.11/site-packages/champ_bringup-0.1.0-py3.11.egg-info
[1.229s] -- Installing: /home/irman/3dlidar_ros2_legged_robot_inspection/install/champ_bringup/lib/python3.11/site-packages/champ_bringup-0.1.0-py3.11.egg-info/dependency_links.txt
[1.229s] -- Installing: /home/irman/3dlidar_ros2_legged_robot_inspection/install/champ_bringup/lib/python3.11/site-packages/champ_bringup-0.1.0-py3.11.egg-info/SOURCES.txt
[1.230s] -- Installing: /home/irman/3dlidar_ros2_legged_robot_inspection/install/champ_bringup/lib/python3.11/site-packages/champ_bringup-0.1.0-py3.11.egg-info/top_level.txt
[1.230s] -- Installing: /home/irman/3dlidar_ros2_legged_robot_inspection/install/champ_bringup/lib/python3.11/site-packages/champ_bringup-0.1.0-py3.11.egg-info/PKG-INFO
[1.230s] -- Installing: /home/irman/3dlidar_ros2_legged_robot_inspection/install/champ_bringup/lib/python3.11/site-packages/champ_bringup
[1.230s] -- Installing: /home/irman/3dlidar_ros2_legged_robot_inspection/install/champ_bringup/lib/python3.11/site-packages/champ_bringup/joint_calibrator_relay.py
[1.230s] -- Installing: /home/irman/3dlidar_ros2_legged_robot_inspection/install/champ_bringup/lib/python3.11/site-packages/champ_bringup/__init__.py
[1.257s] Listing 'lib/python3.11/site-packages/champ_bringup'...
[1.257s] Can't list 'lib/python3.11/site-packages/champ_bringup'
[1.262s] -- Installing: /home/irman/3dlidar_ros2_legged_robot_inspection/install/champ_bringup/lib/champ_bringup/joint_calibrator_relay.py
[1.263s] -- Installing: /home/irman/3dlidar_ros2_legged_robot_inspection/install/champ_bringup/share/ament_index/resource_index/package_run_dependencies/champ_bringup
[1.263s] -- Installing: /home/irman/3dlidar_ros2_legged_robot_inspection/install/champ_bringup/share/ament_index/resource_index/parent_prefix_path/champ_bringup
[1.263s] -- Installing: /home/irman/3dlidar_ros2_legged_robot_inspection/install/champ_bringup/share/champ_bringup/environment/ament_prefix_path.sh
[1.263s] -- Installing: /home/irman/3dlidar_ros2_legged_robot_inspection/install/champ_bringup/share/champ_bringup/environment/ament_prefix_path.dsv
[1.264s] -- Installing: /home/irman/3dlidar_ros2_legged_robot_inspection/install/champ_bringup/share/champ_bringup/environment/path.sh
[1.264s] -- Installing: /home/irman/3dlidar_ros2_legged_robot_inspection/install/champ_bringup/share/champ_bringup/environment/path.dsv
[1.264s] -- Installing: /home/irman/3dlidar_ros2_legged_robot_inspection/install/champ_bringup/share/champ_bringup/local_setup.bash
[1.264s] -- Installing: /home/irman/3dlidar_ros2_legged_robot_inspection/install/champ_bringup/share/champ_bringup/local_setup.sh
[1.264s] -- Installing: /home/irman/3dlidar_ros2_legged_robot_inspection/install/champ_bringup/share/champ_bringup/local_setup.zsh
[1.264s] -- Installing: /home/irman/3dlidar_ros2_legged_robot_inspection/install/champ_bringup/share/champ_bringup/local_setup.dsv
[1.264s] -- Installing: /home/irman/3dlidar_ros2_legged_robot_inspection/install/champ_bringup/share/champ_bringup/package.dsv
[1.264s] -- Installing: /home/irman/3dlidar_ros2_legged_robot_inspection/install/champ_bringup/share/ament_index/resource_index/packages/champ_bringup
[1.265s] -- Installing: /home/irman/3dlidar_ros2_legged_robot_inspection/install/champ_bringup/share/champ_bringup/cmake/champ_bringupConfig.cmake
[1.265s] -- Installing: /home/irman/3dlidar_ros2_legged_robot_inspection/install/champ_bringup/share/champ_bringup/cmake/champ_bringupConfig-version.cmake
[1.265s] -- Installing: /home/irman/3dlidar_ros2_legged_robot_inspection/install/champ_bringup/share/champ_bringup/package.xml
[1.268s] Invoked command in '/home/irman/3dlidar_ros2_legged_robot_inspection/build/champ_bringup' returned '0': AMENT_PREFIX_PATH=/home/irman/3dlidar_ros2_legged_robot_inspection/install/champ_base:/home/irman/3dlidar_ros2_legged_robot_inspection/install/champ_msgs:/home/irman/3dlidar_ros2_legged_robot_inspection/install/champ_description:/home/irman/3dlidar_ros2_legged_robot_inspection/install/champ:${AMENT_PREFIX_PATH} CMAKE_PREFIX_PATH=/home/irman/3dlidar_ros2_legged_robot_inspection/install/champ_base:/home/irman/3dlidar_ros2_legged_robot_inspection/install/champ_msgs:/home/irman/3dlidar_ros2_legged_robot_inspection/install/champ_description:/home/irman/3dlidar_ros2_legged_robot_inspection/install/champ:${CMAKE_PREFIX_PATH} CONDA_PROMPT_MODIFIER=(ros2_env) DEBUGINFOD_URLS=https://debuginfod.ubuntu.com LD_LIBRARY_PATH=/home/irman/3dlidar_ros2_legged_robot_inspection/install/champ_base/lib:/home/irman/3dlidar_ros2_legged_robot_inspection/install/champ_msgs/lib:/home/irman/micromamba/envs/ros2_env/opt/rviz_ogre_vendor/lib:/home/irman/micromamba/envs/ros2_env/lib/gazebo-11/plugins PATH=/home/irman/3dlidar_ros2_legged_robot_inspection/install/champ_base/bin:${PATH} PYTHONPATH=/home/irman/3dlidar_ros2_legged_robot_inspection/install/champ_msgs/lib/python3.11/site-packages:${PYTHONPATH} /home/irman/micromamba/envs/ros2_env/bin/cmake --install /home/irman/3dlidar_ros2_legged_robot_inspection/build/champ_bringup
