-- Install configuration: ""
-- Up-to-date: /home/irman/3dlidar_ros2_legged_robot_inspection/install/go2_bringup/share/go2_bringup/launch
-- Up-to-date: /home/irman/3dlidar_ros2_legged_robot_inspection/install/go2_bringup/share/go2_bringup/launch/full_demo.launch.py
-- Up-to-date: /home/irman/3dlidar_ros2_legged_robot_inspection/install/go2_bringup/share/go2_bringup/rviz
-- Up-to-date: /home/irman/3dlidar_ros2_legged_robot_inspection/install/go2_bringup/share/go2_bringup/rviz/go2_slam.rviz
-- Up-to-date: /home/irman/3dlidar_ros2_legged_robot_inspection/install/go2_bringup/share/go2_bringup/config
-- Up-to-date: /home/irman/3dlidar_ros2_legged_robot_inspection/install/go2_bringup/share/go2_bringup/config/slam_params.yaml
-- Up-to-date: /home/irman/3dlidar_ros2_legged_robot_inspection/install/go2_bringup/share/go2_bringup/config/nav2_params.yaml
-- Up-to-date: /home/irman/3dlidar_ros2_legged_robot_inspection/install/go2_bringup/share/ament_index/resource_index/package_run_dependencies/go2_bringup
-- Up-to-date: /home/irman/3dlidar_ros2_legged_robot_inspection/install/go2_bringup/share/ament_index/resource_index/parent_prefix_path/go2_bringup
-- Up-to-date: /home/irman/3dlidar_ros2_legged_robot_inspection/install/go2_bringup/share/go2_bringup/environment/ament_prefix_path.sh
-- Up-to-date: /home/irman/3dlidar_ros2_legged_robot_inspection/install/go2_bringup/share/go2_bringup/environment/ament_prefix_path.dsv
-- Up-to-date: /home/irman/3dlidar_ros2_legged_robot_inspection/install/go2_bringup/share/go2_bringup/environment/path.sh
-- Up-to-date: /home/irman/3dlidar_ros2_legged_robot_inspection/install/go2_bringup/share/go2_bringup/environment/path.dsv
-- Up-to-date: /home/irman/3dlidar_ros2_legged_robot_inspection/install/go2_bringup/share/go2_bringup/local_setup.bash
-- Up-to-date: /home/irman/3dlidar_ros2_legged_robot_inspection/install/go2_bringup/share/go2_bringup/local_setup.sh
-- Up-to-date: /home/irman/3dlidar_ros2_legged_robot_inspection/install/go2_bringup/share/go2_bringup/local_setup.zsh
-- Up-to-date: /home/irman/3dlidar_ros2_legged_robot_inspection/install/go2_bringup/share/go2_bringup/local_setup.dsv
-- Installing: /home/irman/3dlidar_ros2_legged_robot_inspection/install/go2_bringup/share/go2_bringup/package.dsv
-- Up-to-date: /home/irman/3dlidar_ros2_legged_robot_inspection/install/go2_bringup/share/ament_index/resource_index/packages/go2_bringup
-- Up-to-date: /home/irman/3dlidar_ros2_legged_robot_inspection/install/go2_bringup/share/go2_bringup/cmake/go2_bringupConfig.cmake
-- Up-to-date: /home/irman/3dlidar_ros2_legged_robot_inspection/install/go2_bringup/share/go2_bringup/cmake/go2_bringupConfig-version.cmake
-- Up-to-date: /home/irman/3dlidar_ros2_legged_robot_inspection/install/go2_bringup/share/go2_bringup/package.xml
