[0.012s] Invoking command in '/home/irman/3dlidar_ros2_legged_robot_inspection/build/go2_config': CONDA_PROMPT_MODIFIER=(ros2_env) DEBUGINFOD_URLS=https://debuginfod.ubuntu.com /home/irman/micromamba/envs/ros2_env/bin/cmake /home/irman/3dlidar_ros2_legged_robot_inspection/src/unitree-go2-ros2/robots/configs/go2_config -DPython_EXECUTABLE=/home/irman/micromamba/envs/ros2_env/bin/python3 -DCMAKE_INSTALL_PREFIX=/home/irman/3dlidar_ros2_legged_robot_inspection/install/go2_config
[0.021s] [0mCMake Deprecation Warning at CMakeLists.txt:1 (cmake_minimum_required):
[0.022s]   Compatibility with CMake < 3.10 will be removed from a future version of
[0.022s]   CMake.
[0.022s] 
[0.022s]   Update the VERSION argument <min> value.  Or, use the <min>...<max> syntax
[0.022s]   to tell CMake that the project requires at least <min> but has been updated
[0.022s]   to work with policies introduced by <max> or earlier.
[0.022s] 
[0.022s] [0m
[0.028s] -- Found ament_cmake: 1.3.12 (/home/irman/micromamba/envs/ros2_env/share/ament_cmake/cmake)
[0.322s] -- Configuring done (0.3s)
[0.325s] -- Generating done (0.0s)
[0.326s] [33mCMake Warning:
[0.326s]   Manually-specified variables were not used by the project:
[0.326s] 
[0.326s]     Python_EXECUTABLE
[0.326s] 
[0.326s] [0m
[0.326s] -- Build files have been written to: /home/irman/3dlidar_ros2_legged_robot_inspection/build/go2_config
[0.329s] Invoked command in '/home/irman/3dlidar_ros2_legged_robot_inspection/build/go2_config' returned '0': CONDA_PROMPT_MODIFIER=(ros2_env) DEBUGINFOD_URLS=https://debuginfod.ubuntu.com /home/irman/micromamba/envs/ros2_env/bin/cmake /home/irman/3dlidar_ros2_legged_robot_inspection/src/unitree-go2-ros2/robots/configs/go2_config -DPython_EXECUTABLE=/home/irman/micromamba/envs/ros2_env/bin/python3 -DCMAKE_INSTALL_PREFIX=/home/irman/3dlidar_ros2_legged_robot_inspection/install/go2_config
[0.331s] Invoking command in '/home/irman/3dlidar_ros2_legged_robot_inspection/build/go2_config': CONDA_PROMPT_MODIFIER=(ros2_env) DEBUGINFOD_URLS=https://debuginfod.ubuntu.com /home/irman/micromamba/envs/ros2_env/bin/cmake --build /home/irman/3dlidar_ros2_legged_robot_inspection/build/go2_config -- -j16 -l16
[0.363s] Invoked command in '/home/irman/3dlidar_ros2_legged_robot_inspection/build/go2_config' returned '0': CONDA_PROMPT_MODIFIER=(ros2_env) DEBUGINFOD_URLS=https://debuginfod.ubuntu.com /home/irman/micromamba/envs/ros2_env/bin/cmake --build /home/irman/3dlidar_ros2_legged_robot_inspection/build/go2_config -- -j16 -l16
[0.371s] Invoking command in '/home/irman/3dlidar_ros2_legged_robot_inspection/build/go2_config': CONDA_PROMPT_MODIFIER=(ros2_env) DEBUGINFOD_URLS=https://debuginfod.ubuntu.com /home/irman/micromamba/envs/ros2_env/bin/cmake --install /home/irman/3dlidar_ros2_legged_robot_inspection/build/go2_config
[0.377s] -- Install configuration: ""
[0.378s] -- Installing: /home/irman/3dlidar_ros2_legged_robot_inspection/install/go2_config/share/go2_config/launch
[0.378s] -- Installing: /home/irman/3dlidar_ros2_legged_robot_inspection/install/go2_config/share/go2_config/launch/bringup.launch.py
[0.378s] -- Installing: /home/irman/3dlidar_ros2_legged_robot_inspection/install/go2_config/share/go2_config/launch/gazebo_velodyne.launch.py
[0.378s] -- Installing: /home/irman/3dlidar_ros2_legged_robot_inspection/install/go2_config/share/go2_config/launch/gazebo.launch.py
[0.379s] -- Installing: /home/irman/3dlidar_ros2_legged_robot_inspection/install/go2_config/share/go2_config/launch/slam.launch.py
[0.379s] -- Installing: /home/irman/3dlidar_ros2_legged_robot_inspection/install/go2_config/share/go2_config/launch/navigate.launch.py
[0.379s] -- Installing: /home/irman/3dlidar_ros2_legged_robot_inspection/install/go2_config/share/go2_config/config
[0.379s] -- Installing: /home/irman/3dlidar_ros2_legged_robot_inspection/install/go2_config/share/go2_config/config/joints
[0.379s] -- Installing: /home/irman/3dlidar_ros2_legged_robot_inspection/install/go2_config/share/go2_config/config/joints/joints.yaml
[0.380s] -- Installing: /home/irman/3dlidar_ros2_legged_robot_inspection/install/go2_config/share/go2_config/config/ros_control
[0.380s] -- Installing: /home/irman/3dlidar_ros2_legged_robot_inspection/install/go2_config/share/go2_config/config/ros_control/ros_control.yaml
[0.380s] -- Installing: /home/irman/3dlidar_ros2_legged_robot_inspection/install/go2_config/share/go2_config/config/autonomy
[0.380s] -- Installing: /home/irman/3dlidar_ros2_legged_robot_inspection/install/go2_config/share/go2_config/config/autonomy/navigation.yaml
[0.380s] -- Installing: /home/irman/3dlidar_ros2_legged_robot_inspection/install/go2_config/share/go2_config/config/autonomy/slam.yaml
[0.380s] -- Installing: /home/irman/3dlidar_ros2_legged_robot_inspection/install/go2_config/share/go2_config/config/links
[0.381s] -- Installing: /home/irman/3dlidar_ros2_legged_robot_inspection/install/go2_config/share/go2_config/config/links/links.yaml
[0.381s] -- Installing: /home/irman/3dlidar_ros2_legged_robot_inspection/install/go2_config/share/go2_config/config/gait
[0.381s] -- Installing: /home/irman/3dlidar_ros2_legged_robot_inspection/install/go2_config/share/go2_config/config/gait/gait.yaml
[0.381s] -- Installing: /home/irman/3dlidar_ros2_legged_robot_inspection/install/go2_config/share/go2_config/maps
[0.381s] -- Installing: /home/irman/3dlidar_ros2_legged_robot_inspection/install/go2_config/share/go2_config/maps/playground.yaml
[0.381s] -- Installing: /home/irman/3dlidar_ros2_legged_robot_inspection/install/go2_config/share/go2_config/maps/map.pgm
[0.387s] -- Installing: /home/irman/3dlidar_ros2_legged_robot_inspection/install/go2_config/share/go2_config/maps/playground.pgm
[0.387s] -- Installing: /home/irman/3dlidar_ros2_legged_robot_inspection/install/go2_config/share/go2_config/maps/map.yaml
[0.388s] -- Installing: /home/irman/3dlidar_ros2_legged_robot_inspection/install/go2_config/share/go2_config/worlds
[0.388s] -- Installing: /home/irman/3dlidar_ros2_legged_robot_inspection/install/go2_config/share/go2_config/worlds/outdoor.world
[0.388s] -- Installing: /home/irman/3dlidar_ros2_legged_robot_inspection/install/go2_config/share/go2_config/worlds/playground.world
[0.389s] -- Installing: /home/irman/3dlidar_ros2_legged_robot_inspection/install/go2_config/share/go2_config/worlds/warehouse.world
[0.389s] -- Installing: /home/irman/3dlidar_ros2_legged_robot_inspection/install/go2_config/share/go2_config/worlds/factory.world
[0.389s] -- Installing: /home/irman/3dlidar_ros2_legged_robot_inspection/install/go2_config/share/go2_config/worlds/default.world
[0.389s] -- Installing: /home/irman/3dlidar_ros2_legged_robot_inspection/install/go2_config/share/ament_index/resource_index/package_run_dependencies/go2_config
[0.390s] -- Installing: /home/irman/3dlidar_ros2_legged_robot_inspection/install/go2_config/share/ament_index/resource_index/parent_prefix_path/go2_config
[0.390s] -- Installing: /home/irman/3dlidar_ros2_legged_robot_inspection/install/go2_config/share/go2_config/environment/ament_prefix_path.sh
[0.390s] -- Installing: /home/irman/3dlidar_ros2_legged_robot_inspection/install/go2_config/share/go2_config/environment/ament_prefix_path.dsv
[0.390s] -- Installing: /home/irman/3dlidar_ros2_legged_robot_inspection/install/go2_config/share/go2_config/environment/path.sh
[0.390s] -- Installing: /home/irman/3dlidar_ros2_legged_robot_inspection/install/go2_config/share/go2_config/environment/path.dsv
[0.390s] -- Installing: /home/irman/3dlidar_ros2_legged_robot_inspection/install/go2_config/share/go2_config/local_setup.bash
[0.390s] -- Installing: /home/irman/3dlidar_ros2_legged_robot_inspection/install/go2_config/share/go2_config/local_setup.sh
[0.390s] -- Installing: /home/irman/3dlidar_ros2_legged_robot_inspection/install/go2_config/share/go2_config/local_setup.zsh
[0.391s] -- Installing: /home/irman/3dlidar_ros2_legged_robot_inspection/install/go2_config/share/go2_config/local_setup.dsv
[0.391s] -- Installing: /home/irman/3dlidar_ros2_legged_robot_inspection/install/go2_config/share/go2_config/package.dsv
[0.391s] -- Installing: /home/irman/3dlidar_ros2_legged_robot_inspection/install/go2_config/share/ament_index/resource_index/packages/go2_config
[0.391s] -- Installing: /home/irman/3dlidar_ros2_legged_robot_inspection/install/go2_config/share/go2_config/cmake/go2_configConfig.cmake
[0.391s] -- Installing: /home/irman/3dlidar_ros2_legged_robot_inspection/install/go2_config/share/go2_config/cmake/go2_configConfig-version.cmake
[0.391s] -- Installing: /home/irman/3dlidar_ros2_legged_robot_inspection/install/go2_config/share/go2_config/package.xml
[0.393s] Invoked command in '/home/irman/3dlidar_ros2_legged_robot_inspection/build/go2_config' returned '0': CONDA_PROMPT_MODIFIER=(ros2_env) DEBUGINFOD_URLS=https://debuginfod.ubuntu.com /home/irman/micromamba/envs/ros2_env/bin/cmake --install /home/irman/3dlidar_ros2_legged_robot_inspection/build/go2_config
